Archive member included to satisfy reference by file (symbol)

C:\Users\Joey\Documents\LPCXpresso_8.2.2_650\MATE_Workspace\lpc_board_nxp_lpcxpresso_824\Debug\liblpc_board_nxp_lpcxpresso_824.a(board.o)
                              ./example/src/spi_sm_int.o (Board_LED_Toggle)
C:\Users\Joey\Documents\LPCXpresso_8.2.2_650\MATE_Workspace\lpc_board_nxp_lpcxpresso_824\Debug\liblpc_board_nxp_lpcxpresso_824.a(board_sysinit.o)
                              ./example/src/sysinit.o (Board_SystemInit)
C:\Users\Joey\Documents\LPCXpresso_8.2.2_650\MATE_Workspace\lpc_chip_82x\Debug\liblpc_chip_82x.a(chip_8xx.o)
                              ./example/src/spi_sm_int.o (SystemCoreClockUpdate)
C:\Users\Joey\Documents\LPCXpresso_8.2.2_650\MATE_Workspace\lpc_chip_82x\Debug\liblpc_chip_82x.a(clock_8xx.o)
                              C:\Users\Joey\Documents\LPCXpresso_8.2.2_650\MATE_Workspace\lpc_chip_82x\Debug\liblpc_chip_82x.a(chip_8xx.o) (Chip_Clock_GetSystemClockRate)
C:\Users\Joey\Documents\LPCXpresso_8.2.2_650\MATE_Workspace\lpc_chip_82x\Debug\liblpc_chip_82x.a(gpio_8xx.o)
                              C:\Users\Joey\Documents\LPCXpresso_8.2.2_650\MATE_Workspace\lpc_board_nxp_lpcxpresso_824\Debug\liblpc_board_nxp_lpcxpresso_824.a(board.o) (Chip_GPIO_Init)
C:\Users\Joey\Documents\LPCXpresso_8.2.2_650\MATE_Workspace\lpc_chip_82x\Debug\liblpc_chip_82x.a(spim_8xx.o)
                              ./example/src/spi_sm_int.o (Chip_SPIM_SetClockRate)
C:\Users\Joey\Documents\LPCXpresso_8.2.2_650\MATE_Workspace\lpc_chip_82x\Debug\liblpc_chip_82x.a(spis_8xx.o)
                              ./example/src/spi_sm_int.o (Chip_SPIS_XferHandler)
C:\Users\Joey\Documents\LPCXpresso_8.2.2_650\MATE_Workspace\lpc_chip_82x\Debug\liblpc_chip_82x.a(stopwatch_8xx.o)
                              ./example/src/spi_sm_int.o (StopWatch_Init)
C:\Users\Joey\Documents\LPCXpresso_8.2.2_650\MATE_Workspace\lpc_chip_82x\Debug\liblpc_chip_82x.a(swm_8xx.o)
                              ./example/src/spi_sm_int.o (Chip_SWM_MovablePinAssign)
C:\Users\Joey\Documents\LPCXpresso_8.2.2_650\MATE_Workspace\lpc_chip_82x\Debug\liblpc_chip_82x.a(sysinit_8xx.o)
                              C:\Users\Joey\Documents\LPCXpresso_8.2.2_650\MATE_Workspace\lpc_board_nxp_lpcxpresso_824\Debug\liblpc_board_nxp_lpcxpresso_824.a(board_sysinit.o) (Chip_SetupIrcClocking)
C:\Users\Joey\Documents\LPCXpresso_8.2.2_650\MATE_Workspace\lpc_chip_82x\Debug\liblpc_chip_82x.a(uart_8xx.o)
                              C:\Users\Joey\Documents\LPCXpresso_8.2.2_650\MATE_Workspace\lpc_board_nxp_lpcxpresso_824\Debug\liblpc_board_nxp_lpcxpresso_824.a(board.o) (Chip_UART_Init)
C:\Users\Joey\Documents\LPCXpresso_8.2.2_650\MATE_Workspace\lpc_chip_82x\Debug\liblpc_chip_82x.a(irc_8xx.o)
                              C:\Users\Joey\Documents\LPCXpresso_8.2.2_650\MATE_Workspace\lpc_chip_82x\Debug\liblpc_chip_82x.a(sysinit_8xx.o) (Chip_IRC_SetFreq)
C:\Users\Joey\Documents\LPCXpresso_8.2.2_650\MATE_Workspace\lpc_chip_82x\Debug\liblpc_chip_82x.a(ring_buffer.o)
                              C:\Users\Joey\Documents\LPCXpresso_8.2.2_650\MATE_Workspace\lpc_chip_82x\Debug\liblpc_chip_82x.a(uart_8xx.o) (RingBuffer_Insert)
C:\Users\Joey\Documents\LPCXpresso_8.2.2_650\MATE_Workspace\lpc_chip_82x\Debug\liblpc_chip_82x.a(syscon_8xx.o)
                              C:\Users\Joey\Documents\LPCXpresso_8.2.2_650\MATE_Workspace\lpc_chip_82x\Debug\liblpc_chip_82x.a(sysinit_8xx.o) (Chip_SYSCTL_PowerDown)
c:/nxp/lpcxpresso_8.2.2_650/lpcxpresso/tools/bin/../lib/gcc/arm-none-eabi/5.4.1/../../../../arm-none-eabi/lib/armv6-m\libcr_nohost.a(_cr__main.o)
                              ./example/src/cr_startup_lpc82x.o (__main)
c:/nxp/lpcxpresso_8.2.2_650/lpcxpresso/tools/bin/../lib/gcc/arm-none-eabi/5.4.1/../../../../arm-none-eabi/lib/armv6-m\libcr_c.a(memcpy.o)
                              C:\Users\Joey\Documents\LPCXpresso_8.2.2_650\MATE_Workspace\lpc_chip_82x\Debug\liblpc_chip_82x.a(ring_buffer.o) (memcpy)
c:/nxp/lpcxpresso_8.2.2_650/lpcxpresso/tools/bin/../lib/gcc/arm-none-eabi/5.4.1/../../../../arm-none-eabi/lib/armv6-m\libcr_c.a(initio.o)
                              c:/nxp/lpcxpresso_8.2.2_650/lpcxpresso/tools/bin/../lib/gcc/arm-none-eabi/5.4.1/../../../../arm-none-eabi/lib/armv6-m\libcr_nohost.a(_cr__main.o) (_initio)
c:/nxp/lpcxpresso_8.2.2_650/lpcxpresso/tools/bin/../lib/gcc/arm-none-eabi/5.4.1/../../../../arm-none-eabi/lib/armv6-m\libcr_c.a(setvbuf.o)
                              c:/nxp/lpcxpresso_8.2.2_650/lpcxpresso/tools/bin/../lib/gcc/arm-none-eabi/5.4.1/../../../../arm-none-eabi/lib/armv6-m\libcr_c.a(initio.o) (setvbuf)
c:/nxp/lpcxpresso_8.2.2_650/lpcxpresso/tools/bin/../lib/gcc/arm-none-eabi/5.4.1/../../../../arm-none-eabi/lib/armv6-m\libcr_c.a(stdio.o)
                              c:/nxp/lpcxpresso_8.2.2_650/lpcxpresso/tools/bin/../lib/gcc/arm-none-eabi/5.4.1/../../../../arm-none-eabi/lib/armv6-m\libcr_c.a(initio.o) (__Ciob)
[...]
Memory Configuration

Name             Origin             Length             Attributes
MFlash32         0x00000000         0x00008000         xr
RamLoc8          0x10000000         0x00002000         xrw
*default*        0x00000000         0xffffffff

Linker script and memory map

LOAD ./example/src/cr_startup_lpc82x.o
LOAD ./example/src/crp.o
LOAD ./example/src/mtb.o
LOAD ./example/src/spi_sm_int.o
LOAD ./example/src/sysinit.o
LOAD C:\Users\Joey\Documents\LPCXpresso_8.2.2_650\MATE_Workspace\lpc_board_nxp_lpcxpresso_824\Debug\liblpc_board_nxp_lpcxpresso_824.a
LOAD C:\Users\Joey\Documents\LPCXpresso_8.2.2_650\MATE_Workspace\lpc_chip_82x\Debug\liblpc_chip_82x.a
START GROUP
LOAD c:/nxp/lpcxpresso_8.2.2_650/lpcxpresso/tools/bin/../lib/gcc/arm-none-eabi/5.4.1/../../../../arm-none-eabi/lib/armv6-m\libcr_nohost.a
LOAD c:/nxp/lpcxpresso_8.2.2_650/lpcxpresso/tools/bin/../lib/gcc/arm-none-eabi/5.4.1/../../../../arm-none-eabi/lib/armv6-m\libcr_c.a
LOAD c:/nxp/lpcxpresso_8.2.2_650/lpcxpresso/tools/bin/../lib/gcc/arm-none-eabi/5.4.1/armv6-m\libcr_eabihelpers.a
END GROUP
                0x00000000                __base_MFlash32 = 0x0
                0x00000000                __base_Flash = 0x0
                0x00008000                __top_MFlash32 = 0x8000
                0x00008000                __top_Flash = 0x8000
                0x10000000                __base_RamLoc8 = 0x10000000
                0x10000000                __base_RAM = 0x10000000
                0x10002000                __top_RamLoc8 = 0x10002000
                0x10002000                __top_RAM = 0x10002000

.text           0x00000000     0x2fb4
 FILL mask 0xff
                0x00000000                __vectors_start__ = ABSOLUTE (.)
 *(.isr_vector)
 .isr_vector    0x00000000       0xc0 ./example/src/cr_startup_lpc82x.o
                0x00000000                g_pfnVectors
                0x000000c0                . = ALIGN (0x4)
                0x000000c0                __section_table_start = .
                0x000000c0                __data_section_table = .
                0x000000c0        0x4 LONG 0x2fb4 LOADADDR (.data)
                0x000000c4        0x4 LONG 0x10000080 ADDR (.data)
                0x000000c8        0x4 LONG 0x0 SIZEOF (.data)
                0x000000cc                __data_section_table_end = .
                0x000000cc                __bss_section_table = .
                0x000000cc        0x4 LONG 0x10000080 ADDR (.bss)
                0x000000d0        0x4 LONG 0x224 SIZEOF (.bss)
                0x000000d4                __bss_section_table_end = .
                0x000000d4                __section_table_end = .
 *(.after_vectors*)
 .after_vectors
                0x000000d4      0x124 ./example/src/cr_startup_lpc82x.o
                0x000000d4                data_init
                0x00000114                bss_init
                0x00000148                ResetISR
                0x000001c8                NMI_Handler
                0x000001d0                HardFault_Handler
                0x000001d8                SVC_Handler
                0x000001e0                PendSV_Handler
                0x000001e8                SysTick_Handler
                0x000001f0                UART1_IRQHandler
                0x000001f0                ADC_SEQB_IRQHandler
                0x000001f0                UART0_IRQHandler
                0x000001f0                I2C1_IRQHandler
                0x000001f0                MRT_IRQHandler
                0x000001f0                PIN_INT6_IRQHandler
                0x000001f0                IntDefaultHandler
                0x000001f0                PIN_INT4_IRQHandler
                0x000001f0                I2C0_IRQHandler
                0x000001f0                I2C2_IRQHandler
                0x000001f0                CMP_IRQHandler
                0x000001f0                UART2_IRQHandler
                0x000001f0                PIN_INT5_IRQHandler
                0x000001f0                PIN_INT2_IRQHandler
                0x000001f0                PIN_INT7_IRQHandler
                0x000001f0                ADC_THCMP_IRQHandler
                0x000001f0                PIN_INT1_IRQHandler
                0x000001f0                BOD_IRQHandler
                0x000001f0                I2C3_IRQHandler
                0x000001f0                SCT_IRQHandler
                0x000001f0                WDT_IRQHandler
                0x000001f0                WKT_IRQHandler
                0x000001f0                ADC_SEQA_IRQHandler
                0x000001f0                PIN_INT0_IRQHandler
                0x000001f0                ADC_OVR_IRQHandler
                0x000001f0                DMA_IRQHandler
                0x000001f0                PIN_INT3_IRQHandler
                0x000001f0                FLASH_IRQHandler
                0x000002fc                . = 0x2fc
 *fill*         0x000001f8      0x104 ff
                0x000002fc                PROVIDE (__CRP_WORD_START__, .)
 *(.crp)
 .crp           0x000002fc        0x4 ./example/src/crp.o
                0x000002fc                CRP_WORD
                0x00000300                PROVIDE (__CRP_WORD_END__, .)
                0x00000001                ASSERT (! ((__CRP_WORD_START__ == __CRP_WORD_END__)), Linker CRP Enabled, but no CRP_WORD provided within application)
 *(.text*)
 .text.NVIC_EnableIRQ
                0x00000300       0x2c ./example/src/spi_sm_int.o
 .text.Chip_SYSCTL_AssertPeriphReset
                0x0000032c       0x38 ./example/src/spi_sm_int.o
 .text.Chip_SYSCTL_DeassertPeriphReset
                0x00000364       0x38 ./example/src/spi_sm_int.o
 .text.Chip_SYSCTL_PeriphReset
                0x0000039c       0x28 ./example/src/spi_sm_int.o
 .text.Chip_Clock_EnablePeriphClock
                0x000003c4       0x3c ./example/src/spi_sm_int.o
 .text.Chip_Clock_DisablePeriphClock
                0x00000400       0x3c ./example/src/spi_sm_int.o
 .text.Chip_SPI_SetCFGRegBits
                0x0000043c       0x24 ./example/src/spi_sm_int.o
 .text.Chip_SPI_ClearCFGRegBits
                0x00000460       0x28 ./example/src/spi_sm_int.o
 .text.Chip_SPI_Init
                0x00000488       0x38 ./example/src/spi_sm_int.o
 .text.Chip_SPI_Disable
                0x000004c0       0x1c ./example/src/spi_sm_int.o
 .text.Chip_SPI_Enable
                0x000004dc       0x1c ./example/src/spi_sm_int.o
 .text.Chip_SPI_ConfigureSPI
                0x000004f8       0x30 ./example/src/spi_sm_int.o
 .text.Chip_SPI_EnableInts
                0x00000528       0x18 ./example/src/spi_sm_int.o
 .text.Chip_SPI_GetPendingInts
                0x00000540       0x18 ./example/src/spi_sm_int.o
 .text.Chip_SPI_FlushFifos
                0x00000558       0x20 ./example/src/spi_sm_int.o
 .text.Chip_SPI_SetTXCTRLRegBits
                0x00000578       0x28 ./example/src/spi_sm_int.o
 .text.Chip_SPI_ClearTXCTRLRegBits
                0x000005a0       0x28 ./example/src/spi_sm_int.o
 .text.Chip_SPI_SetXferSize
                0x000005c8       0x38 ./example/src/spi_sm_int.o
 .text.Chip_SPIS_PreBuffSlave
                0x00000600       0x20 ./example/src/spi_sm_int.o
 .text.StopWatch_Elapsed
                0x00000620       0x1c ./example/src/spi_sm_int.o
 .text.Hex2Str  0x0000063c       0x60 ./example/src/spi_sm_int.o
 .text.Print_Val
                0x0000069c       0x54 ./example/src/spi_sm_int.o
 .text.Print_Val16
                0x000006f0       0x98 ./example/src/spi_sm_int.o
 .text.Init_SPI_PinMux
                0x00000788       0x58 ./example/src/spi_sm_int.o
 .text.SPISlaveAssert
                0x000007e0       0x10 ./example/src/spi_sm_int.o
 .text.SPISlaveSendData
                0x000007f0       0x10 ./example/src/spi_sm_int.o
 .text.SPISlaveRecvData
                0x00000800       0x10 ./example/src/spi_sm_int.o
 .text.SPISlaveDeAssert
                0x00000810       0x1c ./example/src/spi_sm_int.o
 .text.SPIMasterAssert
                0x0000082c       0x10 ./example/src/spi_sm_int.o
 .text.SPIMasterSendData
                0x0000083c       0x10 ./example/src/spi_sm_int.o
 .text.SPIMasterRecvData
                0x0000084c       0x10 ./example/src/spi_sm_int.o
 .text.SPIMasterDeAssert
                0x0000085c       0x10 ./example/src/spi_sm_int.o
 .text.SPIMasterDone
                0x0000086c       0x1c ./example/src/spi_sm_int.o
 .text.bufferInit
                0x00000888       0x7c ./example/src/spi_sm_int.o
 .text.showData
                0x00000904       0x70 ./example/src/spi_sm_int.o
                0x00000904                showData
 .text.setupMaster
                0x00000974       0x70 ./example/src/spi_sm_int.o
 .text.setupSlave
                0x000009e4       0x4c ./example/src/spi_sm_int.o
 .text.SPI0_IRQHandler
                0x00000a30       0x38 ./example/src/spi_sm_int.o
                0x00000a30                SPI0_IRQHandler
 .text.SPI1_IRQHandler
                0x00000a68       0x48 ./example/src/spi_sm_int.o
                0x00000a68                SPI1_IRQHandler
 .text.main     0x00000ab0      0x1a8 ./example/src/spi_sm_int.o
                0x00000ab0                main
 .text.SystemInit
                0x00000c58       0x10 ./example/src/sysinit.o
                0x00000c58                SystemInit
 .text.Chip_Clock_EnablePeriphClock
                0x00000c68       0x3c C:\Users\Joey\Documents\LPCXpresso_8.2.2_650\MATE_Workspace\lpc_board_nxp_lpcxpresso_824\Debug\liblpc_board_nxp_lpcxpresso_824.a(board.o)
 .text.Chip_Clock_DisablePeriphClock
                0x00000ca4       0x3c C:\Users\Joey\Documents\LPCXpresso_8.2.2_650\MATE_Workspace\lpc_board_nxp_lpcxpresso_824\Debug\liblpc_board_nxp_lpcxpresso_824.a(board.o)
 .text.Chip_Clock_SetUARTClockDiv
                0x00000ce0       0x1c C:\Users\Joey\Documents\LPCXpresso_8.2.2_650\MATE_Workspace\lpc_board_nxp_lpcxpresso_824\Debug\liblpc_board_nxp_lpcxpresso_824.a(board.o)
 .text.Chip_SWM_DisableFixedPin
                0x00000cfc       0x3c C:\Users\Joey\Documents\LPCXpresso_8.2.2_650\MATE_Workspace\lpc_board_nxp_lpcxpresso_824\Debug\liblpc_board_nxp_lpcxpresso_824.a(board.o)
 .text.Chip_GPIO_SetPinState
                0x00000d38       0x40 C:\Users\Joey\Documents\LPCXpresso_8.2.2_650\MATE_Workspace\lpc_board_nxp_lpcxpresso_824\Debug\liblpc_board_nxp_lpcxpresso_824.a(board.o)
 .text.Chip_GPIO_SetPinDIROutput
                0x00000d78       0x3c C:\Users\Joey\Documents\LPCXpresso_8.2.2_650\MATE_Workspace\lpc_board_nxp_lpcxpresso_824\Debug\liblpc_board_nxp_lpcxpresso_824.a(board.o)
 .text.Chip_GPIO_SetPinToggle
                0x00000db4       0x40 C:\Users\Joey\Documents\LPCXpresso_8.2.2_650\MATE_Workspace\lpc_board_nxp_lpcxpresso_824\Debug\liblpc_board_nxp_lpcxpresso_824.a(board.o)
 .text.Chip_UART_Enable
                0x00000df4       0x24 C:\Users\Joey\Documents\LPCXpresso_8.2.2_650\MATE_Workspace\lpc_board_nxp_lpcxpresso_824\Debug\liblpc_board_nxp_lpcxpresso_824.a(board.o)
 .text.Chip_UART_TXEnable
                0x00000e18       0x20 C:\Users\Joey\Documents\LPCXpresso_8.2.2_650\MATE_Workspace\lpc_board_nxp_lpcxpresso_824\Debug\liblpc_board_nxp_lpcxpresso_824.a(board.o)
 .text.Chip_UART_ConfigData
                0x00000e38       0x2c C:\Users\Joey\Documents\LPCXpresso_8.2.2_650\MATE_Workspace\lpc_board_nxp_lpcxpresso_824\Debug\liblpc_board_nxp_lpcxpresso_824.a(board.o)
 .text.__sys_write
                0x00000e64       0x38 C:\Users\Joey\Documents\LPCXpresso_8.2.2_650\MATE_Workspace\lpc_board_nxp_lpcxpresso_824\Debug\liblpc_board_nxp_lpcxpresso_824.a(board.o)
                0x00000e64                __sys_write
 .text.Board_LED_Init
                0x00000e9c       0x4c C:\Users\Joey\Documents\LPCXpresso_8.2.2_650\MATE_Workspace\lpc_board_nxp_lpcxpresso_824\Debug\liblpc_board_nxp_lpcxpresso_824.a(board.o)
 .text.Board_UART_Init
                0x00000ee8       0x38 C:\Users\Joey\Documents\LPCXpresso_8.2.2_650\MATE_Workspace\lpc_board_nxp_lpcxpresso_824\Debug\liblpc_board_nxp_lpcxpresso_824.a(board.o)
 .text.Board_LED_Toggle
                0x00000f20       0x34 C:\Users\Joey\Documents\LPCXpresso_8.2.2_650\MATE_Workspace\lpc_board_nxp_lpcxpresso_824\Debug\liblpc_board_nxp_lpcxpresso_824.a(board.o)
                0x00000f20                Board_LED_Toggle
 .text.Board_UARTPutChar
                0x00000f54       0x24 C:\Users\Joey\Documents\LPCXpresso_8.2.2_650\MATE_Workspace\lpc_board_nxp_lpcxpresso_824\Debug\liblpc_board_nxp_lpcxpresso_824.a(board.o)
                0x00000f54                Board_UARTPutChar
 .text.Board_UARTPutSTR
                0x00000f78       0x28 C:\Users\Joey\Documents\LPCXpresso_8.2.2_650\MATE_Workspace\lpc_board_nxp_lpcxpresso_824\Debug\liblpc_board_nxp_lpcxpresso_824.a(board.o)
                0x00000f78                Board_UARTPutSTR
 .text.Board_Debug_Init
                0x00000fa0       0x50 C:\Users\Joey\Documents\LPCXpresso_8.2.2_650\MATE_Workspace\lpc_board_nxp_lpcxpresso_824\Debug\liblpc_board_nxp_lpcxpresso_824.a(board.o)
                0x00000fa0                Board_Debug_Init
 .text.Board_Init
                0x00000ff0       0x1c C:\Users\Joey\Documents\LPCXpresso_8.2.2_650\MATE_Workspace\lpc_board_nxp_lpcxpresso_824\Debug\liblpc_board_nxp_lpcxpresso_824.a(board.o)
                0x00000ff0                Board_Init
 .text.Chip_Clock_EnablePeriphClock
                0x0000100c       0x3c C:\Users\Joey\Documents\LPCXpresso_8.2.2_650\MATE_Workspace\lpc_board_nxp_lpcxpresso_824\Debug\liblpc_board_nxp_lpcxpresso_824.a(board_sysinit.o)
 .text.Board_SetupMuxing
                0x00001048       0x10 C:\Users\Joey\Documents\LPCXpresso_8.2.2_650\MATE_Workspace\lpc_board_nxp_lpcxpresso_824\Debug\liblpc_board_nxp_lpcxpresso_824.a(board_sysinit.o)
                0x00001048                Board_SetupMuxing
 .text.Board_SetupClocking
                0x00001058       0x10 C:\Users\Joey\Documents\LPCXpresso_8.2.2_650\MATE_Workspace\lpc_board_nxp_lpcxpresso_824\Debug\liblpc_board_nxp_lpcxpresso_824.a(board_sysinit.o)
                0x00001058                Board_SetupClocking
 .text.Board_SystemInit
                0x00001068       0x14 C:\Users\Joey\Documents\LPCXpresso_8.2.2_650\MATE_Workspace\lpc_board_nxp_lpcxpresso_824\Debug\liblpc_board_nxp_lpcxpresso_824.a(board_sysinit.o)
                0x00001068                Board_SystemInit
 .text.SystemCoreClockUpdate
                0x0000107c       0x18 C:\Users\Joey\Documents\LPCXpresso_8.2.2_650\MATE_Workspace\lpc_chip_82x\Debug\liblpc_chip_82x.a(chip_8xx.o)
                0x0000107c                SystemCoreClockUpdate
 .text.Chip_SYSCTL_AssertPeriphReset
                0x00001094       0x38 C:\Users\Joey\Documents\LPCXpresso_8.2.2_650\MATE_Workspace\lpc_chip_82x\Debug\liblpc_chip_82x.a(clock_8xx.o)
 .text.Chip_SYSCTL_DeassertPeriphReset
                0x000010cc       0x38 C:\Users\Joey\Documents\LPCXpresso_8.2.2_650\MATE_Workspace\lpc_chip_82x\Debug\liblpc_chip_82x.a(clock_8xx.o)
 .text.Chip_SYSCTL_PeriphReset
                0x00001104       0x28 C:\Users\Joey\Documents\LPCXpresso_8.2.2_650\MATE_Workspace\lpc_chip_82x\Debug\liblpc_chip_82x.a(clock_8xx.o)
 .text.Chip_Clock_SetUARTClockDiv
                0x0000112c       0x1c C:\Users\Joey\Documents\LPCXpresso_8.2.2_650\MATE_Workspace\lpc_chip_82x\Debug\liblpc_chip_82x.a(clock_8xx.o)
 .text.Chip_Clock_GetUARTClockDiv
                0x00001148       0x18 C:\Users\Joey\Documents\LPCXpresso_8.2.2_650\MATE_Workspace\lpc_chip_82x\Debug\liblpc_chip_82x.a(clock_8xx.o)
 .text.Chip_SYSCTL_SetUSARTFRGDivider
                0x00001160       0x24 C:\Users\Joey\Documents\LPCXpresso_8.2.2_650\MATE_Workspace\lpc_chip_82x\Debug\liblpc_chip_82x.a(clock_8xx.o)
 .text.Chip_SYSCTL_GetUSARTFRGDivider
                0x00001184       0x18 C:\Users\Joey\Documents\LPCXpresso_8.2.2_650\MATE_Workspace\lpc_chip_82x\Debug\liblpc_chip_82x.a(clock_8xx.o)
 .text.Chip_SYSCTL_SetUSARTFRGMultiplier
                0x0000119c       0x24 C:\Users\Joey\Documents\LPCXpresso_8.2.2_650\MATE_Workspace\lpc_chip_82x\Debug\liblpc_chip_82x.a(clock_8xx.o)
 .text.Chip_SYSCTL_GetUSARTFRGMultiplier
                0x000011c0       0x18 C:\Users\Joey\Documents\LPCXpresso_8.2.2_650\MATE_Workspace\lpc_chip_82x\Debug\liblpc_chip_82x.a(clock_8xx.o)
 .text.Chip_Clock_GetMainOscRate
                0x000011d8       0x14 C:\Users\Joey\Documents\LPCXpresso_8.2.2_650\MATE_Workspace\lpc_chip_82x\Debug\liblpc_chip_82x.a(clock_8xx.o)
 .text.Chip_Clock_GetIntOscRate
                0x000011ec       0x10 C:\Users\Joey\Documents\LPCXpresso_8.2.2_650\MATE_Workspace\lpc_chip_82x\Debug\liblpc_chip_82x.a(clock_8xx.o)
 .text.Chip_Clock_GetExtClockInRate
                0x000011fc       0x14 C:\Users\Joey\Documents\LPCXpresso_8.2.2_650\MATE_Workspace\lpc_chip_82x\Debug\liblpc_chip_82x.a(clock_8xx.o)
 .text.Chip_Clock_GetWDTLFORate
                0x00001210       0x48 C:\Users\Joey\Documents\LPCXpresso_8.2.2_650\MATE_Workspace\lpc_chip_82x\Debug\liblpc_chip_82x.a(clock_8xx.o)
 .text.Chip_Clock_GetPLLFreq
                0x00001258       0x24 C:\Users\Joey\Documents\LPCXpresso_8.2.2_650\MATE_Workspace\lpc_chip_82x\Debug\liblpc_chip_82x.a(clock_8xx.o)
 .text.Chip_Clock_SetSystemPLLSource
                0x0000127c       0x2c C:\Users\Joey\Documents\LPCXpresso_8.2.2_650\MATE_Workspace\lpc_chip_82x\Debug\liblpc_chip_82x.a(clock_8xx.o)
                0x0000127c                Chip_Clock_SetSystemPLLSource
 .text.Chip_Clock_SetMainClockSource
                0x000012a8       0x2c C:\Users\Joey\Documents\LPCXpresso_8.2.2_650\MATE_Workspace\lpc_chip_82x\Debug\liblpc_chip_82x.a(clock_8xx.o)
                0x000012a8                Chip_Clock_SetMainClockSource
 .text.Chip_Clock_GetWDTOSCRate
                0x000012d4       0x20 C:\Users\Joey\Documents\LPCXpresso_8.2.2_650\MATE_Workspace\lpc_chip_82x\Debug\liblpc_chip_82x.a(clock_8xx.o)
                0x000012d4                Chip_Clock_GetWDTOSCRate
 .text.Chip_Clock_GetSystemPLLInClockRate
                0x000012f4       0x4c C:\Users\Joey\Documents\LPCXpresso_8.2.2_650\MATE_Workspace\lpc_chip_82x\Debug\liblpc_chip_82x.a(clock_8xx.o)
                0x000012f4                Chip_Clock_GetSystemPLLInClockRate
 .text.Chip_Clock_GetSystemPLLOutClockRate
                0x00001340       0x28 C:\Users\Joey\Documents\LPCXpresso_8.2.2_650\MATE_Workspace\lpc_chip_82x\Debug\liblpc_chip_82x.a(clock_8xx.o)
                0x00001340                Chip_Clock_GetSystemPLLOutClockRate
 .text.Chip_Clock_GetMainClockRate
                0x00001368       0x60 C:\Users\Joey\Documents\LPCXpresso_8.2.2_650\MATE_Workspace\lpc_chip_82x\Debug\liblpc_chip_82x.a(clock_8xx.o)
                0x00001368                Chip_Clock_GetMainClockRate
 .text.Chip_Clock_GetSystemClockRate
                0x000013c8       0x24 C:\Users\Joey\Documents\LPCXpresso_8.2.2_650\MATE_Workspace\lpc_chip_82x\Debug\liblpc_chip_82x.a(clock_8xx.o)
                0x000013c8                Chip_Clock_GetSystemClockRate
 .text.Chip_Clock_GetUSARTNBaseClockRate
                0x000013ec       0x84 C:\Users\Joey\Documents\LPCXpresso_8.2.2_650\MATE_Workspace\lpc_chip_82x\Debug\liblpc_chip_82x.a(clock_8xx.o)
                0x000013ec                Chip_Clock_GetUSARTNBaseClockRate
 .text.Chip_Clock_SetUSARTNBaseClockRate
                0x00001470       0x84 C:\Users\Joey\Documents\LPCXpresso_8.2.2_650\MATE_Workspace\lpc_chip_82x\Debug\liblpc_chip_82x.a(clock_8xx.o)
                0x00001470                Chip_Clock_SetUSARTNBaseClockRate
 .text.Chip_Clock_EnablePeriphClock
                0x000014f4       0x3c C:\Users\Joey\Documents\LPCXpresso_8.2.2_650\MATE_Workspace\lpc_chip_82x\Debug\liblpc_chip_82x.a(gpio_8xx.o)
 .text.Chip_GPIO_Init
                0x00001530       0x18 C:\Users\Joey\Documents\LPCXpresso_8.2.2_650\MATE_Workspace\lpc_chip_82x\Debug\liblpc_chip_82x.a(gpio_8xx.o)
                0x00001530                Chip_GPIO_Init
 .text.Chip_SPI_GetStatus
                0x00001548       0x18 C:\Users\Joey\Documents\LPCXpresso_8.2.2_650\MATE_Workspace\lpc_chip_82x\Debug\liblpc_chip_82x.a(spim_8xx.o)
 .text.Chip_SPI_ClearStatus
                0x00001560       0x18 C:\Users\Joey\Documents\LPCXpresso_8.2.2_650\MATE_Workspace\lpc_chip_82x\Debug\liblpc_chip_82x.a(spim_8xx.o)
 .text.Chip_SPI_ReadRawRXFifo
                0x00001578       0x1c C:\Users\Joey\Documents\LPCXpresso_8.2.2_650\MATE_Workspace\lpc_chip_82x\Debug\liblpc_chip_82x.a(spim_8xx.o)
 .text.Chip_SPI_WriteTXData
                0x00001594       0x20 C:\Users\Joey\Documents\LPCXpresso_8.2.2_650\MATE_Workspace\lpc_chip_82x\Debug\liblpc_chip_82x.a(spim_8xx.o)
 .text.Chip_SPIM_ForceEndOfTransfer
                0x000015b4       0x18 C:\Users\Joey\Documents\LPCXpresso_8.2.2_650\MATE_Workspace\lpc_chip_82x\Debug\liblpc_chip_82x.a(spim_8xx.o)
 .text.Chip_SPIM_GetClockRate
                0x000015cc       0x2c C:\Users\Joey\Documents\LPCXpresso_8.2.2_650\MATE_Workspace\lpc_chip_82x\Debug\liblpc_chip_82x.a(spim_8xx.o)
                0x000015cc                Chip_SPIM_GetClockRate
 .text.Chip_SPIM_SetClockRate
                0x000015f8       0x54 C:\Users\Joey\Documents\LPCXpresso_8.2.2_650\MATE_Workspace\lpc_chip_82x\Debug\liblpc_chip_82x.a(spim_8xx.o)
                0x000015f8                Chip_SPIM_SetClockRate
 .text.Chip_SPIM_DelayConfig
                0x0000164c       0x4c C:\Users\Joey\Documents\LPCXpresso_8.2.2_650\MATE_Workspace\lpc_chip_82x\Debug\liblpc_chip_82x.a(spim_8xx.o)
                0x0000164c                Chip_SPIM_DelayConfig
 .text.Chip_SPIM_AssertSSEL
                0x00001698       0x40 C:\Users\Joey\Documents\LPCXpresso_8.2.2_650\MATE_Workspace\lpc_chip_82x\Debug\liblpc_chip_82x.a(spim_8xx.o)
                0x00001698                Chip_SPIM_AssertSSEL
 .text.Chip_SPIM_XferHandler
                0x000016d8      0x1d8 C:\Users\Joey\Documents\LPCXpresso_8.2.2_650\MATE_Workspace\lpc_chip_82x\Debug\liblpc_chip_82x.a(spim_8xx.o)
                0x000016d8                Chip_SPIM_XferHandler
 .text.Chip_SPIM_Xfer
                0x000018b0       0x54 C:\Users\Joey\Documents\LPCXpresso_8.2.2_650\MATE_Workspace\lpc_chip_82x\Debug\liblpc_chip_82x.a(spim_8xx.o)
                0x000018b0                Chip_SPIM_Xfer
 .text.Chip_SPI_GetStatus
                0x00001904       0x18 C:\Users\Joey\Documents\LPCXpresso_8.2.2_650\MATE_Workspace\lpc_chip_82x\Debug\liblpc_chip_82x.a(spis_8xx.o)
 .text.Chip_SPI_ClearStatus
                0x0000191c       0x18 C:\Users\Joey\Documents\LPCXpresso_8.2.2_650\MATE_Workspace\lpc_chip_82x\Debug\liblpc_chip_82x.a(spis_8xx.o)
 .text.Chip_SPI_ReadRawRXFifo
                0x00001934       0x1c C:\Users\Joey\Documents\LPCXpresso_8.2.2_650\MATE_Workspace\lpc_chip_82x\Debug\liblpc_chip_82x.a(spis_8xx.o)
 .text.Chip_SPI_WriteTXData
                0x00001950       0x20 C:\Users\Joey\Documents\LPCXpresso_8.2.2_650\MATE_Workspace\lpc_chip_82x\Debug\liblpc_chip_82x.a(spis_8xx.o)
 .text.Chip_SPIS_FindSSEL
                0x00001970       0x4c C:\Users\Joey\Documents\LPCXpresso_8.2.2_650\MATE_Workspace\lpc_chip_82x\Debug\liblpc_chip_82x.a(spis_8xx.o)
 .text.Chip_SPIS_XferHandler
                0x000019bc      0x1dc C:\Users\Joey\Documents\LPCXpresso_8.2.2_650\MATE_Workspace\lpc_chip_82x\Debug\liblpc_chip_82x.a(spis_8xx.o)
                0x000019bc                Chip_SPIS_XferHandler
 .text.Chip_SYSCTL_AssertPeriphReset
                0x00001b98       0x38 C:\Users\Joey\Documents\LPCXpresso_8.2.2_650\MATE_Workspace\lpc_chip_82x\Debug\liblpc_chip_82x.a(stopwatch_8xx.o)
 .text.Chip_SYSCTL_DeassertPeriphReset
                0x00001bd0       0x38 C:\Users\Joey\Documents\LPCXpresso_8.2.2_650\MATE_Workspace\lpc_chip_82x\Debug\liblpc_chip_82x.a(stopwatch_8xx.o)
 .text.Chip_SYSCTL_PeriphReset
                0x00001c08       0x28 C:\Users\Joey\Documents\LPCXpresso_8.2.2_650\MATE_Workspace\lpc_chip_82x\Debug\liblpc_chip_82x.a(stopwatch_8xx.o)
 .text.Chip_Clock_EnablePeriphClock
                0x00001c30       0x3c C:\Users\Joey\Documents\LPCXpresso_8.2.2_650\MATE_Workspace\lpc_chip_82x\Debug\liblpc_chip_82x.a(stopwatch_8xx.o)
 .text.Chip_MRT_Init
                0x00001c6c       0x18 C:\Users\Joey\Documents\LPCXpresso_8.2.2_650\MATE_Workspace\lpc_chip_82x\Debug\liblpc_chip_82x.a(stopwatch_8xx.o)
 .text.Chip_MRT_SetInterval
                0x00001c84       0x18 C:\Users\Joey\Documents\LPCXpresso_8.2.2_650\MATE_Workspace\lpc_chip_82x\Debug\liblpc_chip_82x.a(stopwatch_8xx.o)
 .text.Chip_MRT_GetTimer
                0x00001c9c       0x14 C:\Users\Joey\Documents\LPCXpresso_8.2.2_650\MATE_Workspace\lpc_chip_82x\Debug\liblpc_chip_82x.a(stopwatch_8xx.o)
 .text.Chip_MRT_GetEnabled
                0x00001cb0       0x20 C:\Users\Joey\Documents\LPCXpresso_8.2.2_650\MATE_Workspace\lpc_chip_82x\Debug\liblpc_chip_82x.a(stopwatch_8xx.o)
 .text.Chip_MRT_SetMode
                0x00001cd0       0x2c C:\Users\Joey\Documents\LPCXpresso_8.2.2_650\MATE_Workspace\lpc_chip_82x\Debug\liblpc_chip_82x.a(stopwatch_8xx.o)
 .text.StopWatch_Init
                0x00001cfc       0x78 C:\Users\Joey\Documents\LPCXpresso_8.2.2_650\MATE_Workspace\lpc_chip_82x\Debug\liblpc_chip_82x.a(stopwatch_8xx.o)
                0x00001cfc                StopWatch_Init
 .text.StopWatch_Start
                0x00001d74       0x20 C:\Users\Joey\Documents\LPCXpresso_8.2.2_650\MATE_Workspace\lpc_chip_82x\Debug\liblpc_chip_82x.a(stopwatch_8xx.o)
                0x00001d74                StopWatch_Start
 .text.StopWatch_TicksToUs
                0x00001d94       0x24 C:\Users\Joey\Documents\LPCXpresso_8.2.2_650\MATE_Workspace\lpc_chip_82x\Debug\liblpc_chip_82x.a(stopwatch_8xx.o)
                0x00001d94                StopWatch_TicksToUs
 .text.Chip_SWM_MovablePinAssign
                0x00001db8       0x64 C:\Users\Joey\Documents\LPCXpresso_8.2.2_650\MATE_Workspace\lpc_chip_82x\Debug\liblpc_chip_82x.a(swm_8xx.o)
                0x00001db8                Chip_SWM_MovablePinAssign
 .text.Chip_SetupIrcClocking
                0x00001e1c       0x20 C:\Users\Joey\Documents\LPCXpresso_8.2.2_650\MATE_Workspace\lpc_chip_82x\Debug\liblpc_chip_82x.a(sysinit_8xx.o)
                0x00001e1c                Chip_SetupIrcClocking
 .text.Chip_SYSCTL_AssertPeriphReset
                0x00001e3c       0x38 C:\Users\Joey\Documents\LPCXpresso_8.2.2_650\MATE_Workspace\lpc_chip_82x\Debug\liblpc_chip_82x.a(uart_8xx.o)
 .text.Chip_SYSCTL_DeassertPeriphReset
                0x00001e74       0x38 C:\Users\Joey\Documents\LPCXpresso_8.2.2_650\MATE_Workspace\lpc_chip_82x\Debug\liblpc_chip_82x.a(uart_8xx.o)
 .text.Chip_SYSCTL_PeriphReset
                0x00001eac       0x28 C:\Users\Joey\Documents\LPCXpresso_8.2.2_650\MATE_Workspace\lpc_chip_82x\Debug\liblpc_chip_82x.a(uart_8xx.o)
 .text.Chip_Clock_EnablePeriphClock
                0x00001ed4       0x3c C:\Users\Joey\Documents\LPCXpresso_8.2.2_650\MATE_Workspace\lpc_chip_82x\Debug\liblpc_chip_82x.a(uart_8xx.o)
 .text.Chip_UART_SendByte
                0x00001f10       0x20 C:\Users\Joey\Documents\LPCXpresso_8.2.2_650\MATE_Workspace\lpc_chip_82x\Debug\liblpc_chip_82x.a(uart_8xx.o)
 .text.Chip_UART_GetStatus
                0x00001f30       0x1c C:\Users\Joey\Documents\LPCXpresso_8.2.2_650\MATE_Workspace\lpc_chip_82x\Debug\liblpc_chip_82x.a(uart_8xx.o)
 .text.getUARTClockID
                0x00001f4c       0x34 C:\Users\Joey\Documents\LPCXpresso_8.2.2_650\MATE_Workspace\lpc_chip_82x\Debug\liblpc_chip_82x.a(uart_8xx.o)
 .text.Chip_UART_Init
                0x00001f80       0x50 C:\Users\Joey\Documents\LPCXpresso_8.2.2_650\MATE_Workspace\lpc_chip_82x\Debug\liblpc_chip_82x.a(uart_8xx.o)
                0x00001f80                Chip_UART_Init
 .text.Chip_UART_Send
                0x00001fd0       0x54 C:\Users\Joey\Documents\LPCXpresso_8.2.2_650\MATE_Workspace\lpc_chip_82x\Debug\liblpc_chip_82x.a(uart_8xx.o)
                0x00001fd0                Chip_UART_Send
 .text.Chip_UART_SendBlocking
                0x00002024       0x50 C:\Users\Joey\Documents\LPCXpresso_8.2.2_650\MATE_Workspace\lpc_chip_82x\Debug\liblpc_chip_82x.a(uart_8xx.o)
                0x00002024                Chip_UART_SendBlocking
 .text.Chip_UART_SetBaud
                0x00002074       0x30 C:\Users\Joey\Documents\LPCXpresso_8.2.2_650\MATE_Workspace\lpc_chip_82x\Debug\liblpc_chip_82x.a(uart_8xx.o)
                0x00002074                Chip_UART_SetBaud
 .text.Chip_Clock_SetupSystemPLL
                0x000020a4       0x38 C:\Users\Joey\Documents\LPCXpresso_8.2.2_650\MATE_Workspace\lpc_chip_82x\Debug\liblpc_chip_82x.a(irc_8xx.o)
 .text.Chip_Clock_IsSystemPLLLocked
                0x000020dc       0x1c C:\Users\Joey\Documents\LPCXpresso_8.2.2_650\MATE_Workspace\lpc_chip_82x\Debug\liblpc_chip_82x.a(irc_8xx.o)
 .text.Chip_Clock_SetSysClockDiv
                0x000020f8       0x1c C:\Users\Joey\Documents\LPCXpresso_8.2.2_650\MATE_Workspace\lpc_chip_82x\Debug\liblpc_chip_82x.a(irc_8xx.o)
 .text.Chip_FMC_SetFLASHAccess
                0x00002114       0x2c C:\Users\Joey\Documents\LPCXpresso_8.2.2_650\MATE_Workspace\lpc_chip_82x\Debug\liblpc_chip_82x.a(irc_8xx.o)
 .text.pll_config
                0x00002140       0x6c C:\Users\Joey\Documents\LPCXpresso_8.2.2_650\MATE_Workspace\lpc_chip_82x\Debug\liblpc_chip_82x.a(irc_8xx.o)
 .text.Chip_IRC_SetFreq
                0x000021ac       0xf4 C:\Users\Joey\Documents\LPCXpresso_8.2.2_650\MATE_Workspace\lpc_chip_82x\Debug\liblpc_chip_82x.a(irc_8xx.o)
                0x000021ac                Chip_IRC_SetFreq
 .text.Chip_SYSCTL_PowerDown
                0x000022a0       0x44 C:\Users\Joey\Documents\LPCXpresso_8.2.2_650\MATE_Workspace\lpc_chip_82x\Debug\liblpc_chip_82x.a(syscon_8xx.o)
                0x000022a0                Chip_SYSCTL_PowerDown
 .text.Chip_SYSCTL_PowerUp
                0x000022e4       0x44 C:\Users\Joey\Documents\LPCXpresso_8.2.2_650\MATE_Workspace\lpc_chip_82x\Debug\liblpc_chip_82x.a(syscon_8xx.o)
                0x000022e4                Chip_SYSCTL_PowerUp
 .text.__main   0x00002328       0x12 c:/nxp/lpcxpresso_8.2.2_650/lpcxpresso/tools/bin/../lib/gcc/arm-none-eabi/5.4.1/../../../../arm-none-eabi/lib/armv6-m\libcr_nohost.a(_cr__main.o)
                0x00002328                __main
 *fill*         0x0000233a        0x2 ff
 .text._initio  0x0000233c       0xa8 c:/nxp/lpcxpresso_8.2.2_650/lpcxpresso/tools/bin/../lib/gcc/arm-none-eabi/5.4.1/../../../../arm-none-eabi/lib/armv6-m\libcr_c.a(initio.o)
                0x0000233c                _initio
 .text.setvbuf  0x000023e4       0x48 c:/nxp/lpcxpresso_8.2.2_650/lpcxpresso/tools/bin/../lib/gcc/arm-none-eabi/5.4.1/../../../../arm-none-eabi/lib/armv6-m\libcr_c.a(setvbuf.o)
                0x000023e4                setvbuf
 .text.memset   0x0000242c        0x8 c:/nxp/lpcxpresso_8.2.2_650/lpcxpresso/tools/bin/../lib/gcc/arm-none-eabi/5.4.1/../../../../arm-none-eabi/lib/armv6-m\libcr_c.a(memset.o)
                0x0000242c                memset
 .text._deferredlazyseek
                0x00002434       0x44 c:/nxp/lpcxpresso_8.2.2_650/lpcxpresso/tools/bin/../lib/gcc/arm-none-eabi/5.4.1/../../../../arm-none-eabi/lib/armv6-m\libcr_c.a(_deferredlazyseek.o)
                0x00002434                _deferredlazyseek
 .text._fdopen  0x00002478       0x74 c:/nxp/lpcxpresso_8.2.2_650/lpcxpresso/tools/bin/../lib/gcc/arm-none-eabi/5.4.1/../../../../arm-none-eabi/lib/armv6-m\libcr_c.a(_fdopen.o)
                0x00002478                _fdopen
 .text._fflush  0x000024ec       0x64 c:/nxp/lpcxpresso_8.2.2_650/lpcxpresso/tools/bin/../lib/gcc/arm-none-eabi/5.4.1/../../../../arm-none-eabi/lib/armv6-m\libcr_c.a(_fflush.o)
                0x000024ec                _fflush
 .text._Cwritebuf
                0x00002550       0x6c c:/nxp/lpcxpresso_8.2.2_650/lpcxpresso/tools/bin/../lib/gcc/arm-none-eabi/5.4.1/../../../../arm-none-eabi/lib/armv6-m\libcr_c.a(_writebuf.o)
                0x00002550                _Cwritebuf
 .text.malloc   0x000025bc       0xcc c:/nxp/lpcxpresso_8.2.2_650/lpcxpresso/tools/bin/../lib/gcc/arm-none-eabi/5.4.1/../../../../arm-none-eabi/lib/armv6-m\libcr_c.a(alloc.o)
                0x000025bc                malloc
 .text.free     0x00002688       0x2e c:/nxp/lpcxpresso_8.2.2_650/lpcxpresso/tools/bin/../lib/gcc/arm-none-eabi/5.4.1/../../../../arm-none-eabi/lib/armv6-m\libcr_c.a(alloc.o)
                0x00002688                free
 *fill*         0x000026b6        0x2 ff
 .text._Csys_alloc
                0x000026b8       0x20 c:/nxp/lpcxpresso_8.2.2_650/lpcxpresso/tools/bin/../lib/gcc/arm-none-eabi/5.4.1/../../../../arm-none-eabi/lib/armv6-m\libcr_c.a(alloc.o)
                0x000026b8                _Csys_alloc
 .text.fclose   0x000026d8       0x70 c:/nxp/lpcxpresso_8.2.2_650/lpcxpresso/tools/bin/../lib/gcc/arm-none-eabi/5.4.1/../../../../arm-none-eabi/lib/armv6-m\libcr_c.a(fclose.o)
                0x000026d8                fclose
 .text.fflush   0x00002748       0x34 c:/nxp/lpcxpresso_8.2.2_650/lpcxpresso/tools/bin/../lib/gcc/arm-none-eabi/5.4.1/../../../../arm-none-eabi/lib/armv6-m\libcr_c.a(fflush.o)
                0x00002748                fflush
 .text.fseek    0x0000277c      0x100 c:/nxp/lpcxpresso_8.2.2_650/lpcxpresso/tools/bin/../lib/gcc/arm-none-eabi/5.4.1/../../../../arm-none-eabi/lib/armv6-m\libcr_c.a(fseek.o)
                0x0000277c                fseek
 .text.ftell    0x0000287c       0x4c c:/nxp/lpcxpresso_8.2.2_650/lpcxpresso/tools/bin/../lib/gcc/arm-none-eabi/5.4.1/../../../../arm-none-eabi/lib/armv6-m\libcr_c.a(ftell.o)
                0x0000287c                ftell
 .text.remove   0x000028c8       0x12 c:/nxp/lpcxpresso_8.2.2_650/lpcxpresso/tools/bin/../lib/gcc/arm-none-eabi/5.4.1/../../../../arm-none-eabi/lib/armv6-m\libcr_c.a(remove.o)
                0x000028c8                remove
 *fill*         0x000028da        0x2 ff
 .text.strlen   0x000028dc       0x54 c:/nxp/lpcxpresso_8.2.2_650/lpcxpresso/tools/bin/../lib/gcc/arm-none-eabi/5.4.1/../../../../arm-none-eabi/lib/armv6-m\libcr_c.a(strlen.o)
                0x000028dc                strlen
 .text._sbrk    0x00002930       0x40 c:/nxp/lpcxpresso_8.2.2_650/lpcxpresso/tools/bin/../lib/gcc/arm-none-eabi/5.4.1/../../../../arm-none-eabi/lib/armv6-m\libcr_c.a(_cr_sbrk.o)
                0x00002930                _sbrk
 .text._do_fflush
                0x00002970       0x48 c:/nxp/lpcxpresso_8.2.2_650/lpcxpresso/tools/bin/../lib/gcc/arm-none-eabi/5.4.1/../../../../arm-none-eabi/lib/armv6-m\libcr_c.a(_do_fflush.o)
                0x00002970                _do_fflush
 .text.__check_heap_overflow
                0x000029b8       0x14 c:/nxp/lpcxpresso_8.2.2_650/lpcxpresso/tools/bin/../lib/gcc/arm-none-eabi/5.4.1/../../../../arm-none-eabi/lib/armv6-m\libcr_c.a(_cr_check_heap.o)
                0x000029b8                __check_heap_overflow
 .text.__aeabi_division_idivmod
                0x000029cc       0x78 c:/nxp/lpcxpresso_8.2.2_650/lpcxpresso/tools/bin/../lib/gcc/arm-none-eabi/5.4.1/armv6-m\libcr_eabihelpers.a(division_32.o)
                0x000029cc                __aeabi_idivmod
                0x000029cc                __aeabi_idiv
                0x000029d2                __aeabi_uidivmod
                0x000029d2                __aeabi_uidiv
 .text.__aeabi_division_uldivmod
                0x00002a44       0x5a c:/nxp/lpcxpresso_8.2.2_650/lpcxpresso/tools/bin/../lib/gcc/arm-none-eabi/5.4.1/armv6-m\libcr_eabihelpers.a(division_64.o)
                0x00002a44                __aeabi_uldivmod
 .text.__aeabi_division_idiv0
                0x00002a9e        0x2 c:/nxp/lpcxpresso_8.2.2_650/lpcxpresso/tools/bin/../lib/gcc/arm-none-eabi/5.4.1/armv6-m\libcr_eabihelpers.a(division_idiv0.o)
                0x00002a9e                __aeabi_idiv0
 .text.__aeabi_memset_lowlevel
                0x00002aa0       0x2a c:/nxp/lpcxpresso_8.2.2_650/lpcxpresso/tools/bin/../lib/gcc/arm-none-eabi/5.4.1/armv6-m\libcr_eabihelpers.a(memcpy.o)
                0x00002aa0                __aeabi_lowlevel_memset
 .text.__sys_appexit
                0x00002aca        0x2 c:/nxp/lpcxpresso_8.2.2_650/lpcxpresso/tools/bin/../lib/gcc/arm-none-eabi/5.4.1/../../../../arm-none-eabi/lib/armv6-m\libcr_nohost.a(__sys_appexit.o)
                0x00002aca                __sys_appexit
                0x00002aca                __exit
 .text.__sys_close
                0x00002acc        0x6 c:/nxp/lpcxpresso_8.2.2_650/lpcxpresso/tools/bin/../lib/gcc/arm-none-eabi/5.4.1/../../../../arm-none-eabi/lib/armv6-m\libcr_nohost.a(__sys_close.o)
                0x00002acc                __sys_close
 .text.__sys_flen
                0x00002ad2        0x6 c:/nxp/lpcxpresso_8.2.2_650/lpcxpresso/tools/bin/../lib/gcc/arm-none-eabi/5.4.1/../../../../arm-none-eabi/lib/armv6-m\libcr_nohost.a(__sys_flen.o)
                0x00002ad2                __sys_flen
 .text.__sys_istty
                0x00002ad8        0x6 c:/nxp/lpcxpresso_8.2.2_650/lpcxpresso/tools/bin/../lib/gcc/arm-none-eabi/5.4.1/../../../../arm-none-eabi/lib/armv6-m\libcr_nohost.a(__sys_istty.o)
                0x00002ad8                __sys_istty
 .text.__sys_remove
                0x00002ade        0x6 c:/nxp/lpcxpresso_8.2.2_650/lpcxpresso/tools/bin/../lib/gcc/arm-none-eabi/5.4.1/../../../../arm-none-eabi/lib/armv6-m\libcr_nohost.a(__sys_remove.o)
                0x00002ade                __sys_remove
 .text.__sys_seek
                0x00002ae4        0x6 c:/nxp/lpcxpresso_8.2.2_650/lpcxpresso/tools/bin/../lib/gcc/arm-none-eabi/5.4.1/../../../../arm-none-eabi/lib/armv6-m\libcr_nohost.a(__sys_seek.o)
                0x00002ae4                __sys_seek
 .text.__sys_tmpnam
                0x00002aea        0x6 c:/nxp/lpcxpresso_8.2.2_650/lpcxpresso/tools/bin/../lib/gcc/arm-none-eabi/5.4.1/../../../../arm-none-eabi/lib/armv6-m\libcr_nohost.a(__sys_tmpnam.o)
                0x00002aea                __sys_tmpnam
 *(.rodata .rodata.* .constdata .constdata.*)
 .rodata        0x00002af0       0xe3 ./example/src/spi_sm_int.o
 *fill*         0x00002bd3        0x1 ff
 .rodata.spiSlaveCallbacks
                0x00002bd4       0x10 ./example/src/spi_sm_int.o
 .rodata.spiMasterCallbacks
                0x00002be4       0x14 ./example/src/spi_sm_int.o
 .rodata.ledBits
                0x00002bf8        0x3 C:\Users\Joey\Documents\LPCXpresso_8.2.2_650\MATE_Workspace\lpc_board_nxp_lpcxpresso_824\Debug\liblpc_board_nxp_lpcxpresso_824.a(board.o)
 *fill*         0x00002bfb        0x1 ff
 .rodata.OscRateIn
                0x00002bfc        0x4 C:\Users\Joey\Documents\LPCXpresso_8.2.2_650\MATE_Workspace\lpc_board_nxp_lpcxpresso_824\Debug\liblpc_board_nxp_lpcxpresso_824.a(board.o)
                0x00002bfc                OscRateIn
 .rodata.ExtRateIn
                0x00002c00        0x4 C:\Users\Joey\Documents\LPCXpresso_8.2.2_650\MATE_Workspace\lpc_board_nxp_lpcxpresso_824\Debug\liblpc_board_nxp_lpcxpresso_824.a(board.o)
                0x00002c00                ExtRateIn
 .rodata.wdtOSCRate
                0x00002c04       0x40 C:\Users\Joey\Documents\LPCXpresso_8.2.2_650\MATE_Workspace\lpc_chip_82x\Debug\liblpc_chip_82x.a(clock_8xx.o)
 .rodata.config_tab
                0x00002c44      0x354 C:\Users\Joey\Documents\LPCXpresso_8.2.2_650\MATE_Workspace\lpc_chip_82x\Debug\liblpc_chip_82x.a(irc_8xx.o)
 .rodata.str1.1
                0x00002f98        0x4 c:/nxp/lpcxpresso_8.2.2_650/lpcxpresso/tools/bin/../lib/gcc/arm-none-eabi/5.4.1/../../../../arm-none-eabi/lib/armv6-m\libcr_c.a(initio.o)
 .rodata.str1.1
                0x00002f9c       0x18 c:/nxp/lpcxpresso_8.2.2_650/lpcxpresso/tools/bin/../lib/gcc/arm-none-eabi/5.4.1/../../../../arm-none-eabi/lib/armv6-m\libcr_c.a(alloc.o)
                0x00002fb4                . = ALIGN (0x4)

.glue_7         0x00002fb4        0x0
 .glue_7        0x00002fb4        0x0 linker stubs

.glue_7t        0x00002fb4        0x0
 .glue_7t       0x00002fb4        0x0 linker stubs

.vfp11_veneer   0x00002fb4        0x0
 .vfp11_veneer  0x00002fb4        0x0 linker stubs

.v4_bx          0x00002fb4        0x0
 .v4_bx         0x00002fb4        0x0 linker stubs

.iplt           0x00002fb4        0x0
 .iplt          0x00002fb4        0x0 ./example/src/cr_startup_lpc82x.o

.rel.dyn        0x00002fb4        0x0
 .rel.iplt      0x00002fb4        0x0 ./example/src/cr_startup_lpc82x.o

.ARM.extab
 *(.ARM.extab* .gnu.linkonce.armextab.*)
                0x00002fb4                __exidx_start = .

.ARM.exidx
 *(.ARM.exidx* .gnu.linkonce.armexidx.*)
                0x00002fb4                __exidx_end = .
                0x00002fb4                _etext = .

.mtb_buffer_default
                0x10000000       0x80
 *(.mtb*)
 .mtb.$RAM1     0x10000000       0x80 ./example/src/mtb.o
                0x10000000                __mtb_buffer__

.uninit_RESERVED
                0x10000080        0x0
 *(.bss.$RESERVED*)
                0x10000080                . = ALIGN (0x4)
                0x10000080                _end_uninit_RESERVED = .

.data           0x10000080        0x0 load address 0x00002fb4
 FILL mask 0xff
                0x10000080                _data = .
 *(vtable)
 *(.ramfunc*)
 *(.data*)
                0x10000080                . = ALIGN (0x4)
                0x10000080                _edata = .

.igot.plt       0x10000080        0x0 load address 0x00002fb4
 .igot.plt      0x10000080        0x0 ./example/src/cr_startup_lpc82x.o

.bss            0x10000080      0x224 load address 0x00002fb4
                0x10000080                _bss = .
 *(.bss*)
 .bss.masterTime
                0x10000080        0x4 ./example/src/spi_sm_int.o
 .bss.errors    0x10000084        0x4 ./example/src/spi_sm_int.o
 .bss.mEnd      0x10000088        0x1 ./example/src/spi_sm_int.o
 .bss.sEnd      0x10000089        0x1 ./example/src/spi_sm_int.o
 .bss.xmitOn    0x1000008a        0x1 C:\Users\Joey\Documents\LPCXpresso_8.2.2_650\MATE_Workspace\lpc_chip_82x\Debug\liblpc_chip_82x.a(spim_8xx.o)
 .bss.deasserted
                0x1000008b        0x1 C:\Users\Joey\Documents\LPCXpresso_8.2.2_650\MATE_Workspace\lpc_chip_82x\Debug\liblpc_chip_82x.a(spis_8xx.o)
 .bss.ticksPerSecond
                0x1000008c        0x4 C:\Users\Joey\Documents\LPCXpresso_8.2.2_650\MATE_Workspace\lpc_chip_82x\Debug\liblpc_chip_82x.a(stopwatch_8xx.o)
 .bss.ticksPerMs
                0x10000090        0x4 C:\Users\Joey\Documents\LPCXpresso_8.2.2_650\MATE_Workspace\lpc_chip_82x\Debug\liblpc_chip_82x.a(stopwatch_8xx.o)
 .bss.ticksPerUs
                0x10000094        0x4 C:\Users\Joey\Documents\LPCXpresso_8.2.2_650\MATE_Workspace\lpc_chip_82x\Debug\liblpc_chip_82x.a(stopwatch_8xx.o)
 .bss.config_tab_idx
                0x10000098        0x2 C:\Users\Joey\Documents\LPCXpresso_8.2.2_650\MATE_Workspace\lpc_chip_82x\Debug\liblpc_chip_82x.a(irc_8xx.o)
 *fill*         0x1000009a        0x2 
 .bss._extra    0x1000009c        0x4 c:/nxp/lpcxpresso_8.2.2_650/lpcxpresso/tools/bin/../lib/gcc/arm-none-eabi/5.4.1/../../../../arm-none-eabi/lib/armv6-m\libcr_c.a(initio.o)
                0x1000009c                _extra
 .bss.__Ciob    0x100000a0      0x140 c:/nxp/lpcxpresso_8.2.2_650/lpcxpresso/tools/bin/../lib/gcc/arm-none-eabi/5.4.1/../../../../arm-none-eabi/lib/armv6-m\libcr_c.a(stdio.o)
                0x100000a0                __Ciob
 .bss.__heaps   0x100001e0        0x4 c:/nxp/lpcxpresso_8.2.2_650/lpcxpresso/tools/bin/../lib/gcc/arm-none-eabi/5.4.1/../../../../arm-none-eabi/lib/armv6-m\libcr_c.a(__init_alloc.o)
                0x100001e0                __heaps
 .bss.__end_of_heap
                0x100001e4        0x4 c:/nxp/lpcxpresso_8.2.2_650/lpcxpresso/tools/bin/../lib/gcc/arm-none-eabi/5.4.1/../../../../arm-none-eabi/lib/armv6-m\libcr_c.a(__init_alloc.o)
                0x100001e4                __end_of_heap
 .bss.errno     0x100001e8        0x4 c:/nxp/lpcxpresso_8.2.2_650/lpcxpresso/tools/bin/../lib/gcc/arm-none-eabi/5.4.1/../../../../arm-none-eabi/lib/armv6-m\libcr_c.a(errno.o)
                0x100001e8                errno
 *(COMMON)
 COMMON         0x100001ec       0xb4 ./example/src/spi_sm_int.o
                0x100001ec                spiSlaveXfer
                0x10000204                slaveTXBuffer16
                0x10000224                masterTXBuffer16
                0x10000244                masterRXBuffer16
                0x10000264                slaveRXBuffer16
                0x10000284                spiMasterXfer
 COMMON         0x100002a0        0x4 C:\Users\Joey\Documents\LPCXpresso_8.2.2_650\MATE_Workspace\lpc_chip_82x\Debug\liblpc_chip_82x.a(chip_8xx.o)
                0x100002a0                SystemCoreClock
                0x100002a4                . = ALIGN (0x4)
                0x100002a4                _ebss = .
                [!provide]                PROVIDE (end, .)

.noinit         0x100002a4        0x0 load address 0x00002fb4
                0x100002a4                _noinit = .
 *(.noinit*)
                0x100002a4                . = ALIGN (0x4)
                0x100002a4                _end_noinit = .
                0x100002a4                PROVIDE (_pvHeapStart, DEFINED (__user_heap_base)?__user_heap_base:.)
                0x10002000                PROVIDE (_vStackTop, DEFINED (__user_stack_top)?__user_stack_top:(__top_RamLoc8 - 0x0))
                [!provide]                PROVIDE (__valid_user_code_checksum, (0x0 - (((_vStackTop + (ResetISR + 0x1)) + (DEFINED (NMI_Handler)?NMI_Handler:M0_NMI_Handler + 0x1)) + (DEFINED (HardFault_Handler)?HardFault_Handler:M0_HardFault_Handler + 0x1))))
OUTPUT(periph_spi_sm_int.axf elf32-littlearm)

.debug_info     0x00000000     0x7f20
 .debug_info    0x00000000      0x204 ./example/src/cr_startup_lpc82x.o
 .debug_info    0x00000204       0x3f ./example/src/crp.o
 .debug_info    0x00000243       0x51 ./example/src/mtb.o
 .debug_info    0x00000294     0x153a ./example/src/spi_sm_int.o
 .debug_info    0x000017ce       0xc3 ./example/src/sysinit.o
 .debug_info    0x00001891      0xe8d C:\Users\Joey\Documents\LPCXpresso_8.2.2_650\MATE_Workspace\lpc_board_nxp_lpcxpresso_824\Debug\liblpc_board_nxp_lpcxpresso_824.a(board.o)
 .debug_info    0x0000271e      0x4f9 C:\Users\Joey\Documents\LPCXpresso_8.2.2_650\MATE_Workspace\lpc_board_nxp_lpcxpresso_824\Debug\liblpc_board_nxp_lpcxpresso_824.a(board_sysinit.o)
 .debug_info    0x00002c17      0x1cb C:\Users\Joey\Documents\LPCXpresso_8.2.2_650\MATE_Workspace\lpc_chip_82x\Debug\liblpc_chip_82x.a(chip_8xx.o)
 .debug_info    0x00002de2      0xb7f C:\Users\Joey\Documents\LPCXpresso_8.2.2_650\MATE_Workspace\lpc_chip_82x\Debug\liblpc_chip_82x.a(clock_8xx.o)
 .debug_info    0x00003961      0x665 C:\Users\Joey\Documents\LPCXpresso_8.2.2_650\MATE_Workspace\lpc_chip_82x\Debug\liblpc_chip_82x.a(gpio_8xx.o)
 .debug_info    0x00003fc6      0x704 C:\Users\Joey\Documents\LPCXpresso_8.2.2_650\MATE_Workspace\lpc_chip_82x\Debug\liblpc_chip_82x.a(spim_8xx.o)
 .debug_info    0x000046ca      0x57d C:\Users\Joey\Documents\LPCXpresso_8.2.2_650\MATE_Workspace\lpc_chip_82x\Debug\liblpc_chip_82x.a(spis_8xx.o)
 .debug_info    0x00004c47      0x95c C:\Users\Joey\Documents\LPCXpresso_8.2.2_650\MATE_Workspace\lpc_chip_82x\Debug\liblpc_chip_82x.a(stopwatch_8xx.o)
 .debug_info    0x000055a3      0x3f1 C:\Users\Joey\Documents\LPCXpresso_8.2.2_650\MATE_Workspace\lpc_chip_82x\Debug\liblpc_chip_82x.a(swm_8xx.o)
 .debug_info    0x00005994      0x5ea C:\Users\Joey\Documents\LPCXpresso_8.2.2_650\MATE_Workspace\lpc_chip_82x\Debug\liblpc_chip_82x.a(sysinit_8xx.o)
 .debug_info    0x00005f7e      0xbc6 C:\Users\Joey\Documents\LPCXpresso_8.2.2_650\MATE_Workspace\lpc_chip_82x\Debug\liblpc_chip_82x.a(uart_8xx.o)
 .debug_info    0x00006b44      0xf4d C:\Users\Joey\Documents\LPCXpresso_8.2.2_650\MATE_Workspace\lpc_chip_82x\Debug\liblpc_chip_82x.a(irc_8xx.o)
 .debug_info    0x00007a91      0x48f C:\Users\Joey\Documents\LPCXpresso_8.2.2_650\MATE_Workspace\lpc_chip_82x\Debug\liblpc_chip_82x.a(syscon_8xx.o)

.debug_abbrev   0x00000000     0x18df
 .debug_abbrev  0x00000000       0xf5 ./example/src/cr_startup_lpc82x.o
 .debug_abbrev  0x000000f5       0x36 ./example/src/crp.o
 .debug_abbrev  0x0000012b       0x41 ./example/src/mtb.o
 .debug_abbrev  0x0000016c      0x336 ./example/src/spi_sm_int.o
 .debug_abbrev  0x000004a2       0x6a ./example/src/sysinit.o
 .debug_abbrev  0x0000050c      0x222 C:\Users\Joey\Documents\LPCXpresso_8.2.2_650\MATE_Workspace\lpc_board_nxp_lpcxpresso_824\Debug\liblpc_board_nxp_lpcxpresso_824.a(board.o)
 .debug_abbrev  0x0000072e       0xef C:\Users\Joey\Documents\LPCXpresso_8.2.2_650\MATE_Workspace\lpc_board_nxp_lpcxpresso_824\Debug\liblpc_board_nxp_lpcxpresso_824.a(board_sysinit.o)
 .debug_abbrev  0x0000081d       0x93 C:\Users\Joey\Documents\LPCXpresso_8.2.2_650\MATE_Workspace\lpc_chip_82x\Debug\liblpc_chip_82x.a(chip_8xx.o)
 .debug_abbrev  0x000008b0      0x272 C:\Users\Joey\Documents\LPCXpresso_8.2.2_650\MATE_Workspace\lpc_chip_82x\Debug\liblpc_chip_82x.a(clock_8xx.o)
 .debug_abbrev  0x00000b22      0x127 C:\Users\Joey\Documents\LPCXpresso_8.2.2_650\MATE_Workspace\lpc_chip_82x\Debug\liblpc_chip_82x.a(gpio_8xx.o)
 .debug_abbrev  0x00000c49      0x1bd C:\Users\Joey\Documents\LPCXpresso_8.2.2_650\MATE_Workspace\lpc_chip_82x\Debug\liblpc_chip_82x.a(spim_8xx.o)
 .debug_abbrev  0x00000e06      0x18b C:\Users\Joey\Documents\LPCXpresso_8.2.2_650\MATE_Workspace\lpc_chip_82x\Debug\liblpc_chip_82x.a(spis_8xx.o)
 .debug_abbrev  0x00000f91      0x21c C:\Users\Joey\Documents\LPCXpresso_8.2.2_650\MATE_Workspace\lpc_chip_82x\Debug\liblpc_chip_82x.a(stopwatch_8xx.o)
 .debug_abbrev  0x000011ad      0x138 C:\Users\Joey\Documents\LPCXpresso_8.2.2_650\MATE_Workspace\lpc_chip_82x\Debug\liblpc_chip_82x.a(swm_8xx.o)
 .debug_abbrev  0x000012e5      0x141 C:\Users\Joey\Documents\LPCXpresso_8.2.2_650\MATE_Workspace\lpc_chip_82x\Debug\liblpc_chip_82x.a(sysinit_8xx.o)
 .debug_abbrev  0x00001426      0x1f6 C:\Users\Joey\Documents\LPCXpresso_8.2.2_650\MATE_Workspace\lpc_chip_82x\Debug\liblpc_chip_82x.a(uart_8xx.o)
 .debug_abbrev  0x0000161c      0x1f5 C:\Users\Joey\Documents\LPCXpresso_8.2.2_650\MATE_Workspace\lpc_chip_82x\Debug\liblpc_chip_82x.a(irc_8xx.o)
 .debug_abbrev  0x00001811       0xce C:\Users\Joey\Documents\LPCXpresso_8.2.2_650\MATE_Workspace\lpc_chip_82x\Debug\liblpc_chip_82x.a(syscon_8xx.o)

.debug_aranges  0x00000000      0x7b8
 .debug_aranges
                0x00000000       0x60 ./example/src/cr_startup_lpc82x.o
 .debug_aranges
                0x00000060       0x18 ./example/src/crp.o
 .debug_aranges
                0x00000078       0x18 ./example/src/mtb.o
 .debug_aranges
                0x00000090      0x158 ./example/src/spi_sm_int.o
 .debug_aranges
                0x000001e8       0x20 ./example/src/sysinit.o
 .debug_aranges
                0x00000208       0xd8 C:\Users\Joey\Documents\LPCXpresso_8.2.2_650\MATE_Workspace\lpc_board_nxp_lpcxpresso_824\Debug\liblpc_board_nxp_lpcxpresso_824.a(board.o)
 .debug_aranges
                0x000002e0       0x38 C:\Users\Joey\Documents\LPCXpresso_8.2.2_650\MATE_Workspace\lpc_board_nxp_lpcxpresso_824\Debug\liblpc_board_nxp_lpcxpresso_824.a(board_sysinit.o)
 .debug_aranges
                0x00000318       0x20 C:\Users\Joey\Documents\LPCXpresso_8.2.2_650\MATE_Workspace\lpc_chip_82x\Debug\liblpc_chip_82x.a(chip_8xx.o)
 .debug_aranges
                0x00000338       0xf0 C:\Users\Joey\Documents\LPCXpresso_8.2.2_650\MATE_Workspace\lpc_chip_82x\Debug\liblpc_chip_82x.a(clock_8xx.o)
 .debug_aranges
                0x00000428       0x38 C:\Users\Joey\Documents\LPCXpresso_8.2.2_650\MATE_Workspace\lpc_chip_82x\Debug\liblpc_chip_82x.a(gpio_8xx.o)
 .debug_aranges
                0x00000460       0x80 C:\Users\Joey\Documents\LPCXpresso_8.2.2_650\MATE_Workspace\lpc_chip_82x\Debug\liblpc_chip_82x.a(spim_8xx.o)
 .debug_aranges
                0x000004e0       0x50 C:\Users\Joey\Documents\LPCXpresso_8.2.2_650\MATE_Workspace\lpc_chip_82x\Debug\liblpc_chip_82x.a(spis_8xx.o)
 .debug_aranges
                0x00000530       0x98 C:\Users\Joey\Documents\LPCXpresso_8.2.2_650\MATE_Workspace\lpc_chip_82x\Debug\liblpc_chip_82x.a(stopwatch_8xx.o)
 .debug_aranges
                0x000005c8       0x38 C:\Users\Joey\Documents\LPCXpresso_8.2.2_650\MATE_Workspace\lpc_chip_82x\Debug\liblpc_chip_82x.a(swm_8xx.o)
 .debug_aranges
                0x00000600       0x50 C:\Users\Joey\Documents\LPCXpresso_8.2.2_650\MATE_Workspace\lpc_chip_82x\Debug\liblpc_chip_82x.a(sysinit_8xx.o)
 .debug_aranges
                0x00000650       0xd8 C:\Users\Joey\Documents\LPCXpresso_8.2.2_650\MATE_Workspace\lpc_chip_82x\Debug\liblpc_chip_82x.a(uart_8xx.o)
 .debug_aranges
                0x00000728       0x58 C:\Users\Joey\Documents\LPCXpresso_8.2.2_650\MATE_Workspace\lpc_chip_82x\Debug\liblpc_chip_82x.a(irc_8xx.o)
 .debug_aranges
                0x00000780       0x38 C:\Users\Joey\Documents\LPCXpresso_8.2.2_650\MATE_Workspace\lpc_chip_82x\Debug\liblpc_chip_82x.a(syscon_8xx.o)

.debug_ranges   0x00000000      0x688
 .debug_ranges  0x00000000       0x50 ./example/src/cr_startup_lpc82x.o
 .debug_ranges  0x00000050      0x148 ./example/src/spi_sm_int.o
 .debug_ranges  0x00000198       0x10 ./example/src/sysinit.o
 .debug_ranges  0x000001a8       0xc8 C:\Users\Joey\Documents\LPCXpresso_8.2.2_650\MATE_Workspace\lpc_board_nxp_lpcxpresso_824\Debug\liblpc_board_nxp_lpcxpresso_824.a(board.o)
 .debug_ranges  0x00000270       0x28 C:\Users\Joey\Documents\LPCXpresso_8.2.2_650\MATE_Workspace\lpc_board_nxp_lpcxpresso_824\Debug\liblpc_board_nxp_lpcxpresso_824.a(board_sysinit.o)
 .debug_ranges  0x00000298       0x10 C:\Users\Joey\Documents\LPCXpresso_8.2.2_650\MATE_Workspace\lpc_chip_82x\Debug\liblpc_chip_82x.a(chip_8xx.o)
 .debug_ranges  0x000002a8       0xe0 C:\Users\Joey\Documents\LPCXpresso_8.2.2_650\MATE_Workspace\lpc_chip_82x\Debug\liblpc_chip_82x.a(clock_8xx.o)
 .debug_ranges  0x00000388       0x28 C:\Users\Joey\Documents\LPCXpresso_8.2.2_650\MATE_Workspace\lpc_chip_82x\Debug\liblpc_chip_82x.a(gpio_8xx.o)
 .debug_ranges  0x000003b0       0x70 C:\Users\Joey\Documents\LPCXpresso_8.2.2_650\MATE_Workspace\lpc_chip_82x\Debug\liblpc_chip_82x.a(spim_8xx.o)
 .debug_ranges  0x00000420       0x40 C:\Users\Joey\Documents\LPCXpresso_8.2.2_650\MATE_Workspace\lpc_chip_82x\Debug\liblpc_chip_82x.a(spis_8xx.o)
 .debug_ranges  0x00000460       0x88 C:\Users\Joey\Documents\LPCXpresso_8.2.2_650\MATE_Workspace\lpc_chip_82x\Debug\liblpc_chip_82x.a(stopwatch_8xx.o)
 .debug_ranges  0x000004e8       0x28 C:\Users\Joey\Documents\LPCXpresso_8.2.2_650\MATE_Workspace\lpc_chip_82x\Debug\liblpc_chip_82x.a(swm_8xx.o)
 .debug_ranges  0x00000510       0x40 C:\Users\Joey\Documents\LPCXpresso_8.2.2_650\MATE_Workspace\lpc_chip_82x\Debug\liblpc_chip_82x.a(sysinit_8xx.o)
 .debug_ranges  0x00000550       0xc8 C:\Users\Joey\Documents\LPCXpresso_8.2.2_650\MATE_Workspace\lpc_chip_82x\Debug\liblpc_chip_82x.a(uart_8xx.o)
 .debug_ranges  0x00000618       0x48 C:\Users\Joey\Documents\LPCXpresso_8.2.2_650\MATE_Workspace\lpc_chip_82x\Debug\liblpc_chip_82x.a(irc_8xx.o)
 .debug_ranges  0x00000660       0x28 C:\Users\Joey\Documents\LPCXpresso_8.2.2_650\MATE_Workspace\lpc_chip_82x\Debug\liblpc_chip_82x.a(syscon_8xx.o)

.debug_macro    0x00000000     0x5122
 .debug_macro   0x00000000       0x1d ./example/src/cr_startup_lpc82x.o
 .debug_macro   0x0000001d      0x83e ./example/src/cr_startup_lpc82x.o
 .debug_macro   0x0000085b       0x1a ./example/src/crp.o
 .debug_macro   0x00000875       0x34 ./example/src/crp.o
 .debug_macro   0x000008a9       0x29 ./example/src/mtb.o
 .debug_macro   0x000008d2       0x82 ./example/src/mtb.o
 .debug_macro   0x00000954       0x10 ./example/src/mtb.o
 .debug_macro   0x00000964      0x26e ./example/src/spi_sm_int.o
 .debug_macro   0x00000bd2       0x10 ./example/src/spi_sm_int.o
 .debug_macro   0x00000be2      0x12d ./example/src/spi_sm_int.o
 .debug_macro   0x00000d0f      0x5b2 ./example/src/spi_sm_int.o
 .debug_macro   0x000012c1       0x22 ./example/src/spi_sm_int.o
 .debug_macro   0x000012e3       0x7b ./example/src/spi_sm_int.o
 .debug_macro   0x0000135e       0x16 ./example/src/spi_sm_int.o
 .debug_macro   0x00001374       0x28 ./example/src/spi_sm_int.o
 .debug_macro   0x0000139c       0x3a ./example/src/spi_sm_int.o
 .debug_macro   0x000013d6       0x1f ./example/src/spi_sm_int.o
 .debug_macro   0x000013f5      0x250 ./example/src/spi_sm_int.o
 .debug_macro   0x00001645      0x1ae ./example/src/spi_sm_int.o
 .debug_macro   0x000017f3       0xca ./example/src/spi_sm_int.o
 .debug_macro   0x000018bd       0x6a ./example/src/spi_sm_int.o
 .debug_macro   0x00001927       0x70 ./example/src/spi_sm_int.o
 .debug_macro   0x00001997       0x28 ./example/src/spi_sm_int.o
 .debug_macro   0x000019bf      0x190 ./example/src/spi_sm_int.o
 .debug_macro   0x00001b4f       0x24 ./example/src/spi_sm_int.o
 .debug_macro   0x00001b73       0x64 ./example/src/spi_sm_int.o
 .debug_macro   0x00001bd7       0x10 ./example/src/spi_sm_int.o
 .debug_macro   0x00001be7       0x22 ./example/src/spi_sm_int.o
 .debug_macro   0x00001c09       0xb2 ./example/src/spi_sm_int.o
 .debug_macro   0x00001cbb       0x58 ./example/src/spi_sm_int.o
 .debug_macro   0x00001d13       0x58 ./example/src/spi_sm_int.o
 .debug_macro   0x00001d6b       0x6a ./example/src/spi_sm_int.o
 .debug_macro   0x00001dd5       0x82 ./example/src/spi_sm_int.o
 .debug_macro   0x00001e57       0x16 ./example/src/spi_sm_int.o
 .debug_macro   0x00001e6d      0x16f ./example/src/spi_sm_int.o
 .debug_macro   0x00001fdc       0x22 ./example/src/spi_sm_int.o
 .debug_macro   0x00001ffe       0x52 ./example/src/spi_sm_int.o
 .debug_macro   0x00002050      0x181 ./example/src/spi_sm_int.o
 .debug_macro   0x000021d1      0x289 ./example/src/spi_sm_int.o
 .debug_macro   0x0000245a      0x28b ./example/src/spi_sm_int.o
 .debug_macro   0x000026e5       0x2e ./example/src/spi_sm_int.o
 .debug_macro   0x00002713       0x22 ./example/src/spi_sm_int.o
 .debug_macro   0x00002735      0x216 ./example/src/spi_sm_int.o
 .debug_macro   0x0000294b      0x1d5 ./example/src/spi_sm_int.o
 .debug_macro   0x00002b20       0x16 ./example/src/spi_sm_int.o
 .debug_macro   0x00002b36       0x9a ./example/src/spi_sm_int.o
 .debug_macro   0x00002bd0       0x20 ./example/src/spi_sm_int.o
 .debug_macro   0x00002bf0      0x234 ./example/src/sysinit.o
 .debug_macro   0x00002e24      0x251 C:\Users\Joey\Documents\LPCXpresso_8.2.2_650\MATE_Workspace\lpc_board_nxp_lpcxpresso_824\Debug\liblpc_board_nxp_lpcxpresso_824.a(board.o)
 .debug_macro   0x00003075      0x838 C:\Users\Joey\Documents\LPCXpresso_8.2.2_650\MATE_Workspace\lpc_board_nxp_lpcxpresso_824\Debug\liblpc_board_nxp_lpcxpresso_824.a(board.o)
 .debug_macro   0x000038ad       0x12 C:\Users\Joey\Documents\LPCXpresso_8.2.2_650\MATE_Workspace\lpc_board_nxp_lpcxpresso_824\Debug\liblpc_board_nxp_lpcxpresso_824.a(board.o)
 .debug_macro   0x000038bf      0x234 C:\Users\Joey\Documents\LPCXpresso_8.2.2_650\MATE_Workspace\lpc_board_nxp_lpcxpresso_824\Debug\liblpc_board_nxp_lpcxpresso_824.a(board_sysinit.o)
 .debug_macro   0x00003af3      0x1ff C:\Users\Joey\Documents\LPCXpresso_8.2.2_650\MATE_Workspace\lpc_chip_82x\Debug\liblpc_chip_82x.a(chip_8xx.o)
 .debug_macro   0x00003cf2      0x1ff C:\Users\Joey\Documents\LPCXpresso_8.2.2_650\MATE_Workspace\lpc_chip_82x\Debug\liblpc_chip_82x.a(clock_8xx.o)
 .debug_macro   0x00003ef1      0x1ff C:\Users\Joey\Documents\LPCXpresso_8.2.2_650\MATE_Workspace\lpc_chip_82x\Debug\liblpc_chip_82x.a(gpio_8xx.o)
 .debug_macro   0x000040f0      0x1ff C:\Users\Joey\Documents\LPCXpresso_8.2.2_650\MATE_Workspace\lpc_chip_82x\Debug\liblpc_chip_82x.a(spim_8xx.o)
 .debug_macro   0x000042ef      0x1ff C:\Users\Joey\Documents\LPCXpresso_8.2.2_650\MATE_Workspace\lpc_chip_82x\Debug\liblpc_chip_82x.a(spis_8xx.o)
 .debug_macro   0x000044ee      0x209 C:\Users\Joey\Documents\LPCXpresso_8.2.2_650\MATE_Workspace\lpc_chip_82x\Debug\liblpc_chip_82x.a(stopwatch_8xx.o)
 .debug_macro   0x000046f7      0x20b C:\Users\Joey\Documents\LPCXpresso_8.2.2_650\MATE_Workspace\lpc_chip_82x\Debug\liblpc_chip_82x.a(swm_8xx.o)
 .debug_macro   0x00004902      0x20b C:\Users\Joey\Documents\LPCXpresso_8.2.2_650\MATE_Workspace\lpc_chip_82x\Debug\liblpc_chip_82x.a(sysinit_8xx.o)
 .debug_macro   0x00004b0d      0x1ff C:\Users\Joey\Documents\LPCXpresso_8.2.2_650\MATE_Workspace\lpc_chip_82x\Debug\liblpc_chip_82x.a(uart_8xx.o)
 .debug_macro   0x00004d0c      0x1ff C:\Users\Joey\Documents\LPCXpresso_8.2.2_650\MATE_Workspace\lpc_chip_82x\Debug\liblpc_chip_82x.a(irc_8xx.o)
 .debug_macro   0x00004f0b      0x217 C:\Users\Joey\Documents\LPCXpresso_8.2.2_650\MATE_Workspace\lpc_chip_82x\Debug\liblpc_chip_82x.a(syscon_8xx.o)

.debug_line     0x00000000     0x4be1
 .debug_line    0x00000000       0xc3 ./example/src/cr_startup_lpc82x.o
 .debug_line    0x000000c3       0x80 ./example/src/crp.o
 .debug_line    0x00000143       0x9d ./example/src/mtb.o
 .debug_line    0x000001e0      0x829 ./example/src/spi_sm_int.o
 .debug_line    0x00000a09      0x43f ./example/src/sysinit.o
 .debug_line    0x00000e48      0x68e C:\Users\Joey\Documents\LPCXpresso_8.2.2_650\MATE_Workspace\lpc_board_nxp_lpcxpresso_824\Debug\liblpc_board_nxp_lpcxpresso_824.a(board.o)
 .debug_line    0x000014d6      0x479 C:\Users\Joey\Documents\LPCXpresso_8.2.2_650\MATE_Workspace\lpc_board_nxp_lpcxpresso_824\Debug\liblpc_board_nxp_lpcxpresso_824.a(board_sysinit.o)
 .debug_line    0x0000194f      0x3b6 C:\Users\Joey\Documents\LPCXpresso_8.2.2_650\MATE_Workspace\lpc_chip_82x\Debug\liblpc_chip_82x.a(chip_8xx.o)
 .debug_line    0x00001d05      0x605 C:\Users\Joey\Documents\LPCXpresso_8.2.2_650\MATE_Workspace\lpc_chip_82x\Debug\liblpc_chip_82x.a(clock_8xx.o)
 .debug_line    0x0000230a      0x3ef C:\Users\Joey\Documents\LPCXpresso_8.2.2_650\MATE_Workspace\lpc_chip_82x\Debug\liblpc_chip_82x.a(gpio_8xx.o)
 .debug_line    0x000026f9      0x4f4 C:\Users\Joey\Documents\LPCXpresso_8.2.2_650\MATE_Workspace\lpc_chip_82x\Debug\liblpc_chip_82x.a(spim_8xx.o)
 .debug_line    0x00002bed      0x47a C:\Users\Joey\Documents\LPCXpresso_8.2.2_650\MATE_Workspace\lpc_chip_82x\Debug\liblpc_chip_82x.a(spis_8xx.o)
 .debug_line    0x00003067      0x4fb C:\Users\Joey\Documents\LPCXpresso_8.2.2_650\MATE_Workspace\lpc_chip_82x\Debug\liblpc_chip_82x.a(stopwatch_8xx.o)
 .debug_line    0x00003562      0x3f6 C:\Users\Joey\Documents\LPCXpresso_8.2.2_650\MATE_Workspace\lpc_chip_82x\Debug\liblpc_chip_82x.a(swm_8xx.o)
 .debug_line    0x00003958      0x43e C:\Users\Joey\Documents\LPCXpresso_8.2.2_650\MATE_Workspace\lpc_chip_82x\Debug\liblpc_chip_82x.a(sysinit_8xx.o)
 .debug_line    0x00003d96      0x5da C:\Users\Joey\Documents\LPCXpresso_8.2.2_650\MATE_Workspace\lpc_chip_82x\Debug\liblpc_chip_82x.a(uart_8xx.o)
 .debug_line    0x00004370      0x47e C:\Users\Joey\Documents\LPCXpresso_8.2.2_650\MATE_Workspace\lpc_chip_82x\Debug\liblpc_chip_82x.a(irc_8xx.o)
 .debug_line    0x000047ee      0x3f3 C:\Users\Joey\Documents\LPCXpresso_8.2.2_650\MATE_Workspace\lpc_chip_82x\Debug\liblpc_chip_82x.a(syscon_8xx.o)

.debug_str      0x00000000     0xecd5
 .debug_str     0x00000000     0x251d ./example/src/cr_startup_lpc82x.o
                               0x2530 (size before relaxing)
 .debug_str     0x0000251d       0xf1 ./example/src/crp.o
                               0x2493 (size before relaxing)
 .debug_str     0x0000260e      0x521 ./example/src/mtb.o
                               0x28c4 (size before relaxing)
 .debug_str     0x00002b2f     0xa411 ./example/src/spi_sm_int.o
                               0xc8e7 (size before relaxing)
 .debug_str     0x0000cf40       0x19 ./example/src/sysinit.o
                               0xb53d (size before relaxing)
 .debug_str     0x0000cf59      0x4d1 C:\Users\Joey\Documents\LPCXpresso_8.2.2_650\MATE_Workspace\lpc_board_nxp_lpcxpresso_824\Debug\liblpc_board_nxp_lpcxpresso_824.a(board.o)
                               0xc2e6 (size before relaxing)
 .debug_str     0x0000d42a       0x4e C:\Users\Joey\Documents\LPCXpresso_8.2.2_650\MATE_Workspace\lpc_board_nxp_lpcxpresso_824\Debug\liblpc_board_nxp_lpcxpresso_824.a(board_sysinit.o)
                               0xb986 (size before relaxing)
 .debug_str     0x0000d478       0x87 C:\Users\Joey\Documents\LPCXpresso_8.2.2_650\MATE_Workspace\lpc_chip_82x\Debug\liblpc_chip_82x.a(chip_8xx.o)
                               0xb3f5 (size before relaxing)
 .debug_str     0x0000d4ff      0x698 C:\Users\Joey\Documents\LPCXpresso_8.2.2_650\MATE_Workspace\lpc_chip_82x\Debug\liblpc_chip_82x.a(clock_8xx.o)
                               0xbdc1 (size before relaxing)
 .debug_str     0x0000db97       0x32 C:\Users\Joey\Documents\LPCXpresso_8.2.2_650\MATE_Workspace\lpc_chip_82x\Debug\liblpc_chip_82x.a(gpio_8xx.o)
                               0xb69b (size before relaxing)
 .debug_str     0x0000dbc9      0x14d C:\Users\Joey\Documents\LPCXpresso_8.2.2_650\MATE_Workspace\lpc_chip_82x\Debug\liblpc_chip_82x.a(spim_8xx.o)
                               0xb707 (size before relaxing)
 .debug_str     0x0000dd16       0x6a C:\Users\Joey\Documents\LPCXpresso_8.2.2_650\MATE_Workspace\lpc_chip_82x\Debug\liblpc_chip_82x.a(spis_8xx.o)
                               0xb600 (size before relaxing)
 .debug_str     0x0000dd80      0x1ab C:\Users\Joey\Documents\LPCXpresso_8.2.2_650\MATE_Workspace\lpc_chip_82x\Debug\liblpc_chip_82x.a(stopwatch_8xx.o)
                               0xbae1 (size before relaxing)
 .debug_str     0x0000df2b       0xed C:\Users\Joey\Documents\LPCXpresso_8.2.2_650\MATE_Workspace\lpc_chip_82x\Debug\liblpc_chip_82x.a(swm_8xx.o)
                               0xb7d2 (size before relaxing)
 .debug_str     0x0000e018      0x161 C:\Users\Joey\Documents\LPCXpresso_8.2.2_650\MATE_Workspace\lpc_chip_82x\Debug\liblpc_chip_82x.a(sysinit_8xx.o)
                               0xb655 (size before relaxing)
 .debug_str     0x0000e179      0x1f3 C:\Users\Joey\Documents\LPCXpresso_8.2.2_650\MATE_Workspace\lpc_chip_82x\Debug\liblpc_chip_82x.a(uart_8xx.o)
                               0xb9c0 (size before relaxing)
 .debug_str     0x0000e36c      0x855 C:\Users\Joey\Documents\LPCXpresso_8.2.2_650\MATE_Workspace\lpc_chip_82x\Debug\liblpc_chip_82x.a(irc_8xx.o)
                               0xc035 (size before relaxing)
 .debug_str     0x0000ebc1      0x114 C:\Users\Joey\Documents\LPCXpresso_8.2.2_650\MATE_Workspace\lpc_chip_82x\Debug\liblpc_chip_82x.a(syscon_8xx.o)
                               0xb511 (size before relaxing)

.comment        0x00000000       0xdc
 .comment       0x00000000       0x6e ./example/src/cr_startup_lpc82x.o
                                 0x6f (size before relaxing)
 .comment       0x0000006e       0x6f ./example/src/crp.o
 .comment       0x0000006e       0x6f ./example/src/mtb.o
 .comment       0x0000006e       0x6f ./example/src/spi_sm_int.o
 .comment       0x0000006e       0x6f ./example/src/sysinit.o
 .comment       0x0000006e       0x6f C:\Users\Joey\Documents\LPCXpresso_8.2.2_650\MATE_Workspace\lpc_board_nxp_lpcxpresso_824\Debug\liblpc_board_nxp_lpcxpresso_824.a(board.o)
 .comment       0x0000006e       0x6f C:\Users\Joey\Documents\LPCXpresso_8.2.2_650\MATE_Workspace\lpc_board_nxp_lpcxpresso_824\Debug\liblpc_board_nxp_lpcxpresso_824.a(board_sysinit.o)
 .comment       0x0000006e       0x6f C:\Users\Joey\Documents\LPCXpresso_8.2.2_650\MATE_Workspace\lpc_chip_82x\Debug\liblpc_chip_82x.a(chip_8xx.o)
 .comment       0x0000006e       0x6f C:\Users\Joey\Documents\LPCXpresso_8.2.2_650\MATE_Workspace\lpc_chip_82x\Debug\liblpc_chip_82x.a(clock_8xx.o)
 .comment       0x0000006e       0x6f C:\Users\Joey\Documents\LPCXpresso_8.2.2_650\MATE_Workspace\lpc_chip_82x\Debug\liblpc_chip_82x.a(gpio_8xx.o)
 .comment       0x0000006e       0x6f C:\Users\Joey\Documents\LPCXpresso_8.2.2_650\MATE_Workspace\lpc_chip_82x\Debug\liblpc_chip_82x.a(spim_8xx.o)
 .comment       0x0000006e       0x6f C:\Users\Joey\Documents\LPCXpresso_8.2.2_650\MATE_Workspace\lpc_chip_82x\Debug\liblpc_chip_82x.a(spis_8xx.o)
 .comment       0x0000006e       0x6f C:\Users\Joey\Documents\LPCXpresso_8.2.2_650\MATE_Workspace\lpc_chip_82x\Debug\liblpc_chip_82x.a(stopwatch_8xx.o)
 .comment       0x0000006e       0x6f C:\Users\Joey\Documents\LPCXpresso_8.2.2_650\MATE_Workspace\lpc_chip_82x\Debug\liblpc_chip_82x.a(swm_8xx.o)
 .comment       0x0000006e       0x6f C:\Users\Joey\Documents\LPCXpresso_8.2.2_650\MATE_Workspace\lpc_chip_82x\Debug\liblpc_chip_82x.a(sysinit_8xx.o)
 .comment       0x0000006e       0x6f C:\Users\Joey\Documents\LPCXpresso_8.2.2_650\MATE_Workspace\lpc_chip_82x\Debug\liblpc_chip_82x.a(uart_8xx.o)
 .comment       0x0000006e       0x6f C:\Users\Joey\Documents\LPCXpresso_8.2.2_650\MATE_Workspace\lpc_chip_82x\Debug\liblpc_chip_82x.a(irc_8xx.o)
 .comment       0x0000006e       0x6f C:\Users\Joey\Documents\LPCXpresso_8.2.2_650\MATE_Workspace\lpc_chip_82x\Debug\liblpc_chip_82x.a(syscon_8xx.o)
 .comment       0x0000006e       0x6e c:/nxp/lpcxpresso_8.2.2_650/lpcxpresso/tools/bin/../lib/gcc/arm-none-eabi/5.4.1/../../../../arm-none-eabi/lib/armv6-m\libcr_nohost.a(_cr__main.o)
                                 0x6f (size before relaxing)
 .comment       0x000000dc       0x6f c:/nxp/lpcxpresso_8.2.2_650/lpcxpresso/tools/bin/../lib/gcc/arm-none-eabi/5.4.1/../../../../arm-none-eabi/lib/armv6-m\libcr_c.a(initio.o)
 .comment       0x000000dc       0x6f c:/nxp/lpcxpresso_8.2.2_650/lpcxpresso/tools/bin/../lib/gcc/arm-none-eabi/5.4.1/../../../../arm-none-eabi/lib/armv6-m\libcr_c.a(setvbuf.o)
 .comment       0x000000dc       0x6f c:/nxp/lpcxpresso_8.2.2_650/lpcxpresso/tools/bin/../lib/gcc/arm-none-eabi/5.4.1/../../../../arm-none-eabi/lib/armv6-m\libcr_c.a(stdio.o)
 .comment       0x000000dc       0x6f c:/nxp/lpcxpresso_8.2.2_650/lpcxpresso/tools/bin/../lib/gcc/arm-none-eabi/5.4.1/../../../../arm-none-eabi/lib/armv6-m\libcr_c.a(memset.o)
 .comment       0x000000dc       0x6f c:/nxp/lpcxpresso_8.2.2_650/lpcxpresso/tools/bin/../lib/gcc/arm-none-eabi/5.4.1/../../../../arm-none-eabi/lib/armv6-m\libcr_c.a(_deferredlazyseek.o)
 .comment       0x000000dc       0x6f c:/nxp/lpcxpresso_8.2.2_650/lpcxpresso/tools/bin/../lib/gcc/arm-none-eabi/5.4.1/../../../../arm-none-eabi/lib/armv6-m\libcr_c.a(_fdopen.o)
 .comment       0x000000dc       0x6f c:/nxp/lpcxpresso_8.2.2_650/lpcxpresso/tools/bin/../lib/gcc/arm-none-eabi/5.4.1/../../../../arm-none-eabi/lib/armv6-m\libcr_c.a(_fflush.o)
 .comment       0x000000dc       0x6f c:/nxp/lpcxpresso_8.2.2_650/lpcxpresso/tools/bin/../lib/gcc/arm-none-eabi/5.4.1/../../../../arm-none-eabi/lib/armv6-m\libcr_c.a(_writebuf.o)
 .comment       0x000000dc       0x6f c:/nxp/lpcxpresso_8.2.2_650/lpcxpresso/tools/bin/../lib/gcc/arm-none-eabi/5.4.1/../../../../arm-none-eabi/lib/armv6-m\libcr_c.a(alloc.o)
 .comment       0x000000dc       0x6f c:/nxp/lpcxpresso_8.2.2_650/lpcxpresso/tools/bin/../lib/gcc/arm-none-eabi/5.4.1/../../../../arm-none-eabi/lib/armv6-m\libcr_c.a(fclose.o)
 .comment       0x000000dc       0x6f c:/nxp/lpcxpresso_8.2.2_650/lpcxpresso/tools/bin/../lib/gcc/arm-none-eabi/5.4.1/../../../../arm-none-eabi/lib/armv6-m\libcr_c.a(fflush.o)
 .comment       0x000000dc       0x6f c:/nxp/lpcxpresso_8.2.2_650/lpcxpresso/tools/bin/../lib/gcc/arm-none-eabi/5.4.1/../../../../arm-none-eabi/lib/armv6-m\libcr_c.a(fseek.o)
 .comment       0x000000dc       0x6f c:/nxp/lpcxpresso_8.2.2_650/lpcxpresso/tools/bin/../lib/gcc/arm-none-eabi/5.4.1/../../../../arm-none-eabi/lib/armv6-m\libcr_c.a(ftell.o)
 .comment       0x000000dc       0x6f c:/nxp/lpcxpresso_8.2.2_650/lpcxpresso/tools/bin/../lib/gcc/arm-none-eabi/5.4.1/../../../../arm-none-eabi/lib/armv6-m\libcr_c.a(remove.o)
 .comment       0x000000dc       0x6f c:/nxp/lpcxpresso_8.2.2_650/lpcxpresso/tools/bin/../lib/gcc/arm-none-eabi/5.4.1/../../../../arm-none-eabi/lib/armv6-m\libcr_c.a(strlen.o)
 .comment       0x000000dc       0x6f c:/nxp/lpcxpresso_8.2.2_650/lpcxpresso/tools/bin/../lib/gcc/arm-none-eabi/5.4.1/../../../../arm-none-eabi/lib/armv6-m\libcr_c.a(__init_alloc.o)
 .comment       0x000000dc       0x6f c:/nxp/lpcxpresso_8.2.2_650/lpcxpresso/tools/bin/../lib/gcc/arm-none-eabi/5.4.1/../../../../arm-none-eabi/lib/armv6-m\libcr_c.a(_cr_sbrk.o)
 .comment       0x000000dc       0x6f c:/nxp/lpcxpresso_8.2.2_650/lpcxpresso/tools/bin/../lib/gcc/arm-none-eabi/5.4.1/../../../../arm-none-eabi/lib/armv6-m\libcr_c.a(_do_fflush.o)
 .comment       0x000000dc       0x6f c:/nxp/lpcxpresso_8.2.2_650/lpcxpresso/tools/bin/../lib/gcc/arm-none-eabi/5.4.1/../../../../arm-none-eabi/lib/armv6-m\libcr_c.a(errno.o)
 .comment       0x000000dc       0x6f c:/nxp/lpcxpresso_8.2.2_650/lpcxpresso/tools/bin/../lib/gcc/arm-none-eabi/5.4.1/../../../../arm-none-eabi/lib/armv6-m\libcr_c.a(_cr_check_heap.o)
 .comment       0x000000dc       0x6f c:/nxp/lpcxpresso_8.2.2_650/lpcxpresso/tools/bin/../lib/gcc/arm-none-eabi/5.4.1/../../../../arm-none-eabi/lib/armv6-m\libcr_nohost.a(__sys_appexit.o)
 .comment       0x000000dc       0x6f c:/nxp/lpcxpresso_8.2.2_650/lpcxpresso/tools/bin/../lib/gcc/arm-none-eabi/5.4.1/../../../../arm-none-eabi/lib/armv6-m\libcr_nohost.a(__sys_close.o)
 .comment       0x000000dc       0x6f c:/nxp/lpcxpresso_8.2.2_650/lpcxpresso/tools/bin/../lib/gcc/arm-none-eabi/5.4.1/../../../../arm-none-eabi/lib/armv6-m\libcr_nohost.a(__sys_flen.o)
 .comment       0x000000dc       0x6f c:/nxp/lpcxpresso_8.2.2_650/lpcxpresso/tools/bin/../lib/gcc/arm-none-eabi/5.4.1/../../../../arm-none-eabi/lib/armv6-m\libcr_nohost.a(__sys_istty.o)
 .comment       0x000000dc       0x6f c:/nxp/lpcxpresso_8.2.2_650/lpcxpresso/tools/bin/../lib/gcc/arm-none-eabi/5.4.1/../../../../arm-none-eabi/lib/armv6-m\libcr_nohost.a(__sys_remove.o)
 .comment       0x000000dc       0x6f c:/nxp/lpcxpresso_8.2.2_650/lpcxpresso/tools/bin/../lib/gcc/arm-none-eabi/5.4.1/../../../../arm-none-eabi/lib/armv6-m\libcr_nohost.a(__sys_seek.o)
 .comment       0x000000dc       0x6f c:/nxp/lpcxpresso_8.2.2_650/lpcxpresso/tools/bin/../lib/gcc/arm-none-eabi/5.4.1/../../../../arm-none-eabi/lib/armv6-m\libcr_nohost.a(__sys_tmpnam.o)

.ARM.attributes
                0x00000000       0x2f
 .ARM.attributes
                0x00000000       0x31 ./example/src/cr_startup_lpc82x.o
 .ARM.attributes
                0x00000031       0x31 ./example/src/crp.o
 .ARM.attributes
                0x00000062       0x31 ./example/src/mtb.o
 .ARM.attributes
                0x00000093       0x31 ./example/src/spi_sm_int.o
 .ARM.attributes
                0x000000c4       0x31 ./example/src/sysinit.o
 .ARM.attributes
                0x000000f5       0x31 C:\Users\Joey\Documents\LPCXpresso_8.2.2_650\MATE_Workspace\lpc_board_nxp_lpcxpresso_824\Debug\liblpc_board_nxp_lpcxpresso_824.a(board.o)
 .ARM.attributes
                0x00000126       0x31 C:\Users\Joey\Documents\LPCXpresso_8.2.2_650\MATE_Workspace\lpc_board_nxp_lpcxpresso_824\Debug\liblpc_board_nxp_lpcxpresso_824.a(board_sysinit.o)
 .ARM.attributes
                0x00000157       0x31 C:\Users\Joey\Documents\LPCXpresso_8.2.2_650\MATE_Workspace\lpc_chip_82x\Debug\liblpc_chip_82x.a(chip_8xx.o)
 .ARM.attributes
                0x00000188       0x31 C:\Users\Joey\Documents\LPCXpresso_8.2.2_650\MATE_Workspace\lpc_chip_82x\Debug\liblpc_chip_82x.a(clock_8xx.o)
 .ARM.attributes
                0x000001b9       0x31 C:\Users\Joey\Documents\LPCXpresso_8.2.2_650\MATE_Workspace\lpc_chip_82x\Debug\liblpc_chip_82x.a(gpio_8xx.o)
 .ARM.attributes
                0x000001ea       0x31 C:\Users\Joey\Documents\LPCXpresso_8.2.2_650\MATE_Workspace\lpc_chip_82x\Debug\liblpc_chip_82x.a(spim_8xx.o)
 .ARM.attributes
                0x0000021b       0x31 C:\Users\Joey\Documents\LPCXpresso_8.2.2_650\MATE_Workspace\lpc_chip_82x\Debug\liblpc_chip_82x.a(spis_8xx.o)
 .ARM.attributes
                0x0000024c       0x31 C:\Users\Joey\Documents\LPCXpresso_8.2.2_650\MATE_Workspace\lpc_chip_82x\Debug\liblpc_chip_82x.a(stopwatch_8xx.o)
 .ARM.attributes
                0x0000027d       0x31 C:\Users\Joey\Documents\LPCXpresso_8.2.2_650\MATE_Workspace\lpc_chip_82x\Debug\liblpc_chip_82x.a(swm_8xx.o)
 .ARM.attributes
                0x000002ae       0x31 C:\Users\Joey\Documents\LPCXpresso_8.2.2_650\MATE_Workspace\lpc_chip_82x\Debug\liblpc_chip_82x.a(sysinit_8xx.o)
 .ARM.attributes
                0x000002df       0x31 C:\Users\Joey\Documents\LPCXpresso_8.2.2_650\MATE_Workspace\lpc_chip_82x\Debug\liblpc_chip_82x.a(uart_8xx.o)
 .ARM.attributes
                0x00000310       0x31 C:\Users\Joey\Documents\LPCXpresso_8.2.2_650\MATE_Workspace\lpc_chip_82x\Debug\liblpc_chip_82x.a(irc_8xx.o)
 .ARM.attributes
                0x00000341       0x31 C:\Users\Joey\Documents\LPCXpresso_8.2.2_650\MATE_Workspace\lpc_chip_82x\Debug\liblpc_chip_82x.a(syscon_8xx.o)
 .ARM.attributes
                0x00000372       0x31 c:/nxp/lpcxpresso_8.2.2_650/lpcxpresso/tools/bin/../lib/gcc/arm-none-eabi/5.4.1/../../../../arm-none-eabi/lib/armv6-m\libcr_nohost.a(_cr__main.o)
 .ARM.attributes
                0x000003a3       0x31 c:/nxp/lpcxpresso_8.2.2_650/lpcxpresso/tools/bin/../lib/gcc/arm-none-eabi/5.4.1/../../../../arm-none-eabi/lib/armv6-m\libcr_c.a(initio.o)
 .ARM.attributes
                0x000003d4       0x31 c:/nxp/lpcxpresso_8.2.2_650/lpcxpresso/tools/bin/../lib/gcc/arm-none-eabi/5.4.1/../../../../arm-none-eabi/lib/armv6-m\libcr_c.a(setvbuf.o)
 .ARM.attributes
                0x00000405       0x31 c:/nxp/lpcxpresso_8.2.2_650/lpcxpresso/tools/bin/../lib/gcc/arm-none-eabi/5.4.1/../../../../arm-none-eabi/lib/armv6-m\libcr_c.a(stdio.o)
 .ARM.attributes
                0x00000436       0x31 c:/nxp/lpcxpresso_8.2.2_650/lpcxpresso/tools/bin/../lib/gcc/arm-none-eabi/5.4.1/../../../../arm-none-eabi/lib/armv6-m\libcr_c.a(memset.o)
 .ARM.attributes
                0x00000467       0x31 c:/nxp/lpcxpresso_8.2.2_650/lpcxpresso/tools/bin/../lib/gcc/arm-none-eabi/5.4.1/../../../../arm-none-eabi/lib/armv6-m\libcr_c.a(_deferredlazyseek.o)
 .ARM.attributes
                0x00000498       0x31 c:/nxp/lpcxpresso_8.2.2_650/lpcxpresso/tools/bin/../lib/gcc/arm-none-eabi/5.4.1/../../../../arm-none-eabi/lib/armv6-m\libcr_c.a(_fdopen.o)
 .ARM.attributes
                0x000004c9       0x31 c:/nxp/lpcxpresso_8.2.2_650/lpcxpresso/tools/bin/../lib/gcc/arm-none-eabi/5.4.1/../../../../arm-none-eabi/lib/armv6-m\libcr_c.a(_fflush.o)
 .ARM.attributes
                0x000004fa       0x31 c:/nxp/lpcxpresso_8.2.2_650/lpcxpresso/tools/bin/../lib/gcc/arm-none-eabi/5.4.1/../../../../arm-none-eabi/lib/armv6-m\libcr_c.a(_writebuf.o)
 .ARM.attributes
                0x0000052b       0x31 c:/nxp/lpcxpresso_8.2.2_650/lpcxpresso/tools/bin/../lib/gcc/arm-none-eabi/5.4.1/../../../../arm-none-eabi/lib/armv6-m\libcr_c.a(alloc.o)
 .ARM.attributes
                0x0000055c       0x31 c:/nxp/lpcxpresso_8.2.2_650/lpcxpresso/tools/bin/../lib/gcc/arm-none-eabi/5.4.1/../../../../arm-none-eabi/lib/armv6-m\libcr_c.a(fclose.o)
 .ARM.attributes
                0x0000058d       0x31 c:/nxp/lpcxpresso_8.2.2_650/lpcxpresso/tools/bin/../lib/gcc/arm-none-eabi/5.4.1/../../../../arm-none-eabi/lib/armv6-m\libcr_c.a(fflush.o)
 .ARM.attributes
                0x000005be       0x31 c:/nxp/lpcxpresso_8.2.2_650/lpcxpresso/tools/bin/../lib/gcc/arm-none-eabi/5.4.1/../../../../arm-none-eabi/lib/armv6-m\libcr_c.a(fseek.o)
 .ARM.attributes
                0x000005ef       0x31 c:/nxp/lpcxpresso_8.2.2_650/lpcxpresso/tools/bin/../lib/gcc/arm-none-eabi/5.4.1/../../../../arm-none-eabi/lib/armv6-m\libcr_c.a(ftell.o)
 .ARM.attributes
                0x00000620       0x31 c:/nxp/lpcxpresso_8.2.2_650/lpcxpresso/tools/bin/../lib/gcc/arm-none-eabi/5.4.1/../../../../arm-none-eabi/lib/armv6-m\libcr_c.a(remove.o)
 .ARM.attributes
                0x00000651       0x31 c:/nxp/lpcxpresso_8.2.2_650/lpcxpresso/tools/bin/../lib/gcc/arm-none-eabi/5.4.1/../../../../arm-none-eabi/lib/armv6-m\libcr_c.a(strlen.o)
 .ARM.attributes
                0x00000682       0x31 c:/nxp/lpcxpresso_8.2.2_650/lpcxpresso/tools/bin/../lib/gcc/arm-none-eabi/5.4.1/../../../../arm-none-eabi/lib/armv6-m\libcr_c.a(__init_alloc.o)
 .ARM.attributes
                0x000006b3       0x31 c:/nxp/lpcxpresso_8.2.2_650/lpcxpresso/tools/bin/../lib/gcc/arm-none-eabi/5.4.1/../../../../arm-none-eabi/lib/armv6-m\libcr_c.a(_cr_sbrk.o)
 .ARM.attributes
                0x000006e4       0x31 c:/nxp/lpcxpresso_8.2.2_650/lpcxpresso/tools/bin/../lib/gcc/arm-none-eabi/5.4.1/../../../../arm-none-eabi/lib/armv6-m\libcr_c.a(_do_fflush.o)
 .ARM.attributes
                0x00000715       0x31 c:/nxp/lpcxpresso_8.2.2_650/lpcxpresso/tools/bin/../lib/gcc/arm-none-eabi/5.4.1/../../../../arm-none-eabi/lib/armv6-m\libcr_c.a(errno.o)
 .ARM.attributes
                0x00000746       0x31 c:/nxp/lpcxpresso_8.2.2_650/lpcxpresso/tools/bin/../lib/gcc/arm-none-eabi/5.4.1/../../../../arm-none-eabi/lib/armv6-m\libcr_c.a(_cr_check_heap.o)
 .ARM.attributes
                0x00000777       0x21 c:/nxp/lpcxpresso_8.2.2_650/lpcxpresso/tools/bin/../lib/gcc/arm-none-eabi/5.4.1/armv6-m\libcr_eabihelpers.a(division_32.o)
 .ARM.attributes
                0x00000798       0x21 c:/nxp/lpcxpresso_8.2.2_650/lpcxpresso/tools/bin/../lib/gcc/arm-none-eabi/5.4.1/armv6-m\libcr_eabihelpers.a(division_64.o)
 .ARM.attributes
                0x000007b9       0x21 c:/nxp/lpcxpresso_8.2.2_650/lpcxpresso/tools/bin/../lib/gcc/arm-none-eabi/5.4.1/armv6-m\libcr_eabihelpers.a(division_idiv0.o)
 .ARM.attributes
                0x000007da       0x21 c:/nxp/lpcxpresso_8.2.2_650/lpcxpresso/tools/bin/../lib/gcc/arm-none-eabi/5.4.1/armv6-m\libcr_eabihelpers.a(memcpy.o)
 .ARM.attributes
                0x000007fb       0x31 c:/nxp/lpcxpresso_8.2.2_650/lpcxpresso/tools/bin/../lib/gcc/arm-none-eabi/5.4.1/../../../../arm-none-eabi/lib/armv6-m\libcr_nohost.a(__sys_appexit.o)
 .ARM.attributes
                0x0000082c       0x31 c:/nxp/lpcxpresso_8.2.2_650/lpcxpresso/tools/bin/../lib/gcc/arm-none-eabi/5.4.1/../../../../arm-none-eabi/lib/armv6-m\libcr_nohost.a(__sys_close.o)
 .ARM.attributes
                0x0000085d       0x31 c:/nxp/lpcxpresso_8.2.2_650/lpcxpresso/tools/bin/../lib/gcc/arm-none-eabi/5.4.1/../../../../arm-none-eabi/lib/armv6-m\libcr_nohost.a(__sys_flen.o)
 .ARM.attributes
                0x0000088e       0x31 c:/nxp/lpcxpresso_8.2.2_650/lpcxpresso/tools/bin/../lib/gcc/arm-none-eabi/5.4.1/../../../../arm-none-eabi/lib/armv6-m\libcr_nohost.a(__sys_istty.o)
 .ARM.attributes
                0x000008bf       0x31 c:/nxp/lpcxpresso_8.2.2_650/lpcxpresso/tools/bin/../lib/gcc/arm-none-eabi/5.4.1/../../../../arm-none-eabi/lib/armv6-m\libcr_nohost.a(__sys_remove.o)
 .ARM.attributes
                0x000008f0       0x31 c:/nxp/lpcxpresso_8.2.2_650/lpcxpresso/tools/bin/../lib/gcc/arm-none-eabi/5.4.1/../../../../arm-none-eabi/lib/armv6-m\libcr_nohost.a(__sys_seek.o)
 .ARM.attributes
                0x00000921       0x31 c:/nxp/lpcxpresso_8.2.2_650/lpcxpresso/tools/bin/../lib/gcc/arm-none-eabi/5.4.1/../../../../arm-none-eabi/lib/armv6-m\libcr_nohost.a(__sys_tmpnam.o)

.debug_frame    0x00000000     0x189c
 .debug_frame   0x00000000      0x118 ./example/src/cr_startup_lpc82x.o
 .debug_frame   0x00000118      0x508 ./example/src/spi_sm_int.o
 .debug_frame   0x00000620       0x2c ./example/src/sysinit.o
 .debug_frame   0x0000064c      0x304 C:\Users\Joey\Documents\LPCXpresso_8.2.2_650\MATE_Workspace\lpc_board_nxp_lpcxpresso_824\Debug\liblpc_board_nxp_lpcxpresso_824.a(board.o)
 .debug_frame   0x00000950       0x84 C:\Users\Joey\Documents\LPCXpresso_8.2.2_650\MATE_Workspace\lpc_board_nxp_lpcxpresso_824\Debug\liblpc_board_nxp_lpcxpresso_824.a(board_sysinit.o)
 .debug_frame   0x000009d4       0x2c C:\Users\Joey\Documents\LPCXpresso_8.2.2_650\MATE_Workspace\lpc_chip_82x\Debug\liblpc_chip_82x.a(chip_8xx.o)
 .debug_frame   0x00000a00      0x354 C:\Users\Joey\Documents\LPCXpresso_8.2.2_650\MATE_Workspace\lpc_chip_82x\Debug\liblpc_chip_82x.a(clock_8xx.o)
 .debug_frame   0x00000d54       0x90 C:\Users\Joey\Documents\LPCXpresso_8.2.2_650\MATE_Workspace\lpc_chip_82x\Debug\liblpc_chip_82x.a(gpio_8xx.o)
 .debug_frame   0x00000de4      0x1b0 C:\Users\Joey\Documents\LPCXpresso_8.2.2_650\MATE_Workspace\lpc_chip_82x\Debug\liblpc_chip_82x.a(spim_8xx.o)
 .debug_frame   0x00000f94       0xf0 C:\Users\Joey\Documents\LPCXpresso_8.2.2_650\MATE_Workspace\lpc_chip_82x\Debug\liblpc_chip_82x.a(spis_8xx.o)
 .debug_frame   0x00001084      0x200 C:\Users\Joey\Documents\LPCXpresso_8.2.2_650\MATE_Workspace\lpc_chip_82x\Debug\liblpc_chip_82x.a(stopwatch_8xx.o)
 .debug_frame   0x00001284       0x90 C:\Users\Joey\Documents\LPCXpresso_8.2.2_650\MATE_Workspace\lpc_chip_82x\Debug\liblpc_chip_82x.a(swm_8xx.o)
 .debug_frame   0x00001314       0xe0 C:\Users\Joey\Documents\LPCXpresso_8.2.2_650\MATE_Workspace\lpc_chip_82x\Debug\liblpc_chip_82x.a(sysinit_8xx.o)
 .debug_frame   0x000013f4      0x310 C:\Users\Joey\Documents\LPCXpresso_8.2.2_650\MATE_Workspace\lpc_chip_82x\Debug\liblpc_chip_82x.a(uart_8xx.o)
 .debug_frame   0x00001704      0x108 C:\Users\Joey\Documents\LPCXpresso_8.2.2_650\MATE_Workspace\lpc_chip_82x\Debug\liblpc_chip_82x.a(irc_8xx.o)
 .debug_frame   0x0000180c       0x90 C:\Users\Joey\Documents\LPCXpresso_8.2.2_650\MATE_Workspace\lpc_chip_82x\Debug\liblpc_chip_82x.a(syscon_8xx.o)
