Archive member included to satisfy reference by file (symbol)

C:\Users\Joey\Documents\LPCXpresso_8.2.2_650\MATE_Workspace\lpc_board_nxp_lpcxpresso_824\Debug\liblpc_board_nxp_lpcxpresso_824.a(board.o)
                              ./example/src/gpio.o (Board_LED_Toggle)
C:\Users\Joey\Documents\LPCXpresso_8.2.2_650\MATE_Workspace\lpc_board_nxp_lpcxpresso_824\Debug\liblpc_board_nxp_lpcxpresso_824.a(board_sysinit.o)
                              ./example/src/sysinit.o (Board_SystemInit)
C:\Users\Joey\Documents\LPCXpresso_8.2.2_650\MATE_Workspace\lpc_chip_82x\Debug\liblpc_chip_82x.a(chip_8xx.o)
                              ./example/src/gpio.o (SystemCoreClock)
C:\Users\Joey\Documents\LPCXpresso_8.2.2_650\MATE_Workspace\lpc_chip_82x\Debug\liblpc_chip_82x.a(clock_8xx.o)
                              C:\Users\Joey\Documents\LPCXpresso_8.2.2_650\MATE_Workspace\lpc_chip_82x\Debug\liblpc_chip_82x.a(chip_8xx.o) (Chip_Clock_GetSystemClockRate)
C:\Users\Joey\Documents\LPCXpresso_8.2.2_650\MATE_Workspace\lpc_chip_82x\Debug\liblpc_chip_82x.a(gpio_8xx.o)
                              C:\Users\Joey\Documents\LPCXpresso_8.2.2_650\MATE_Workspace\lpc_board_nxp_lpcxpresso_824\Debug\liblpc_board_nxp_lpcxpresso_824.a(board.o) (Chip_GPIO_Init)
C:\Users\Joey\Documents\LPCXpresso_8.2.2_650\MATE_Workspace\lpc_chip_82x\Debug\liblpc_chip_82x.a(swm_8xx.o)
                              C:\Users\Joey\Documents\LPCXpresso_8.2.2_650\MATE_Workspace\lpc_board_nxp_lpcxpresso_824\Debug\liblpc_board_nxp_lpcxpresso_824.a(board.o) (Chip_SWM_MovablePinAssign)
C:\Users\Joey\Documents\LPCXpresso_8.2.2_650\MATE_Workspace\lpc_chip_82x\Debug\liblpc_chip_82x.a(sysinit_8xx.o)
                              C:\Users\Joey\Documents\LPCXpresso_8.2.2_650\MATE_Workspace\lpc_board_nxp_lpcxpresso_824\Debug\liblpc_board_nxp_lpcxpresso_824.a(board_sysinit.o) (Chip_SetupIrcClocking)
C:\Users\Joey\Documents\LPCXpresso_8.2.2_650\MATE_Workspace\lpc_chip_82x\Debug\liblpc_chip_82x.a(uart_8xx.o)
                              C:\Users\Joey\Documents\LPCXpresso_8.2.2_650\MATE_Workspace\lpc_board_nxp_lpcxpresso_824\Debug\liblpc_board_nxp_lpcxpresso_824.a(board.o) (Chip_UART_Init)
C:\Users\Joey\Documents\LPCXpresso_8.2.2_650\MATE_Workspace\lpc_chip_82x\Debug\liblpc_chip_82x.a(irc_8xx.o)
                              C:\Users\Joey\Documents\LPCXpresso_8.2.2_650\MATE_Workspace\lpc_chip_82x\Debug\liblpc_chip_82x.a(sysinit_8xx.o) (Chip_IRC_SetFreq)
C:\Users\Joey\Documents\LPCXpresso_8.2.2_650\MATE_Workspace\lpc_chip_82x\Debug\liblpc_chip_82x.a(ring_buffer.o)
                              C:\Users\Joey\Documents\LPCXpresso_8.2.2_650\MATE_Workspace\lpc_chip_82x\Debug\liblpc_chip_82x.a(uart_8xx.o) (RingBuffer_Insert)
C:\Users\Joey\Documents\LPCXpresso_8.2.2_650\MATE_Workspace\lpc_chip_82x\Debug\liblpc_chip_82x.a(syscon_8xx.o)
                              C:\Users\Joey\Documents\LPCXpresso_8.2.2_650\MATE_Workspace\lpc_chip_82x\Debug\liblpc_chip_82x.a(sysinit_8xx.o) (Chip_SYSCTL_PowerDown)
c:/nxp/lpcxpresso_8.2.2_650/lpcxpresso/tools/bin/../lib/gcc/arm-none-eabi/5.4.1/../../../../arm-none-eabi/lib/armv6-m\libcr_nohost.a(_cr__main.o)
                              ./example/src/cr_startup_lpc82x.o (__main)
c:/nxp/lpcxpresso_8.2.2_650/lpcxpresso/tools/bin/../lib/gcc/arm-none-eabi/5.4.1/../../../../arm-none-eabi/lib/armv6-m\libcr_c.a(memcpy.o)
                              C:\Users\Joey\Documents\LPCXpresso_8.2.2_650\MATE_Workspace\lpc_chip_82x\Debug\liblpc_chip_82x.a(ring_buffer.o) (memcpy)
c:/nxp/lpcxpresso_8.2.2_650/lpcxpresso/tools/bin/../lib/gcc/arm-none-eabi/5.4.1/../../../../arm-none-eabi/lib/armv6-m\libcr_c.a(initio.o)
                              c:/nxp/lpcxpresso_8.2.2_650/lpcxpresso/tools/bin/../lib/gcc/arm-none-eabi/5.4.1/../../../../arm-none-eabi/lib/armv6-m\libcr_nohost.a(_cr__main.o) (_initio)
c:/nxp/lpcxpresso_8.2.2_650/lpcxpresso/tools/bin/../lib/gcc/arm-none-eabi/5.4.1/../../../../arm-none-eabi/lib/armv6-m\libcr_c.a(setvbuf.o)
                              c:/nxp/lpcxpresso_8.2.2_650/lpcxpresso/tools/bin/../lib/gcc/arm-none-eabi/5.4.1/../../../../arm-none-eabi/lib/armv6-m\libcr_c.a(initio.o) (setvbuf)
c:/nxp/lpcxpresso_8.2.2_650/lpcxpresso/tools/bin/../lib/gcc/arm-none-eabi/5.4.1/../../../../arm-none-eabi/lib/armv6-m\libcr_c.a(stdio.o)
                              c:/nxp/lpcxpresso_8.2.2_650/lpcxpresso/tools/bin/../lib/gcc/arm-none-eabi/5.4.1/../../../../arm-none-eabi/lib/armv6-m\libcr_c.a(initio.o) (__Ciob)
c:/nxp/lpcxpresso_8.2.2_650/lpcxpresso/tools/bin/../lib/gcc/arm-none-eabi/5.4.1/../../../../arm-none-eabi/lib/armv6-m\libcr_c.a(memset.o)
                              c:/nxp/lpcxpresso_8.2.2_650/lpcxpresso/tools/bin/../lib/gcc/arm-none-eabi/5.4.1/../../../../arm-none-eabi/lib/armv6-m\libcr_c.a(initio.o) (memset)
c:/nxp/lpcxpresso_8.2.2_650/lpcxpresso/tools/bin/../lib/gcc/arm-none-eabi/5.4.1/../../../../arm-none-eabi/lib/armv6-m\libcr_c.a(__fillbuf.o)
[...]
Memory Configuration

Name             Origin             Length             Attributes
MFlash32         0x00000000         0x00008000         xr
RamLoc8          0x10000000         0x00002000         xrw
*default*        0x00000000         0xffffffff

Linker script and memory map

LOAD ./example/src/cr_startup_lpc82x.o
LOAD ./example/src/crp.o
LOAD ./example/src/gpio.o
LOAD ./example/src/mtb.o
LOAD ./example/src/sysinit.o
LOAD C:\Users\Joey\Documents\LPCXpresso_8.2.2_650\MATE_Workspace\lpc_board_nxp_lpcxpresso_824\Debug\liblpc_board_nxp_lpcxpresso_824.a
LOAD C:\Users\Joey\Documents\LPCXpresso_8.2.2_650\MATE_Workspace\lpc_chip_82x\Debug\liblpc_chip_82x.a
START GROUP
LOAD c:/nxp/lpcxpresso_8.2.2_650/lpcxpresso/tools/bin/../lib/gcc/arm-none-eabi/5.4.1/../../../../arm-none-eabi/lib/armv6-m\libcr_nohost.a
LOAD c:/nxp/lpcxpresso_8.2.2_650/lpcxpresso/tools/bin/../lib/gcc/arm-none-eabi/5.4.1/../../../../arm-none-eabi/lib/armv6-m\libcr_c.a
LOAD c:/nxp/lpcxpresso_8.2.2_650/lpcxpresso/tools/bin/../lib/gcc/arm-none-eabi/5.4.1/armv6-m\libcr_eabihelpers.a
END GROUP
                0x00000000                __base_MFlash32 = 0x0
                0x00000000                __base_Flash = 0x0
                0x00008000                __top_MFlash32 = 0x8000
                0x00008000                __top_Flash = 0x8000
                0x10000000                __base_RamLoc8 = 0x10000000
                0x10000000                __base_RAM = 0x10000000
                0x10002000                __top_RamLoc8 = 0x10002000
                0x10002000                __top_RAM = 0x10002000

.text           0x00000000     0x1fb8
 FILL mask 0xff
                0x00000000                __vectors_start__ = ABSOLUTE (.)
 *(.isr_vector)
 .isr_vector    0x00000000       0xc0 ./example/src/cr_startup_lpc82x.o
                0x00000000                g_pfnVectors
                0x000000c0                . = ALIGN (0x4)
                0x000000c0                __section_table_start = .
                0x000000c0                __data_section_table = .
                0x000000c0        0x4 LONG 0x1fb8 LOADADDR (.data)
                0x000000c4        0x4 LONG 0x10000080 ADDR (.data)
                0x000000c8        0x4 LONG 0x0 SIZEOF (.data)
                0x000000cc                __data_section_table_end = .
                0x000000cc                __bss_section_table = .
                0x000000cc        0x4 LONG 0x10000080 ADDR (.bss)
                0x000000d0        0x4 LONG 0x158 SIZEOF (.bss)
                0x000000d4                __bss_section_table_end = .
                0x000000d4                __section_table_end = .
 *(.after_vectors*)
 .after_vectors
                0x000000d4      0x124 ./example/src/cr_startup_lpc82x.o
                0x000000d4                data_init
                0x00000114                bss_init
                0x00000148                ResetISR
                0x000001c8                NMI_Handler
                0x000001d0                HardFault_Handler
                0x000001d8                SVC_Handler
                0x000001e0                PendSV_Handler
                0x000001f0                UART1_IRQHandler
                0x000001f0                ADC_SEQB_IRQHandler
                0x000001f0                UART0_IRQHandler
                0x000001f0                I2C1_IRQHandler
                0x000001f0                MRT_IRQHandler
                0x000001f0                SPI1_IRQHandler
                0x000001f0                PIN_INT6_IRQHandler
                0x000001f0                IntDefaultHandler
                0x000001f0                PIN_INT4_IRQHandler
                0x000001f0                ADC_OVR_IRQHandler
                0x000001f0                I2C0_IRQHandler
                0x000001f0                CMP_IRQHandler
                0x000001f0                UART2_IRQHandler
                0x000001f0                PIN_INT5_IRQHandler
                0x000001f0                PIN_INT2_IRQHandler
                0x000001f0                PIN_INT7_IRQHandler
                0x000001f0                ADC_THCMP_IRQHandler
                0x000001f0                PIN_INT1_IRQHandler
                0x000001f0                BOD_IRQHandler
                0x000001f0                I2C3_IRQHandler
                0x000001f0                SCT_IRQHandler
                0x000001f0                WDT_IRQHandler
                0x000001f0                WKT_IRQHandler
                0x000001f0                ADC_SEQA_IRQHandler
                0x000001f0                PIN_INT0_IRQHandler
                0x000001f0                SPI0_IRQHandler
                0x000001f0                I2C2_IRQHandler
                0x000001f0                DMA_IRQHandler
                0x000001f0                PIN_INT3_IRQHandler
                0x000001f0                FLASH_IRQHandler
                0x000002fc                . = 0x2fc
 *fill*         0x000001f8      0x104 ff
                0x000002fc                PROVIDE (__CRP_WORD_START__, .)
 *(.crp)
 .crp           0x000002fc        0x4 ./example/src/crp.o
                0x000002fc                CRP_WORD
                0x00000300                PROVIDE (__CRP_WORD_END__, .)
                0x00000001                ASSERT (! ((__CRP_WORD_START__ == __CRP_WORD_END__)), Linker CRP Enabled, but no CRP_WORD provided within application)
 *(.text*)
 .text.NVIC_SetPriority
                0x00000300       0xdc ./example/src/gpio.o
 .text.SysTick_Config
                0x000003dc       0x48 ./example/src/gpio.o
 .text.Chip_Clock_EnablePeriphClock
                0x00000424       0x3c ./example/src/gpio.o
 .text.Chip_Clock_DisablePeriphClock
                0x00000460       0x3c ./example/src/gpio.o
 .text.Chip_SWM_DisableFixedPin
                0x0000049c       0x3c ./example/src/gpio.o
 .text.Chip_GPIO_SetPortDIROutput
                0x000004d8       0x38 ./example/src/gpio.o
 .text.Chip_GPIO_SetPortMask
                0x00000510       0x30 ./example/src/gpio.o
 .text.Chip_GPIO_SetMaskedPortValue
                0x00000540       0x30 ./example/src/gpio.o
 .text.SysTick_Handler
                0x00000570       0x34 ./example/src/gpio.o
                0x00000570                SysTick_Handler
 .text.main     0x000005a4       0x58 ./example/src/gpio.o
                0x000005a4                main
 .text.SystemInit
                0x000005fc       0x10 ./example/src/sysinit.o
                0x000005fc                SystemInit
 .text.Chip_Clock_EnablePeriphClock
                0x0000060c       0x3c C:\Users\Joey\Documents\LPCXpresso_8.2.2_650\MATE_Workspace\lpc_board_nxp_lpcxpresso_824\Debug\liblpc_board_nxp_lpcxpresso_824.a(board.o)
 .text.Chip_Clock_DisablePeriphClock
                0x00000648       0x3c C:\Users\Joey\Documents\LPCXpresso_8.2.2_650\MATE_Workspace\lpc_board_nxp_lpcxpresso_824\Debug\liblpc_board_nxp_lpcxpresso_824.a(board.o)
 .text.Chip_Clock_SetUARTClockDiv
                0x00000684       0x1c C:\Users\Joey\Documents\LPCXpresso_8.2.2_650\MATE_Workspace\lpc_board_nxp_lpcxpresso_824\Debug\liblpc_board_nxp_lpcxpresso_824.a(board.o)
 .text.Chip_SWM_DisableFixedPin
                0x000006a0       0x3c C:\Users\Joey\Documents\LPCXpresso_8.2.2_650\MATE_Workspace\lpc_board_nxp_lpcxpresso_824\Debug\liblpc_board_nxp_lpcxpresso_824.a(board.o)
 .text.Chip_GPIO_SetPinState
                0x000006dc       0x40 C:\Users\Joey\Documents\LPCXpresso_8.2.2_650\MATE_Workspace\lpc_board_nxp_lpcxpresso_824\Debug\liblpc_board_nxp_lpcxpresso_824.a(board.o)
 .text.Chip_GPIO_SetPinDIROutput
                0x0000071c       0x3c C:\Users\Joey\Documents\LPCXpresso_8.2.2_650\MATE_Workspace\lpc_board_nxp_lpcxpresso_824\Debug\liblpc_board_nxp_lpcxpresso_824.a(board.o)
 .text.Chip_GPIO_SetPinToggle
                0x00000758       0x40 C:\Users\Joey\Documents\LPCXpresso_8.2.2_650\MATE_Workspace\lpc_board_nxp_lpcxpresso_824\Debug\liblpc_board_nxp_lpcxpresso_824.a(board.o)
 .text.Chip_UART_Enable
                0x00000798       0x24 C:\Users\Joey\Documents\LPCXpresso_8.2.2_650\MATE_Workspace\lpc_board_nxp_lpcxpresso_824\Debug\liblpc_board_nxp_lpcxpresso_824.a(board.o)
 .text.Chip_UART_TXEnable
                0x000007bc       0x20 C:\Users\Joey\Documents\LPCXpresso_8.2.2_650\MATE_Workspace\lpc_board_nxp_lpcxpresso_824\Debug\liblpc_board_nxp_lpcxpresso_824.a(board.o)
 .text.Chip_UART_ConfigData
                0x000007dc       0x2c C:\Users\Joey\Documents\LPCXpresso_8.2.2_650\MATE_Workspace\lpc_board_nxp_lpcxpresso_824\Debug\liblpc_board_nxp_lpcxpresso_824.a(board.o)
 .text.__sys_write
                0x00000808       0x38 C:\Users\Joey\Documents\LPCXpresso_8.2.2_650\MATE_Workspace\lpc_board_nxp_lpcxpresso_824\Debug\liblpc_board_nxp_lpcxpresso_824.a(board.o)
                0x00000808                __sys_write
 .text.Board_LED_Init
                0x00000840       0x4c C:\Users\Joey\Documents\LPCXpresso_8.2.2_650\MATE_Workspace\lpc_board_nxp_lpcxpresso_824\Debug\liblpc_board_nxp_lpcxpresso_824.a(board.o)
 .text.Board_UART_Init
                0x0000088c       0x38 C:\Users\Joey\Documents\LPCXpresso_8.2.2_650\MATE_Workspace\lpc_board_nxp_lpcxpresso_824\Debug\liblpc_board_nxp_lpcxpresso_824.a(board.o)
 .text.Board_LED_Toggle
                0x000008c4       0x34 C:\Users\Joey\Documents\LPCXpresso_8.2.2_650\MATE_Workspace\lpc_board_nxp_lpcxpresso_824\Debug\liblpc_board_nxp_lpcxpresso_824.a(board.o)
                0x000008c4                Board_LED_Toggle
 .text.Board_UARTPutChar
                0x000008f8       0x24 C:\Users\Joey\Documents\LPCXpresso_8.2.2_650\MATE_Workspace\lpc_board_nxp_lpcxpresso_824\Debug\liblpc_board_nxp_lpcxpresso_824.a(board.o)
                0x000008f8                Board_UARTPutChar
 .text.Board_Debug_Init
                0x0000091c       0x50 C:\Users\Joey\Documents\LPCXpresso_8.2.2_650\MATE_Workspace\lpc_board_nxp_lpcxpresso_824\Debug\liblpc_board_nxp_lpcxpresso_824.a(board.o)
                0x0000091c                Board_Debug_Init
 .text.Board_Init
                0x0000096c       0x1c C:\Users\Joey\Documents\LPCXpresso_8.2.2_650\MATE_Workspace\lpc_board_nxp_lpcxpresso_824\Debug\liblpc_board_nxp_lpcxpresso_824.a(board.o)
                0x0000096c                Board_Init
 .text.Chip_Clock_EnablePeriphClock
                0x00000988       0x3c C:\Users\Joey\Documents\LPCXpresso_8.2.2_650\MATE_Workspace\lpc_board_nxp_lpcxpresso_824\Debug\liblpc_board_nxp_lpcxpresso_824.a(board_sysinit.o)
 .text.Board_SetupMuxing
                0x000009c4       0x10 C:\Users\Joey\Documents\LPCXpresso_8.2.2_650\MATE_Workspace\lpc_board_nxp_lpcxpresso_824\Debug\liblpc_board_nxp_lpcxpresso_824.a(board_sysinit.o)
                0x000009c4                Board_SetupMuxing
 .text.Board_SetupClocking
                0x000009d4       0x10 C:\Users\Joey\Documents\LPCXpresso_8.2.2_650\MATE_Workspace\lpc_board_nxp_lpcxpresso_824\Debug\liblpc_board_nxp_lpcxpresso_824.a(board_sysinit.o)
                0x000009d4                Board_SetupClocking
 .text.Board_SystemInit
                0x000009e4       0x14 C:\Users\Joey\Documents\LPCXpresso_8.2.2_650\MATE_Workspace\lpc_board_nxp_lpcxpresso_824\Debug\liblpc_board_nxp_lpcxpresso_824.a(board_sysinit.o)
                0x000009e4                Board_SystemInit
 .text.SystemCoreClockUpdate
                0x000009f8       0x18 C:\Users\Joey\Documents\LPCXpresso_8.2.2_650\MATE_Workspace\lpc_chip_82x\Debug\liblpc_chip_82x.a(chip_8xx.o)
                0x000009f8                SystemCoreClockUpdate
 .text.Chip_SYSCTL_AssertPeriphReset
                0x00000a10       0x38 C:\Users\Joey\Documents\LPCXpresso_8.2.2_650\MATE_Workspace\lpc_chip_82x\Debug\liblpc_chip_82x.a(clock_8xx.o)
 .text.Chip_SYSCTL_DeassertPeriphReset
                0x00000a48       0x38 C:\Users\Joey\Documents\LPCXpresso_8.2.2_650\MATE_Workspace\lpc_chip_82x\Debug\liblpc_chip_82x.a(clock_8xx.o)
 .text.Chip_SYSCTL_PeriphReset
                0x00000a80       0x28 C:\Users\Joey\Documents\LPCXpresso_8.2.2_650\MATE_Workspace\lpc_chip_82x\Debug\liblpc_chip_82x.a(clock_8xx.o)
 .text.Chip_Clock_SetUARTClockDiv
                0x00000aa8       0x1c C:\Users\Joey\Documents\LPCXpresso_8.2.2_650\MATE_Workspace\lpc_chip_82x\Debug\liblpc_chip_82x.a(clock_8xx.o)
 .text.Chip_Clock_GetUARTClockDiv
                0x00000ac4       0x18 C:\Users\Joey\Documents\LPCXpresso_8.2.2_650\MATE_Workspace\lpc_chip_82x\Debug\liblpc_chip_82x.a(clock_8xx.o)
 .text.Chip_SYSCTL_SetUSARTFRGDivider
                0x00000adc       0x24 C:\Users\Joey\Documents\LPCXpresso_8.2.2_650\MATE_Workspace\lpc_chip_82x\Debug\liblpc_chip_82x.a(clock_8xx.o)
 .text.Chip_SYSCTL_GetUSARTFRGDivider
                0x00000b00       0x18 C:\Users\Joey\Documents\LPCXpresso_8.2.2_650\MATE_Workspace\lpc_chip_82x\Debug\liblpc_chip_82x.a(clock_8xx.o)
 .text.Chip_SYSCTL_SetUSARTFRGMultiplier
                0x00000b18       0x24 C:\Users\Joey\Documents\LPCXpresso_8.2.2_650\MATE_Workspace\lpc_chip_82x\Debug\liblpc_chip_82x.a(clock_8xx.o)
 .text.Chip_SYSCTL_GetUSARTFRGMultiplier
                0x00000b3c       0x18 C:\Users\Joey\Documents\LPCXpresso_8.2.2_650\MATE_Workspace\lpc_chip_82x\Debug\liblpc_chip_82x.a(clock_8xx.o)
 .text.Chip_Clock_GetMainOscRate
                0x00000b54       0x14 C:\Users\Joey\Documents\LPCXpresso_8.2.2_650\MATE_Workspace\lpc_chip_82x\Debug\liblpc_chip_82x.a(clock_8xx.o)
 .text.Chip_Clock_GetIntOscRate
                0x00000b68       0x10 C:\Users\Joey\Documents\LPCXpresso_8.2.2_650\MATE_Workspace\lpc_chip_82x\Debug\liblpc_chip_82x.a(clock_8xx.o)
 .text.Chip_Clock_GetExtClockInRate
                0x00000b78       0x14 C:\Users\Joey\Documents\LPCXpresso_8.2.2_650\MATE_Workspace\lpc_chip_82x\Debug\liblpc_chip_82x.a(clock_8xx.o)
 .text.Chip_Clock_GetWDTLFORate
                0x00000b8c       0x48 C:\Users\Joey\Documents\LPCXpresso_8.2.2_650\MATE_Workspace\lpc_chip_82x\Debug\liblpc_chip_82x.a(clock_8xx.o)
 .text.Chip_Clock_GetPLLFreq
                0x00000bd4       0x24 C:\Users\Joey\Documents\LPCXpresso_8.2.2_650\MATE_Workspace\lpc_chip_82x\Debug\liblpc_chip_82x.a(clock_8xx.o)
 .text.Chip_Clock_SetSystemPLLSource
                0x00000bf8       0x2c C:\Users\Joey\Documents\LPCXpresso_8.2.2_650\MATE_Workspace\lpc_chip_82x\Debug\liblpc_chip_82x.a(clock_8xx.o)
                0x00000bf8                Chip_Clock_SetSystemPLLSource
 .text.Chip_Clock_SetMainClockSource
                0x00000c24       0x2c C:\Users\Joey\Documents\LPCXpresso_8.2.2_650\MATE_Workspace\lpc_chip_82x\Debug\liblpc_chip_82x.a(clock_8xx.o)
                0x00000c24                Chip_Clock_SetMainClockSource
 .text.Chip_Clock_GetWDTOSCRate
                0x00000c50       0x20 C:\Users\Joey\Documents\LPCXpresso_8.2.2_650\MATE_Workspace\lpc_chip_82x\Debug\liblpc_chip_82x.a(clock_8xx.o)
                0x00000c50                Chip_Clock_GetWDTOSCRate
 .text.Chip_Clock_GetSystemPLLInClockRate
                0x00000c70       0x4c C:\Users\Joey\Documents\LPCXpresso_8.2.2_650\MATE_Workspace\lpc_chip_82x\Debug\liblpc_chip_82x.a(clock_8xx.o)
                0x00000c70                Chip_Clock_GetSystemPLLInClockRate
 .text.Chip_Clock_GetSystemPLLOutClockRate
                0x00000cbc       0x28 C:\Users\Joey\Documents\LPCXpresso_8.2.2_650\MATE_Workspace\lpc_chip_82x\Debug\liblpc_chip_82x.a(clock_8xx.o)
                0x00000cbc                Chip_Clock_GetSystemPLLOutClockRate
 .text.Chip_Clock_GetMainClockRate
                0x00000ce4       0x60 C:\Users\Joey\Documents\LPCXpresso_8.2.2_650\MATE_Workspace\lpc_chip_82x\Debug\liblpc_chip_82x.a(clock_8xx.o)
                0x00000ce4                Chip_Clock_GetMainClockRate
 .text.Chip_Clock_GetSystemClockRate
                0x00000d44       0x24 C:\Users\Joey\Documents\LPCXpresso_8.2.2_650\MATE_Workspace\lpc_chip_82x\Debug\liblpc_chip_82x.a(clock_8xx.o)
                0x00000d44                Chip_Clock_GetSystemClockRate
 .text.Chip_Clock_GetUSARTNBaseClockRate
                0x00000d68       0x84 C:\Users\Joey\Documents\LPCXpresso_8.2.2_650\MATE_Workspace\lpc_chip_82x\Debug\liblpc_chip_82x.a(clock_8xx.o)
                0x00000d68                Chip_Clock_GetUSARTNBaseClockRate
 .text.Chip_Clock_SetUSARTNBaseClockRate
                0x00000dec       0x84 C:\Users\Joey\Documents\LPCXpresso_8.2.2_650\MATE_Workspace\lpc_chip_82x\Debug\liblpc_chip_82x.a(clock_8xx.o)
                0x00000dec                Chip_Clock_SetUSARTNBaseClockRate
 .text.Chip_Clock_EnablePeriphClock
                0x00000e70       0x3c C:\Users\Joey\Documents\LPCXpresso_8.2.2_650\MATE_Workspace\lpc_chip_82x\Debug\liblpc_chip_82x.a(gpio_8xx.o)
 .text.Chip_GPIO_Init
                0x00000eac       0x18 C:\Users\Joey\Documents\LPCXpresso_8.2.2_650\MATE_Workspace\lpc_chip_82x\Debug\liblpc_chip_82x.a(gpio_8xx.o)
                0x00000eac                Chip_GPIO_Init
 .text.Chip_SWM_MovablePinAssign
                0x00000ec4       0x64 C:\Users\Joey\Documents\LPCXpresso_8.2.2_650\MATE_Workspace\lpc_chip_82x\Debug\liblpc_chip_82x.a(swm_8xx.o)
                0x00000ec4                Chip_SWM_MovablePinAssign
 .text.Chip_SetupIrcClocking
                0x00000f28       0x20 C:\Users\Joey\Documents\LPCXpresso_8.2.2_650\MATE_Workspace\lpc_chip_82x\Debug\liblpc_chip_82x.a(sysinit_8xx.o)
                0x00000f28                Chip_SetupIrcClocking
 .text.Chip_SYSCTL_AssertPeriphReset
                0x00000f48       0x38 C:\Users\Joey\Documents\LPCXpresso_8.2.2_650\MATE_Workspace\lpc_chip_82x\Debug\liblpc_chip_82x.a(uart_8xx.o)
 .text.Chip_SYSCTL_DeassertPeriphReset
                0x00000f80       0x38 C:\Users\Joey\Documents\LPCXpresso_8.2.2_650\MATE_Workspace\lpc_chip_82x\Debug\liblpc_chip_82x.a(uart_8xx.o)
 .text.Chip_SYSCTL_PeriphReset
                0x00000fb8       0x28 C:\Users\Joey\Documents\LPCXpresso_8.2.2_650\MATE_Workspace\lpc_chip_82x\Debug\liblpc_chip_82x.a(uart_8xx.o)
 .text.Chip_Clock_EnablePeriphClock
                0x00000fe0       0x3c C:\Users\Joey\Documents\LPCXpresso_8.2.2_650\MATE_Workspace\lpc_chip_82x\Debug\liblpc_chip_82x.a(uart_8xx.o)
 .text.Chip_UART_SendByte
                0x0000101c       0x20 C:\Users\Joey\Documents\LPCXpresso_8.2.2_650\MATE_Workspace\lpc_chip_82x\Debug\liblpc_chip_82x.a(uart_8xx.o)
 .text.Chip_UART_GetStatus
                0x0000103c       0x1c C:\Users\Joey\Documents\LPCXpresso_8.2.2_650\MATE_Workspace\lpc_chip_82x\Debug\liblpc_chip_82x.a(uart_8xx.o)
 .text.getUARTClockID
                0x00001058       0x34 C:\Users\Joey\Documents\LPCXpresso_8.2.2_650\MATE_Workspace\lpc_chip_82x\Debug\liblpc_chip_82x.a(uart_8xx.o)
 .text.Chip_UART_Init
                0x0000108c       0x50 C:\Users\Joey\Documents\LPCXpresso_8.2.2_650\MATE_Workspace\lpc_chip_82x\Debug\liblpc_chip_82x.a(uart_8xx.o)
                0x0000108c                Chip_UART_Init
 .text.Chip_UART_Send
                0x000010dc       0x54 C:\Users\Joey\Documents\LPCXpresso_8.2.2_650\MATE_Workspace\lpc_chip_82x\Debug\liblpc_chip_82x.a(uart_8xx.o)
                0x000010dc                Chip_UART_Send
 .text.Chip_UART_SendBlocking
                0x00001130       0x50 C:\Users\Joey\Documents\LPCXpresso_8.2.2_650\MATE_Workspace\lpc_chip_82x\Debug\liblpc_chip_82x.a(uart_8xx.o)
                0x00001130                Chip_UART_SendBlocking
 .text.Chip_UART_SetBaud
                0x00001180       0x30 C:\Users\Joey\Documents\LPCXpresso_8.2.2_650\MATE_Workspace\lpc_chip_82x\Debug\liblpc_chip_82x.a(uart_8xx.o)
                0x00001180                Chip_UART_SetBaud
 .text.Chip_Clock_SetupSystemPLL
                0x000011b0       0x38 C:\Users\Joey\Documents\LPCXpresso_8.2.2_650\MATE_Workspace\lpc_chip_82x\Debug\liblpc_chip_82x.a(irc_8xx.o)
 .text.Chip_Clock_IsSystemPLLLocked
                0x000011e8       0x1c C:\Users\Joey\Documents\LPCXpresso_8.2.2_650\MATE_Workspace\lpc_chip_82x\Debug\liblpc_chip_82x.a(irc_8xx.o)
 .text.Chip_Clock_SetSysClockDiv
                0x00001204       0x1c C:\Users\Joey\Documents\LPCXpresso_8.2.2_650\MATE_Workspace\lpc_chip_82x\Debug\liblpc_chip_82x.a(irc_8xx.o)
 .text.Chip_FMC_SetFLASHAccess
                0x00001220       0x2c C:\Users\Joey\Documents\LPCXpresso_8.2.2_650\MATE_Workspace\lpc_chip_82x\Debug\liblpc_chip_82x.a(irc_8xx.o)
 .text.pll_config
                0x0000124c       0x6c C:\Users\Joey\Documents\LPCXpresso_8.2.2_650\MATE_Workspace\lpc_chip_82x\Debug\liblpc_chip_82x.a(irc_8xx.o)
 .text.Chip_IRC_SetFreq
                0x000012b8       0xf4 C:\Users\Joey\Documents\LPCXpresso_8.2.2_650\MATE_Workspace\lpc_chip_82x\Debug\liblpc_chip_82x.a(irc_8xx.o)
                0x000012b8                Chip_IRC_SetFreq
 .text.Chip_SYSCTL_PowerDown
                0x000013ac       0x44 C:\Users\Joey\Documents\LPCXpresso_8.2.2_650\MATE_Workspace\lpc_chip_82x\Debug\liblpc_chip_82x.a(syscon_8xx.o)
                0x000013ac                Chip_SYSCTL_PowerDown
 .text.Chip_SYSCTL_PowerUp
                0x000013f0       0x44 C:\Users\Joey\Documents\LPCXpresso_8.2.2_650\MATE_Workspace\lpc_chip_82x\Debug\liblpc_chip_82x.a(syscon_8xx.o)
                0x000013f0                Chip_SYSCTL_PowerUp
 .text.__main   0x00001434       0x12 c:/nxp/lpcxpresso_8.2.2_650/lpcxpresso/tools/bin/../lib/gcc/arm-none-eabi/5.4.1/../../../../arm-none-eabi/lib/armv6-m\libcr_nohost.a(_cr__main.o)
                0x00001434                __main
 *fill*         0x00001446        0x2 ff
 .text._initio  0x00001448       0xa8 c:/nxp/lpcxpresso_8.2.2_650/lpcxpresso/tools/bin/../lib/gcc/arm-none-eabi/5.4.1/../../../../arm-none-eabi/lib/armv6-m\libcr_c.a(initio.o)
                0x00001448                _initio
 .text.setvbuf  0x000014f0       0x48 c:/nxp/lpcxpresso_8.2.2_650/lpcxpresso/tools/bin/../lib/gcc/arm-none-eabi/5.4.1/../../../../arm-none-eabi/lib/armv6-m\libcr_c.a(setvbuf.o)
                0x000014f0                setvbuf
 .text.memset   0x00001538        0x8 c:/nxp/lpcxpresso_8.2.2_650/lpcxpresso/tools/bin/../lib/gcc/arm-none-eabi/5.4.1/../../../../arm-none-eabi/lib/armv6-m\libcr_c.a(memset.o)
                0x00001538                memset
 .text._deferredlazyseek
                0x00001540       0x44 c:/nxp/lpcxpresso_8.2.2_650/lpcxpresso/tools/bin/../lib/gcc/arm-none-eabi/5.4.1/../../../../arm-none-eabi/lib/armv6-m\libcr_c.a(_deferredlazyseek.o)
                0x00001540                _deferredlazyseek
 .text._fdopen  0x00001584       0x74 c:/nxp/lpcxpresso_8.2.2_650/lpcxpresso/tools/bin/../lib/gcc/arm-none-eabi/5.4.1/../../../../arm-none-eabi/lib/armv6-m\libcr_c.a(_fdopen.o)
                0x00001584                _fdopen
 .text._fflush  0x000015f8       0x64 c:/nxp/lpcxpresso_8.2.2_650/lpcxpresso/tools/bin/../lib/gcc/arm-none-eabi/5.4.1/../../../../arm-none-eabi/lib/armv6-m\libcr_c.a(_fflush.o)
                0x000015f8                _fflush
 .text._Cwritebuf
                0x0000165c       0x6c c:/nxp/lpcxpresso_8.2.2_650/lpcxpresso/tools/bin/../lib/gcc/arm-none-eabi/5.4.1/../../../../arm-none-eabi/lib/armv6-m\libcr_c.a(_writebuf.o)
                0x0000165c                _Cwritebuf
 .text.malloc   0x000016c8       0xcc c:/nxp/lpcxpresso_8.2.2_650/lpcxpresso/tools/bin/../lib/gcc/arm-none-eabi/5.4.1/../../../../arm-none-eabi/lib/armv6-m\libcr_c.a(alloc.o)
                0x000016c8                malloc
 .text.free     0x00001794       0x2e c:/nxp/lpcxpresso_8.2.2_650/lpcxpresso/tools/bin/../lib/gcc/arm-none-eabi/5.4.1/../../../../arm-none-eabi/lib/armv6-m\libcr_c.a(alloc.o)
                0x00001794                free
 *fill*         0x000017c2        0x2 ff
 .text._Csys_alloc
                0x000017c4       0x20 c:/nxp/lpcxpresso_8.2.2_650/lpcxpresso/tools/bin/../lib/gcc/arm-none-eabi/5.4.1/../../../../arm-none-eabi/lib/armv6-m\libcr_c.a(alloc.o)
                0x000017c4                _Csys_alloc
 .text.fclose   0x000017e4       0x70 c:/nxp/lpcxpresso_8.2.2_650/lpcxpresso/tools/bin/../lib/gcc/arm-none-eabi/5.4.1/../../../../arm-none-eabi/lib/armv6-m\libcr_c.a(fclose.o)
                0x000017e4                fclose
 .text.fflush   0x00001854       0x34 c:/nxp/lpcxpresso_8.2.2_650/lpcxpresso/tools/bin/../lib/gcc/arm-none-eabi/5.4.1/../../../../arm-none-eabi/lib/armv6-m\libcr_c.a(fflush.o)
                0x00001854                fflush
 .text.fseek    0x00001888      0x100 c:/nxp/lpcxpresso_8.2.2_650/lpcxpresso/tools/bin/../lib/gcc/arm-none-eabi/5.4.1/../../../../arm-none-eabi/lib/armv6-m\libcr_c.a(fseek.o)
                0x00001888                fseek
 .text.ftell    0x00001988       0x4c c:/nxp/lpcxpresso_8.2.2_650/lpcxpresso/tools/bin/../lib/gcc/arm-none-eabi/5.4.1/../../../../arm-none-eabi/lib/armv6-m\libcr_c.a(ftell.o)
                0x00001988                ftell
 .text.remove   0x000019d4       0x12 c:/nxp/lpcxpresso_8.2.2_650/lpcxpresso/tools/bin/../lib/gcc/arm-none-eabi/5.4.1/../../../../arm-none-eabi/lib/armv6-m\libcr_c.a(remove.o)
                0x000019d4                remove
 *fill*         0x000019e6        0x2 ff
 .text.strlen   0x000019e8       0x54 c:/nxp/lpcxpresso_8.2.2_650/lpcxpresso/tools/bin/../lib/gcc/arm-none-eabi/5.4.1/../../../../arm-none-eabi/lib/armv6-m\libcr_c.a(strlen.o)
                0x000019e8                strlen
 .text._sbrk    0x00001a3c       0x40 c:/nxp/lpcxpresso_8.2.2_650/lpcxpresso/tools/bin/../lib/gcc/arm-none-eabi/5.4.1/../../../../arm-none-eabi/lib/armv6-m\libcr_c.a(_cr_sbrk.o)
                0x00001a3c                _sbrk
 .text._do_fflush
                0x00001a7c       0x48 c:/nxp/lpcxpresso_8.2.2_650/lpcxpresso/tools/bin/../lib/gcc/arm-none-eabi/5.4.1/../../../../arm-none-eabi/lib/armv6-m\libcr_c.a(_do_fflush.o)
                0x00001a7c                _do_fflush
 .text.__check_heap_overflow
                0x00001ac4       0x14 c:/nxp/lpcxpresso_8.2.2_650/lpcxpresso/tools/bin/../lib/gcc/arm-none-eabi/5.4.1/../../../../arm-none-eabi/lib/armv6-m\libcr_c.a(_cr_check_heap.o)
                0x00001ac4                __check_heap_overflow
 .text.__aeabi_division_idivmod
                0x00001ad8       0x78 c:/nxp/lpcxpresso_8.2.2_650/lpcxpresso/tools/bin/../lib/gcc/arm-none-eabi/5.4.1/armv6-m\libcr_eabihelpers.a(division_32.o)
                0x00001ad8                __aeabi_idivmod
                0x00001ad8                __aeabi_idiv
                0x00001ade                __aeabi_uidivmod
                0x00001ade                __aeabi_uidiv
 .text.__aeabi_division_uldivmod
                0x00001b50       0x5a c:/nxp/lpcxpresso_8.2.2_650/lpcxpresso/tools/bin/../lib/gcc/arm-none-eabi/5.4.1/armv6-m\libcr_eabihelpers.a(division_64.o)
                0x00001b50                __aeabi_uldivmod
 .text.__aeabi_division_idiv0
                0x00001baa        0x2 c:/nxp/lpcxpresso_8.2.2_650/lpcxpresso/tools/bin/../lib/gcc/arm-none-eabi/5.4.1/armv6-m\libcr_eabihelpers.a(division_idiv0.o)
                0x00001baa                __aeabi_idiv0
 .text.__aeabi_memset_lowlevel
                0x00001bac       0x2a c:/nxp/lpcxpresso_8.2.2_650/lpcxpresso/tools/bin/../lib/gcc/arm-none-eabi/5.4.1/armv6-m\libcr_eabihelpers.a(memcpy.o)
                0x00001bac                __aeabi_lowlevel_memset
 .text.__sys_appexit
                0x00001bd6        0x2 c:/nxp/lpcxpresso_8.2.2_650/lpcxpresso/tools/bin/../lib/gcc/arm-none-eabi/5.4.1/../../../../arm-none-eabi/lib/armv6-m\libcr_nohost.a(__sys_appexit.o)
                0x00001bd6                __sys_appexit
                0x00001bd6                __exit
 .text.__sys_close
                0x00001bd8        0x6 c:/nxp/lpcxpresso_8.2.2_650/lpcxpresso/tools/bin/../lib/gcc/arm-none-eabi/5.4.1/../../../../arm-none-eabi/lib/armv6-m\libcr_nohost.a(__sys_close.o)
                0x00001bd8                __sys_close
 .text.__sys_flen
                0x00001bde        0x6 c:/nxp/lpcxpresso_8.2.2_650/lpcxpresso/tools/bin/../lib/gcc/arm-none-eabi/5.4.1/../../../../arm-none-eabi/lib/armv6-m\libcr_nohost.a(__sys_flen.o)
                0x00001bde                __sys_flen
 .text.__sys_istty
                0x00001be4        0x6 c:/nxp/lpcxpresso_8.2.2_650/lpcxpresso/tools/bin/../lib/gcc/arm-none-eabi/5.4.1/../../../../arm-none-eabi/lib/armv6-m\libcr_nohost.a(__sys_istty.o)
                0x00001be4                __sys_istty
 .text.__sys_remove
                0x00001bea        0x6 c:/nxp/lpcxpresso_8.2.2_650/lpcxpresso/tools/bin/../lib/gcc/arm-none-eabi/5.4.1/../../../../arm-none-eabi/lib/armv6-m\libcr_nohost.a(__sys_remove.o)
                0x00001bea                __sys_remove
 .text.__sys_seek
                0x00001bf0        0x6 c:/nxp/lpcxpresso_8.2.2_650/lpcxpresso/tools/bin/../lib/gcc/arm-none-eabi/5.4.1/../../../../arm-none-eabi/lib/armv6-m\libcr_nohost.a(__sys_seek.o)
                0x00001bf0                __sys_seek
 .text.__sys_tmpnam
                0x00001bf6        0x6 c:/nxp/lpcxpresso_8.2.2_650/lpcxpresso/tools/bin/../lib/gcc/arm-none-eabi/5.4.1/../../../../arm-none-eabi/lib/armv6-m\libcr_nohost.a(__sys_tmpnam.o)
                0x00001bf6                __sys_tmpnam
 *(.rodata .rodata.* .constdata .constdata.*)
 .rodata.ledBits
                0x00001bfc        0x3 C:\Users\Joey\Documents\LPCXpresso_8.2.2_650\MATE_Workspace\lpc_board_nxp_lpcxpresso_824\Debug\liblpc_board_nxp_lpcxpresso_824.a(board.o)
 *fill*         0x00001bff        0x1 ff
 .rodata.OscRateIn
                0x00001c00        0x4 C:\Users\Joey\Documents\LPCXpresso_8.2.2_650\MATE_Workspace\lpc_board_nxp_lpcxpresso_824\Debug\liblpc_board_nxp_lpcxpresso_824.a(board.o)
                0x00001c00                OscRateIn
 .rodata.ExtRateIn
                0x00001c04        0x4 C:\Users\Joey\Documents\LPCXpresso_8.2.2_650\MATE_Workspace\lpc_board_nxp_lpcxpresso_824\Debug\liblpc_board_nxp_lpcxpresso_824.a(board.o)
                0x00001c04                ExtRateIn
 .rodata.wdtOSCRate
                0x00001c08       0x40 C:\Users\Joey\Documents\LPCXpresso_8.2.2_650\MATE_Workspace\lpc_chip_82x\Debug\liblpc_chip_82x.a(clock_8xx.o)
 .rodata.config_tab
                0x00001c48      0x354 C:\Users\Joey\Documents\LPCXpresso_8.2.2_650\MATE_Workspace\lpc_chip_82x\Debug\liblpc_chip_82x.a(irc_8xx.o)
 .rodata.str1.1
                0x00001f9c        0x4 c:/nxp/lpcxpresso_8.2.2_650/lpcxpresso/tools/bin/../lib/gcc/arm-none-eabi/5.4.1/../../../../arm-none-eabi/lib/armv6-m\libcr_c.a(initio.o)
 .rodata.str1.1
                0x00001fa0       0x18 c:/nxp/lpcxpresso_8.2.2_650/lpcxpresso/tools/bin/../lib/gcc/arm-none-eabi/5.4.1/../../../../arm-none-eabi/lib/armv6-m\libcr_c.a(alloc.o)
                0x00001fb8                . = ALIGN (0x4)

.glue_7         0x00001fb8        0x0
 .glue_7        0x00001fb8        0x0 linker stubs

.glue_7t        0x00001fb8        0x0
 .glue_7t       0x00001fb8        0x0 linker stubs

.vfp11_veneer   0x00001fb8        0x0
 .vfp11_veneer  0x00001fb8        0x0 linker stubs

.v4_bx          0x00001fb8        0x0
 .v4_bx         0x00001fb8        0x0 linker stubs

.iplt           0x00001fb8        0x0
 .iplt          0x00001fb8        0x0 ./example/src/cr_startup_lpc82x.o

.rel.dyn        0x00001fb8        0x0
 .rel.iplt      0x00001fb8        0x0 ./example/src/cr_startup_lpc82x.o

.ARM.extab
 *(.ARM.extab* .gnu.linkonce.armextab.*)
                0x00001fb8                __exidx_start = .

.ARM.exidx
 *(.ARM.exidx* .gnu.linkonce.armexidx.*)
                0x00001fb8                __exidx_end = .
                0x00001fb8                _etext = .

.mtb_buffer_default
                0x10000000       0x80
 *(.mtb*)
 .mtb.$RAM1     0x10000000       0x80 ./example/src/mtb.o
                0x10000000                __mtb_buffer__

.uninit_RESERVED
                0x10000080        0x0
 *(.bss.$RESERVED*)
                0x10000080                . = ALIGN (0x4)
                0x10000080                _end_uninit_RESERVED = .

.data           0x10000080        0x0 load address 0x00001fb8
 FILL mask 0xff
                0x10000080                _data = .
 *(vtable)
 *(.ramfunc*)
 *(.data*)
                0x10000080                . = ALIGN (0x4)
                0x10000080                _edata = .

.igot.plt       0x10000080        0x0 load address 0x00001fb8
 .igot.plt      0x10000080        0x0 ./example/src/cr_startup_lpc82x.o

.bss            0x10000080      0x158 load address 0x00001fb8
                0x10000080                _bss = .
 *(.bss*)
 .bss.count.7103
                0x10000080        0x1 ./example/src/gpio.o
 *fill*         0x10000081        0x1 
 .bss.config_tab_idx
                0x10000082        0x2 C:\Users\Joey\Documents\LPCXpresso_8.2.2_650\MATE_Workspace\lpc_chip_82x\Debug\liblpc_chip_82x.a(irc_8xx.o)
 .bss._extra    0x10000084        0x4 c:/nxp/lpcxpresso_8.2.2_650/lpcxpresso/tools/bin/../lib/gcc/arm-none-eabi/5.4.1/../../../../arm-none-eabi/lib/armv6-m\libcr_c.a(initio.o)
                0x10000084                _extra
 .bss.__Ciob    0x10000088      0x140 c:/nxp/lpcxpresso_8.2.2_650/lpcxpresso/tools/bin/../lib/gcc/arm-none-eabi/5.4.1/../../../../arm-none-eabi/lib/armv6-m\libcr_c.a(stdio.o)
                0x10000088                __Ciob
 .bss.__heaps   0x100001c8        0x4 c:/nxp/lpcxpresso_8.2.2_650/lpcxpresso/tools/bin/../lib/gcc/arm-none-eabi/5.4.1/../../../../arm-none-eabi/lib/armv6-m\libcr_c.a(__init_alloc.o)
                0x100001c8                __heaps
 .bss.__end_of_heap
                0x100001cc        0x4 c:/nxp/lpcxpresso_8.2.2_650/lpcxpresso/tools/bin/../lib/gcc/arm-none-eabi/5.4.1/../../../../arm-none-eabi/lib/armv6-m\libcr_c.a(__init_alloc.o)
                0x100001cc                __end_of_heap
 .bss.errno     0x100001d0        0x4 c:/nxp/lpcxpresso_8.2.2_650/lpcxpresso/tools/bin/../lib/gcc/arm-none-eabi/5.4.1/../../../../arm-none-eabi/lib/armv6-m\libcr_c.a(errno.o)
                0x100001d0                errno
 *(COMMON)
 COMMON         0x100001d4        0x4 C:\Users\Joey\Documents\LPCXpresso_8.2.2_650\MATE_Workspace\lpc_chip_82x\Debug\liblpc_chip_82x.a(chip_8xx.o)
                0x100001d4                SystemCoreClock
                0x100001d8                . = ALIGN (0x4)
                0x100001d8                _ebss = .
                [!provide]                PROVIDE (end, .)

.noinit         0x100001d8        0x0 load address 0x00001fb8
                0x100001d8                _noinit = .
 *(.noinit*)
                0x100001d8                . = ALIGN (0x4)
                0x100001d8                _end_noinit = .
                0x100001d8                PROVIDE (_pvHeapStart, DEFINED (__user_heap_base)?__user_heap_base:.)
                0x10002000                PROVIDE (_vStackTop, DEFINED (__user_stack_top)?__user_stack_top:(__top_RamLoc8 - 0x0))
                [!provide]                PROVIDE (__valid_user_code_checksum, (0x0 - (((_vStackTop + (ResetISR + 0x1)) + (DEFINED (NMI_Handler)?NMI_Handler:M0_NMI_Handler + 0x1)) + (DEFINED (HardFault_Handler)?HardFault_Handler:M0_HardFault_Handler + 0x1))))
OUTPUT(periph_gpio.axf elf32-littlearm)

.debug_info     0x00000000     0x6000
 .debug_info    0x00000000      0x204 ./example/src/cr_startup_lpc82x.o
 .debug_info    0x00000204       0x3f ./example/src/crp.o
 .debug_info    0x00000243      0xbf7 ./example/src/gpio.o
 .debug_info    0x00000e3a       0x51 ./example/src/mtb.o
 .debug_info    0x00000e8b       0xc3 ./example/src/sysinit.o
 .debug_info    0x00000f4e      0xe8d C:\Users\Joey\Documents\LPCXpresso_8.2.2_650\MATE_Workspace\lpc_board_nxp_lpcxpresso_824\Debug\liblpc_board_nxp_lpcxpresso_824.a(board.o)
 .debug_info    0x00001ddb      0x4f9 C:\Users\Joey\Documents\LPCXpresso_8.2.2_650\MATE_Workspace\lpc_board_nxp_lpcxpresso_824\Debug\liblpc_board_nxp_lpcxpresso_824.a(board_sysinit.o)
 .debug_info    0x000022d4      0x1cb C:\Users\Joey\Documents\LPCXpresso_8.2.2_650\MATE_Workspace\lpc_chip_82x\Debug\liblpc_chip_82x.a(chip_8xx.o)
 .debug_info    0x0000249f      0xb7f C:\Users\Joey\Documents\LPCXpresso_8.2.2_650\MATE_Workspace\lpc_chip_82x\Debug\liblpc_chip_82x.a(clock_8xx.o)
 .debug_info    0x0000301e      0x665 C:\Users\Joey\Documents\LPCXpresso_8.2.2_650\MATE_Workspace\lpc_chip_82x\Debug\liblpc_chip_82x.a(gpio_8xx.o)
 .debug_info    0x00003683      0x3f1 C:\Users\Joey\Documents\LPCXpresso_8.2.2_650\MATE_Workspace\lpc_chip_82x\Debug\liblpc_chip_82x.a(swm_8xx.o)
 .debug_info    0x00003a74      0x5ea C:\Users\Joey\Documents\LPCXpresso_8.2.2_650\MATE_Workspace\lpc_chip_82x\Debug\liblpc_chip_82x.a(sysinit_8xx.o)
 .debug_info    0x0000405e      0xbc6 C:\Users\Joey\Documents\LPCXpresso_8.2.2_650\MATE_Workspace\lpc_chip_82x\Debug\liblpc_chip_82x.a(uart_8xx.o)
 .debug_info    0x00004c24      0xf4d C:\Users\Joey\Documents\LPCXpresso_8.2.2_650\MATE_Workspace\lpc_chip_82x\Debug\liblpc_chip_82x.a(irc_8xx.o)
 .debug_info    0x00005b71      0x48f C:\Users\Joey\Documents\LPCXpresso_8.2.2_650\MATE_Workspace\lpc_chip_82x\Debug\liblpc_chip_82x.a(syscon_8xx.o)

.debug_abbrev   0x00000000     0x1271
 .debug_abbrev  0x00000000       0xf5 ./example/src/cr_startup_lpc82x.o
 .debug_abbrev  0x000000f5       0x36 ./example/src/crp.o
 .debug_abbrev  0x0000012b      0x22c ./example/src/gpio.o
 .debug_abbrev  0x00000357       0x41 ./example/src/mtb.o
 .debug_abbrev  0x00000398       0x6a ./example/src/sysinit.o
 .debug_abbrev  0x00000402      0x222 C:\Users\Joey\Documents\LPCXpresso_8.2.2_650\MATE_Workspace\lpc_board_nxp_lpcxpresso_824\Debug\liblpc_board_nxp_lpcxpresso_824.a(board.o)
 .debug_abbrev  0x00000624       0xef C:\Users\Joey\Documents\LPCXpresso_8.2.2_650\MATE_Workspace\lpc_board_nxp_lpcxpresso_824\Debug\liblpc_board_nxp_lpcxpresso_824.a(board_sysinit.o)
 .debug_abbrev  0x00000713       0x93 C:\Users\Joey\Documents\LPCXpresso_8.2.2_650\MATE_Workspace\lpc_chip_82x\Debug\liblpc_chip_82x.a(chip_8xx.o)
 .debug_abbrev  0x000007a6      0x272 C:\Users\Joey\Documents\LPCXpresso_8.2.2_650\MATE_Workspace\lpc_chip_82x\Debug\liblpc_chip_82x.a(clock_8xx.o)
 .debug_abbrev  0x00000a18      0x127 C:\Users\Joey\Documents\LPCXpresso_8.2.2_650\MATE_Workspace\lpc_chip_82x\Debug\liblpc_chip_82x.a(gpio_8xx.o)
 .debug_abbrev  0x00000b3f      0x138 C:\Users\Joey\Documents\LPCXpresso_8.2.2_650\MATE_Workspace\lpc_chip_82x\Debug\liblpc_chip_82x.a(swm_8xx.o)
 .debug_abbrev  0x00000c77      0x141 C:\Users\Joey\Documents\LPCXpresso_8.2.2_650\MATE_Workspace\lpc_chip_82x\Debug\liblpc_chip_82x.a(sysinit_8xx.o)
 .debug_abbrev  0x00000db8      0x1f6 C:\Users\Joey\Documents\LPCXpresso_8.2.2_650\MATE_Workspace\lpc_chip_82x\Debug\liblpc_chip_82x.a(uart_8xx.o)
 .debug_abbrev  0x00000fae      0x1f5 C:\Users\Joey\Documents\LPCXpresso_8.2.2_650\MATE_Workspace\lpc_chip_82x\Debug\liblpc_chip_82x.a(irc_8xx.o)
 .debug_abbrev  0x000011a3       0xce C:\Users\Joey\Documents\LPCXpresso_8.2.2_650\MATE_Workspace\lpc_chip_82x\Debug\liblpc_chip_82x.a(syscon_8xx.o)

.debug_aranges  0x00000000      0x560
 .debug_aranges
                0x00000000       0x60 ./example/src/cr_startup_lpc82x.o
 .debug_aranges
                0x00000060       0x18 ./example/src/crp.o
 .debug_aranges
                0x00000078       0x68 ./example/src/gpio.o
 .debug_aranges
                0x000000e0       0x18 ./example/src/mtb.o
 .debug_aranges
                0x000000f8       0x20 ./example/src/sysinit.o
 .debug_aranges
                0x00000118       0xd8 C:\Users\Joey\Documents\LPCXpresso_8.2.2_650\MATE_Workspace\lpc_board_nxp_lpcxpresso_824\Debug\liblpc_board_nxp_lpcxpresso_824.a(board.o)
 .debug_aranges
                0x000001f0       0x38 C:\Users\Joey\Documents\LPCXpresso_8.2.2_650\MATE_Workspace\lpc_board_nxp_lpcxpresso_824\Debug\liblpc_board_nxp_lpcxpresso_824.a(board_sysinit.o)
 .debug_aranges
                0x00000228       0x20 C:\Users\Joey\Documents\LPCXpresso_8.2.2_650\MATE_Workspace\lpc_chip_82x\Debug\liblpc_chip_82x.a(chip_8xx.o)
 .debug_aranges
                0x00000248       0xf0 C:\Users\Joey\Documents\LPCXpresso_8.2.2_650\MATE_Workspace\lpc_chip_82x\Debug\liblpc_chip_82x.a(clock_8xx.o)
 .debug_aranges
                0x00000338       0x38 C:\Users\Joey\Documents\LPCXpresso_8.2.2_650\MATE_Workspace\lpc_chip_82x\Debug\liblpc_chip_82x.a(gpio_8xx.o)
 .debug_aranges
                0x00000370       0x38 C:\Users\Joey\Documents\LPCXpresso_8.2.2_650\MATE_Workspace\lpc_chip_82x\Debug\liblpc_chip_82x.a(swm_8xx.o)
 .debug_aranges
                0x000003a8       0x50 C:\Users\Joey\Documents\LPCXpresso_8.2.2_650\MATE_Workspace\lpc_chip_82x\Debug\liblpc_chip_82x.a(sysinit_8xx.o)
 .debug_aranges
                0x000003f8       0xd8 C:\Users\Joey\Documents\LPCXpresso_8.2.2_650\MATE_Workspace\lpc_chip_82x\Debug\liblpc_chip_82x.a(uart_8xx.o)
 .debug_aranges
                0x000004d0       0x58 C:\Users\Joey\Documents\LPCXpresso_8.2.2_650\MATE_Workspace\lpc_chip_82x\Debug\liblpc_chip_82x.a(irc_8xx.o)
 .debug_aranges
                0x00000528       0x38 C:\Users\Joey\Documents\LPCXpresso_8.2.2_650\MATE_Workspace\lpc_chip_82x\Debug\liblpc_chip_82x.a(syscon_8xx.o)

.debug_ranges   0x00000000      0x460
 .debug_ranges  0x00000000       0x50 ./example/src/cr_startup_lpc82x.o
 .debug_ranges  0x00000050       0x58 ./example/src/gpio.o
 .debug_ranges  0x000000a8       0x10 ./example/src/sysinit.o
 .debug_ranges  0x000000b8       0xc8 C:\Users\Joey\Documents\LPCXpresso_8.2.2_650\MATE_Workspace\lpc_board_nxp_lpcxpresso_824\Debug\liblpc_board_nxp_lpcxpresso_824.a(board.o)
 .debug_ranges  0x00000180       0x28 C:\Users\Joey\Documents\LPCXpresso_8.2.2_650\MATE_Workspace\lpc_board_nxp_lpcxpresso_824\Debug\liblpc_board_nxp_lpcxpresso_824.a(board_sysinit.o)
 .debug_ranges  0x000001a8       0x10 C:\Users\Joey\Documents\LPCXpresso_8.2.2_650\MATE_Workspace\lpc_chip_82x\Debug\liblpc_chip_82x.a(chip_8xx.o)
 .debug_ranges  0x000001b8       0xe0 C:\Users\Joey\Documents\LPCXpresso_8.2.2_650\MATE_Workspace\lpc_chip_82x\Debug\liblpc_chip_82x.a(clock_8xx.o)
 .debug_ranges  0x00000298       0x28 C:\Users\Joey\Documents\LPCXpresso_8.2.2_650\MATE_Workspace\lpc_chip_82x\Debug\liblpc_chip_82x.a(gpio_8xx.o)
 .debug_ranges  0x000002c0       0x28 C:\Users\Joey\Documents\LPCXpresso_8.2.2_650\MATE_Workspace\lpc_chip_82x\Debug\liblpc_chip_82x.a(swm_8xx.o)
 .debug_ranges  0x000002e8       0x40 C:\Users\Joey\Documents\LPCXpresso_8.2.2_650\MATE_Workspace\lpc_chip_82x\Debug\liblpc_chip_82x.a(sysinit_8xx.o)
 .debug_ranges  0x00000328       0xc8 C:\Users\Joey\Documents\LPCXpresso_8.2.2_650\MATE_Workspace\lpc_chip_82x\Debug\liblpc_chip_82x.a(uart_8xx.o)
 .debug_ranges  0x000003f0       0x48 C:\Users\Joey\Documents\LPCXpresso_8.2.2_650\MATE_Workspace\lpc_chip_82x\Debug\liblpc_chip_82x.a(irc_8xx.o)
 .debug_ranges  0x00000438       0x28 C:\Users\Joey\Documents\LPCXpresso_8.2.2_650\MATE_Workspace\lpc_chip_82x\Debug\liblpc_chip_82x.a(syscon_8xx.o)

.debug_macro    0x00000000     0x4aed
 .debug_macro   0x00000000       0x1d ./example/src/cr_startup_lpc82x.o
 .debug_macro   0x0000001d      0x83e ./example/src/cr_startup_lpc82x.o
 .debug_macro   0x0000085b       0x1a ./example/src/crp.o
 .debug_macro   0x00000875       0x34 ./example/src/crp.o
 .debug_macro   0x000008a9      0x240 ./example/src/gpio.o
 .debug_macro   0x00000ae9       0x10 ./example/src/gpio.o
 .debug_macro   0x00000af9      0x12d ./example/src/gpio.o
 .debug_macro   0x00000c26      0x5b2 ./example/src/gpio.o
 .debug_macro   0x000011d8       0x22 ./example/src/gpio.o
 .debug_macro   0x000011fa       0x7b ./example/src/gpio.o
 .debug_macro   0x00001275       0x16 ./example/src/gpio.o
 .debug_macro   0x0000128b       0x28 ./example/src/gpio.o
 .debug_macro   0x000012b3       0x3a ./example/src/gpio.o
 .debug_macro   0x000012ed       0x1f ./example/src/gpio.o
 .debug_macro   0x0000130c      0x250 ./example/src/gpio.o
 .debug_macro   0x0000155c      0x1ae ./example/src/gpio.o
 .debug_macro   0x0000170a       0xca ./example/src/gpio.o
 .debug_macro   0x000017d4       0x6a ./example/src/gpio.o
 .debug_macro   0x0000183e       0x70 ./example/src/gpio.o
 .debug_macro   0x000018ae       0x28 ./example/src/gpio.o
 .debug_macro   0x000018d6      0x190 ./example/src/gpio.o
 .debug_macro   0x00001a66       0x24 ./example/src/gpio.o
 .debug_macro   0x00001a8a       0x64 ./example/src/gpio.o
 .debug_macro   0x00001aee       0x10 ./example/src/gpio.o
 .debug_macro   0x00001afe       0x22 ./example/src/gpio.o
 .debug_macro   0x00001b20       0xb2 ./example/src/gpio.o
 .debug_macro   0x00001bd2       0x58 ./example/src/gpio.o
 .debug_macro   0x00001c2a       0x58 ./example/src/gpio.o
 .debug_macro   0x00001c82       0x6a ./example/src/gpio.o
 .debug_macro   0x00001cec       0x82 ./example/src/gpio.o
 .debug_macro   0x00001d6e       0x16 ./example/src/gpio.o
 .debug_macro   0x00001d84      0x16f ./example/src/gpio.o
 .debug_macro   0x00001ef3       0x22 ./example/src/gpio.o
 .debug_macro   0x00001f15       0x52 ./example/src/gpio.o
 .debug_macro   0x00001f67      0x181 ./example/src/gpio.o
 .debug_macro   0x000020e8      0x289 ./example/src/gpio.o
 .debug_macro   0x00002371      0x28b ./example/src/gpio.o
 .debug_macro   0x000025fc       0x2e ./example/src/gpio.o
 .debug_macro   0x0000262a       0x22 ./example/src/gpio.o
 .debug_macro   0x0000264c      0x216 ./example/src/gpio.o
 .debug_macro   0x00002862      0x1d5 ./example/src/gpio.o
 .debug_macro   0x00002a37       0x16 ./example/src/gpio.o
 .debug_macro   0x00002a4d       0x9a ./example/src/gpio.o
 .debug_macro   0x00002ae7       0x20 ./example/src/gpio.o
 .debug_macro   0x00002b07       0x29 ./example/src/mtb.o
 .debug_macro   0x00002b30       0x82 ./example/src/mtb.o
 .debug_macro   0x00002bb2       0x10 ./example/src/mtb.o
 .debug_macro   0x00002bc2      0x234 ./example/src/sysinit.o
 .debug_macro   0x00002df6      0x251 C:\Users\Joey\Documents\LPCXpresso_8.2.2_650\MATE_Workspace\lpc_board_nxp_lpcxpresso_824\Debug\liblpc_board_nxp_lpcxpresso_824.a(board.o)
 .debug_macro   0x00003047      0x838 C:\Users\Joey\Documents\LPCXpresso_8.2.2_650\MATE_Workspace\lpc_board_nxp_lpcxpresso_824\Debug\liblpc_board_nxp_lpcxpresso_824.a(board.o)
 .debug_macro   0x0000387f       0x12 C:\Users\Joey\Documents\LPCXpresso_8.2.2_650\MATE_Workspace\lpc_board_nxp_lpcxpresso_824\Debug\liblpc_board_nxp_lpcxpresso_824.a(board.o)
 .debug_macro   0x00003891      0x234 C:\Users\Joey\Documents\LPCXpresso_8.2.2_650\MATE_Workspace\lpc_board_nxp_lpcxpresso_824\Debug\liblpc_board_nxp_lpcxpresso_824.a(board_sysinit.o)
 .debug_macro   0x00003ac5      0x1ff C:\Users\Joey\Documents\LPCXpresso_8.2.2_650\MATE_Workspace\lpc_chip_82x\Debug\liblpc_chip_82x.a(chip_8xx.o)
 .debug_macro   0x00003cc4      0x1ff C:\Users\Joey\Documents\LPCXpresso_8.2.2_650\MATE_Workspace\lpc_chip_82x\Debug\liblpc_chip_82x.a(clock_8xx.o)
 .debug_macro   0x00003ec3      0x1ff C:\Users\Joey\Documents\LPCXpresso_8.2.2_650\MATE_Workspace\lpc_chip_82x\Debug\liblpc_chip_82x.a(gpio_8xx.o)
 .debug_macro   0x000040c2      0x20b C:\Users\Joey\Documents\LPCXpresso_8.2.2_650\MATE_Workspace\lpc_chip_82x\Debug\liblpc_chip_82x.a(swm_8xx.o)
 .debug_macro   0x000042cd      0x20b C:\Users\Joey\Documents\LPCXpresso_8.2.2_650\MATE_Workspace\lpc_chip_82x\Debug\liblpc_chip_82x.a(sysinit_8xx.o)
 .debug_macro   0x000044d8      0x1ff C:\Users\Joey\Documents\LPCXpresso_8.2.2_650\MATE_Workspace\lpc_chip_82x\Debug\liblpc_chip_82x.a(uart_8xx.o)
 .debug_macro   0x000046d7      0x1ff C:\Users\Joey\Documents\LPCXpresso_8.2.2_650\MATE_Workspace\lpc_chip_82x\Debug\liblpc_chip_82x.a(irc_8xx.o)
 .debug_macro   0x000048d6      0x217 C:\Users\Joey\Documents\LPCXpresso_8.2.2_650\MATE_Workspace\lpc_chip_82x\Debug\liblpc_chip_82x.a(syscon_8xx.o)

.debug_line     0x00000000     0x3a70
 .debug_line    0x00000000       0xc3 ./example/src/cr_startup_lpc82x.o
 .debug_line    0x000000c3       0x80 ./example/src/crp.o
 .debug_line    0x00000143      0x521 ./example/src/gpio.o
 .debug_line    0x00000664       0x9d ./example/src/mtb.o
 .debug_line    0x00000701      0x43f ./example/src/sysinit.o
 .debug_line    0x00000b40      0x68e C:\Users\Joey\Documents\LPCXpresso_8.2.2_650\MATE_Workspace\lpc_board_nxp_lpcxpresso_824\Debug\liblpc_board_nxp_lpcxpresso_824.a(board.o)
 .debug_line    0x000011ce      0x479 C:\Users\Joey\Documents\LPCXpresso_8.2.2_650\MATE_Workspace\lpc_board_nxp_lpcxpresso_824\Debug\liblpc_board_nxp_lpcxpresso_824.a(board_sysinit.o)
 .debug_line    0x00001647      0x3b6 C:\Users\Joey\Documents\LPCXpresso_8.2.2_650\MATE_Workspace\lpc_chip_82x\Debug\liblpc_chip_82x.a(chip_8xx.o)
 .debug_line    0x000019fd      0x605 C:\Users\Joey\Documents\LPCXpresso_8.2.2_650\MATE_Workspace\lpc_chip_82x\Debug\liblpc_chip_82x.a(clock_8xx.o)
 .debug_line    0x00002002      0x3ef C:\Users\Joey\Documents\LPCXpresso_8.2.2_650\MATE_Workspace\lpc_chip_82x\Debug\liblpc_chip_82x.a(gpio_8xx.o)
 .debug_line    0x000023f1      0x3f6 C:\Users\Joey\Documents\LPCXpresso_8.2.2_650\MATE_Workspace\lpc_chip_82x\Debug\liblpc_chip_82x.a(swm_8xx.o)
 .debug_line    0x000027e7      0x43e C:\Users\Joey\Documents\LPCXpresso_8.2.2_650\MATE_Workspace\lpc_chip_82x\Debug\liblpc_chip_82x.a(sysinit_8xx.o)
 .debug_line    0x00002c25      0x5da C:\Users\Joey\Documents\LPCXpresso_8.2.2_650\MATE_Workspace\lpc_chip_82x\Debug\liblpc_chip_82x.a(uart_8xx.o)
 .debug_line    0x000031ff      0x47e C:\Users\Joey\Documents\LPCXpresso_8.2.2_650\MATE_Workspace\lpc_chip_82x\Debug\liblpc_chip_82x.a(irc_8xx.o)
 .debug_line    0x0000367d      0x3f3 C:\Users\Joey\Documents\LPCXpresso_8.2.2_650\MATE_Workspace\lpc_chip_82x\Debug\liblpc_chip_82x.a(syscon_8xx.o)

.debug_str      0x00000000     0xe3c9
 .debug_str     0x00000000     0x2517 ./example/src/cr_startup_lpc82x.o
                               0x252a (size before relaxing)
 .debug_str     0x00002517       0xf1 ./example/src/crp.o
                               0x248d (size before relaxing)
 .debug_str     0x00002608     0x9a92 ./example/src/gpio.o
                               0xbf3c (size before relaxing)
 .debug_str     0x0000c09a      0x521 ./example/src/mtb.o
                               0x28be (size before relaxing)
 .debug_str     0x0000c5bb       0x19 ./example/src/sysinit.o
                               0xb537 (size before relaxing)
 .debug_str     0x0000c5d4      0x78d C:\Users\Joey\Documents\LPCXpresso_8.2.2_650\MATE_Workspace\lpc_board_nxp_lpcxpresso_824\Debug\liblpc_board_nxp_lpcxpresso_824.a(board.o)
                               0xc2e6 (size before relaxing)
 .debug_str     0x0000cd61       0x4e C:\Users\Joey\Documents\LPCXpresso_8.2.2_650\MATE_Workspace\lpc_board_nxp_lpcxpresso_824\Debug\liblpc_board_nxp_lpcxpresso_824.a(board_sysinit.o)
                               0xb986 (size before relaxing)
 .debug_str     0x0000cdaf       0x77 C:\Users\Joey\Documents\LPCXpresso_8.2.2_650\MATE_Workspace\lpc_chip_82x\Debug\liblpc_chip_82x.a(chip_8xx.o)
                               0xb3f5 (size before relaxing)
 .debug_str     0x0000ce26      0x7bd C:\Users\Joey\Documents\LPCXpresso_8.2.2_650\MATE_Workspace\lpc_chip_82x\Debug\liblpc_chip_82x.a(clock_8xx.o)
                               0xbdc1 (size before relaxing)
 .debug_str     0x0000d5e3       0x32 C:\Users\Joey\Documents\LPCXpresso_8.2.2_650\MATE_Workspace\lpc_chip_82x\Debug\liblpc_chip_82x.a(gpio_8xx.o)
                               0xb69b (size before relaxing)
 .debug_str     0x0000d615       0xed C:\Users\Joey\Documents\LPCXpresso_8.2.2_650\MATE_Workspace\lpc_chip_82x\Debug\liblpc_chip_82x.a(swm_8xx.o)
                               0xb7d2 (size before relaxing)
 .debug_str     0x0000d702      0x161 C:\Users\Joey\Documents\LPCXpresso_8.2.2_650\MATE_Workspace\lpc_chip_82x\Debug\liblpc_chip_82x.a(sysinit_8xx.o)
                               0xb655 (size before relaxing)
 .debug_str     0x0000d863      0x1ed C:\Users\Joey\Documents\LPCXpresso_8.2.2_650\MATE_Workspace\lpc_chip_82x\Debug\liblpc_chip_82x.a(uart_8xx.o)
                               0xb9c0 (size before relaxing)
 .debug_str     0x0000da50      0x865 C:\Users\Joey\Documents\LPCXpresso_8.2.2_650\MATE_Workspace\lpc_chip_82x\Debug\liblpc_chip_82x.a(irc_8xx.o)
                               0xc035 (size before relaxing)
 .debug_str     0x0000e2b5      0x114 C:\Users\Joey\Documents\LPCXpresso_8.2.2_650\MATE_Workspace\lpc_chip_82x\Debug\liblpc_chip_82x.a(syscon_8xx.o)
                               0xb511 (size before relaxing)

.comment        0x00000000       0xdc
 .comment       0x00000000       0x6e ./example/src/cr_startup_lpc82x.o
                                 0x6f (size before relaxing)
 .comment       0x0000006e       0x6f ./example/src/crp.o
 .comment       0x0000006e       0x6f ./example/src/gpio.o
 .comment       0x0000006e       0x6f ./example/src/mtb.o
 .comment       0x0000006e       0x6f ./example/src/sysinit.o
 .comment       0x0000006e       0x6f C:\Users\Joey\Documents\LPCXpresso_8.2.2_650\MATE_Workspace\lpc_board_nxp_lpcxpresso_824\Debug\liblpc_board_nxp_lpcxpresso_824.a(board.o)
 .comment       0x0000006e       0x6f C:\Users\Joey\Documents\LPCXpresso_8.2.2_650\MATE_Workspace\lpc_board_nxp_lpcxpresso_824\Debug\liblpc_board_nxp_lpcxpresso_824.a(board_sysinit.o)
 .comment       0x0000006e       0x6f C:\Users\Joey\Documents\LPCXpresso_8.2.2_650\MATE_Workspace\lpc_chip_82x\Debug\liblpc_chip_82x.a(chip_8xx.o)
 .comment       0x0000006e       0x6f C:\Users\Joey\Documents\LPCXpresso_8.2.2_650\MATE_Workspace\lpc_chip_82x\Debug\liblpc_chip_82x.a(clock_8xx.o)
 .comment       0x0000006e       0x6f C:\Users\Joey\Documents\LPCXpresso_8.2.2_650\MATE_Workspace\lpc_chip_82x\Debug\liblpc_chip_82x.a(gpio_8xx.o)
 .comment       0x0000006e       0x6f C:\Users\Joey\Documents\LPCXpresso_8.2.2_650\MATE_Workspace\lpc_chip_82x\Debug\liblpc_chip_82x.a(swm_8xx.o)
 .comment       0x0000006e       0x6f C:\Users\Joey\Documents\LPCXpresso_8.2.2_650\MATE_Workspace\lpc_chip_82x\Debug\liblpc_chip_82x.a(sysinit_8xx.o)
 .comment       0x0000006e       0x6f C:\Users\Joey\Documents\LPCXpresso_8.2.2_650\MATE_Workspace\lpc_chip_82x\Debug\liblpc_chip_82x.a(uart_8xx.o)
 .comment       0x0000006e       0x6f C:\Users\Joey\Documents\LPCXpresso_8.2.2_650\MATE_Workspace\lpc_chip_82x\Debug\liblpc_chip_82x.a(irc_8xx.o)
 .comment       0x0000006e       0x6f C:\Users\Joey\Documents\LPCXpresso_8.2.2_650\MATE_Workspace\lpc_chip_82x\Debug\liblpc_chip_82x.a(syscon_8xx.o)
 .comment       0x0000006e       0x6e c:/nxp/lpcxpresso_8.2.2_650/lpcxpresso/tools/bin/../lib/gcc/arm-none-eabi/5.4.1/../../../../arm-none-eabi/lib/armv6-m\libcr_nohost.a(_cr__main.o)
                                 0x6f (size before relaxing)
 .comment       0x000000dc       0x6f c:/nxp/lpcxpresso_8.2.2_650/lpcxpresso/tools/bin/../lib/gcc/arm-none-eabi/5.4.1/../../../../arm-none-eabi/lib/armv6-m\libcr_c.a(initio.o)
 .comment       0x000000dc       0x6f c:/nxp/lpcxpresso_8.2.2_650/lpcxpresso/tools/bin/../lib/gcc/arm-none-eabi/5.4.1/../../../../arm-none-eabi/lib/armv6-m\libcr_c.a(setvbuf.o)
 .comment       0x000000dc       0x6f c:/nxp/lpcxpresso_8.2.2_650/lpcxpresso/tools/bin/../lib/gcc/arm-none-eabi/5.4.1/../../../../arm-none-eabi/lib/armv6-m\libcr_c.a(stdio.o)
 .comment       0x000000dc       0x6f c:/nxp/lpcxpresso_8.2.2_650/lpcxpresso/tools/bin/../lib/gcc/arm-none-eabi/5.4.1/../../../../arm-none-eabi/lib/armv6-m\libcr_c.a(memset.o)
 .comment       0x000000dc       0x6f c:/nxp/lpcxpresso_8.2.2_650/lpcxpresso/tools/bin/../lib/gcc/arm-none-eabi/5.4.1/../../../../arm-none-eabi/lib/armv6-m\libcr_c.a(_deferredlazyseek.o)
 .comment       0x000000dc       0x6f c:/nxp/lpcxpresso_8.2.2_650/lpcxpresso/tools/bin/../lib/gcc/arm-none-eabi/5.4.1/../../../../arm-none-eabi/lib/armv6-m\libcr_c.a(_fdopen.o)
 .comment       0x000000dc       0x6f c:/nxp/lpcxpresso_8.2.2_650/lpcxpresso/tools/bin/../lib/gcc/arm-none-eabi/5.4.1/../../../../arm-none-eabi/lib/armv6-m\libcr_c.a(_fflush.o)
 .comment       0x000000dc       0x6f c:/nxp/lpcxpresso_8.2.2_650/lpcxpresso/tools/bin/../lib/gcc/arm-none-eabi/5.4.1/../../../../arm-none-eabi/lib/armv6-m\libcr_c.a(_writebuf.o)
 .comment       0x000000dc       0x6f c:/nxp/lpcxpresso_8.2.2_650/lpcxpresso/tools/bin/../lib/gcc/arm-none-eabi/5.4.1/../../../../arm-none-eabi/lib/armv6-m\libcr_c.a(alloc.o)
 .comment       0x000000dc       0x6f c:/nxp/lpcxpresso_8.2.2_650/lpcxpresso/tools/bin/../lib/gcc/arm-none-eabi/5.4.1/../../../../arm-none-eabi/lib/armv6-m\libcr_c.a(fclose.o)
 .comment       0x000000dc       0x6f c:/nxp/lpcxpresso_8.2.2_650/lpcxpresso/tools/bin/../lib/gcc/arm-none-eabi/5.4.1/../../../../arm-none-eabi/lib/armv6-m\libcr_c.a(fflush.o)
 .comment       0x000000dc       0x6f c:/nxp/lpcxpresso_8.2.2_650/lpcxpresso/tools/bin/../lib/gcc/arm-none-eabi/5.4.1/../../../../arm-none-eabi/lib/armv6-m\libcr_c.a(fseek.o)
 .comment       0x000000dc       0x6f c:/nxp/lpcxpresso_8.2.2_650/lpcxpresso/tools/bin/../lib/gcc/arm-none-eabi/5.4.1/../../../../arm-none-eabi/lib/armv6-m\libcr_c.a(ftell.o)
 .comment       0x000000dc       0x6f c:/nxp/lpcxpresso_8.2.2_650/lpcxpresso/tools/bin/../lib/gcc/arm-none-eabi/5.4.1/../../../../arm-none-eabi/lib/armv6-m\libcr_c.a(remove.o)
 .comment       0x000000dc       0x6f c:/nxp/lpcxpresso_8.2.2_650/lpcxpresso/tools/bin/../lib/gcc/arm-none-eabi/5.4.1/../../../../arm-none-eabi/lib/armv6-m\libcr_c.a(strlen.o)
 .comment       0x000000dc       0x6f c:/nxp/lpcxpresso_8.2.2_650/lpcxpresso/tools/bin/../lib/gcc/arm-none-eabi/5.4.1/../../../../arm-none-eabi/lib/armv6-m\libcr_c.a(__init_alloc.o)
 .comment       0x000000dc       0x6f c:/nxp/lpcxpresso_8.2.2_650/lpcxpresso/tools/bin/../lib/gcc/arm-none-eabi/5.4.1/../../../../arm-none-eabi/lib/armv6-m\libcr_c.a(_cr_sbrk.o)
 .comment       0x000000dc       0x6f c:/nxp/lpcxpresso_8.2.2_650/lpcxpresso/tools/bin/../lib/gcc/arm-none-eabi/5.4.1/../../../../arm-none-eabi/lib/armv6-m\libcr_c.a(_do_fflush.o)
 .comment       0x000000dc       0x6f c:/nxp/lpcxpresso_8.2.2_650/lpcxpresso/tools/bin/../lib/gcc/arm-none-eabi/5.4.1/../../../../arm-none-eabi/lib/armv6-m\libcr_c.a(errno.o)
 .comment       0x000000dc       0x6f c:/nxp/lpcxpresso_8.2.2_650/lpcxpresso/tools/bin/../lib/gcc/arm-none-eabi/5.4.1/../../../../arm-none-eabi/lib/armv6-m\libcr_c.a(_cr_check_heap.o)
 .comment       0x000000dc       0x6f c:/nxp/lpcxpresso_8.2.2_650/lpcxpresso/tools/bin/../lib/gcc/arm-none-eabi/5.4.1/../../../../arm-none-eabi/lib/armv6-m\libcr_nohost.a(__sys_appexit.o)
 .comment       0x000000dc       0x6f c:/nxp/lpcxpresso_8.2.2_650/lpcxpresso/tools/bin/../lib/gcc/arm-none-eabi/5.4.1/../../../../arm-none-eabi/lib/armv6-m\libcr_nohost.a(__sys_close.o)
 .comment       0x000000dc       0x6f c:/nxp/lpcxpresso_8.2.2_650/lpcxpresso/tools/bin/../lib/gcc/arm-none-eabi/5.4.1/../../../../arm-none-eabi/lib/armv6-m\libcr_nohost.a(__sys_flen.o)
 .comment       0x000000dc       0x6f c:/nxp/lpcxpresso_8.2.2_650/lpcxpresso/tools/bin/../lib/gcc/arm-none-eabi/5.4.1/../../../../arm-none-eabi/lib/armv6-m\libcr_nohost.a(__sys_istty.o)
 .comment       0x000000dc       0x6f c:/nxp/lpcxpresso_8.2.2_650/lpcxpresso/tools/bin/../lib/gcc/arm-none-eabi/5.4.1/../../../../arm-none-eabi/lib/armv6-m\libcr_nohost.a(__sys_remove.o)
 .comment       0x000000dc       0x6f c:/nxp/lpcxpresso_8.2.2_650/lpcxpresso/tools/bin/../lib/gcc/arm-none-eabi/5.4.1/../../../../arm-none-eabi/lib/armv6-m\libcr_nohost.a(__sys_seek.o)
 .comment       0x000000dc       0x6f c:/nxp/lpcxpresso_8.2.2_650/lpcxpresso/tools/bin/../lib/gcc/arm-none-eabi/5.4.1/../../../../arm-none-eabi/lib/armv6-m\libcr_nohost.a(__sys_tmpnam.o)

.ARM.attributes
                0x00000000       0x2f
 .ARM.attributes
                0x00000000       0x31 ./example/src/cr_startup_lpc82x.o
 .ARM.attributes
                0x00000031       0x31 ./example/src/crp.o
 .ARM.attributes
                0x00000062       0x31 ./example/src/gpio.o
 .ARM.attributes
                0x00000093       0x31 ./example/src/mtb.o
 .ARM.attributes
                0x000000c4       0x31 ./example/src/sysinit.o
 .ARM.attributes
                0x000000f5       0x31 C:\Users\Joey\Documents\LPCXpresso_8.2.2_650\MATE_Workspace\lpc_board_nxp_lpcxpresso_824\Debug\liblpc_board_nxp_lpcxpresso_824.a(board.o)
 .ARM.attributes
                0x00000126       0x31 C:\Users\Joey\Documents\LPCXpresso_8.2.2_650\MATE_Workspace\lpc_board_nxp_lpcxpresso_824\Debug\liblpc_board_nxp_lpcxpresso_824.a(board_sysinit.o)
 .ARM.attributes
                0x00000157       0x31 C:\Users\Joey\Documents\LPCXpresso_8.2.2_650\MATE_Workspace\lpc_chip_82x\Debug\liblpc_chip_82x.a(chip_8xx.o)
 .ARM.attributes
                0x00000188       0x31 C:\Users\Joey\Documents\LPCXpresso_8.2.2_650\MATE_Workspace\lpc_chip_82x\Debug\liblpc_chip_82x.a(clock_8xx.o)
 .ARM.attributes
                0x000001b9       0x31 C:\Users\Joey\Documents\LPCXpresso_8.2.2_650\MATE_Workspace\lpc_chip_82x\Debug\liblpc_chip_82x.a(gpio_8xx.o)
 .ARM.attributes
                0x000001ea       0x31 C:\Users\Joey\Documents\LPCXpresso_8.2.2_650\MATE_Workspace\lpc_chip_82x\Debug\liblpc_chip_82x.a(swm_8xx.o)
 .ARM.attributes
                0x0000021b       0x31 C:\Users\Joey\Documents\LPCXpresso_8.2.2_650\MATE_Workspace\lpc_chip_82x\Debug\liblpc_chip_82x.a(sysinit_8xx.o)
 .ARM.attributes
                0x0000024c       0x31 C:\Users\Joey\Documents\LPCXpresso_8.2.2_650\MATE_Workspace\lpc_chip_82x\Debug\liblpc_chip_82x.a(uart_8xx.o)
 .ARM.attributes
                0x0000027d       0x31 C:\Users\Joey\Documents\LPCXpresso_8.2.2_650\MATE_Workspace\lpc_chip_82x\Debug\liblpc_chip_82x.a(irc_8xx.o)
 .ARM.attributes
                0x000002ae       0x31 C:\Users\Joey\Documents\LPCXpresso_8.2.2_650\MATE_Workspace\lpc_chip_82x\Debug\liblpc_chip_82x.a(syscon_8xx.o)
 .ARM.attributes
                0x000002df       0x31 c:/nxp/lpcxpresso_8.2.2_650/lpcxpresso/tools/bin/../lib/gcc/arm-none-eabi/5.4.1/../../../../arm-none-eabi/lib/armv6-m\libcr_nohost.a(_cr__main.o)
 .ARM.attributes
                0x00000310       0x31 c:/nxp/lpcxpresso_8.2.2_650/lpcxpresso/tools/bin/../lib/gcc/arm-none-eabi/5.4.1/../../../../arm-none-eabi/lib/armv6-m\libcr_c.a(initio.o)
 .ARM.attributes
                0x00000341       0x31 c:/nxp/lpcxpresso_8.2.2_650/lpcxpresso/tools/bin/../lib/gcc/arm-none-eabi/5.4.1/../../../../arm-none-eabi/lib/armv6-m\libcr_c.a(setvbuf.o)
 .ARM.attributes
                0x00000372       0x31 c:/nxp/lpcxpresso_8.2.2_650/lpcxpresso/tools/bin/../lib/gcc/arm-none-eabi/5.4.1/../../../../arm-none-eabi/lib/armv6-m\libcr_c.a(stdio.o)
 .ARM.attributes
                0x000003a3       0x31 c:/nxp/lpcxpresso_8.2.2_650/lpcxpresso/tools/bin/../lib/gcc/arm-none-eabi/5.4.1/../../../../arm-none-eabi/lib/armv6-m\libcr_c.a(memset.o)
 .ARM.attributes
                0x000003d4       0x31 c:/nxp/lpcxpresso_8.2.2_650/lpcxpresso/tools/bin/../lib/gcc/arm-none-eabi/5.4.1/../../../../arm-none-eabi/lib/armv6-m\libcr_c.a(_deferredlazyseek.o)
 .ARM.attributes
                0x00000405       0x31 c:/nxp/lpcxpresso_8.2.2_650/lpcxpresso/tools/bin/../lib/gcc/arm-none-eabi/5.4.1/../../../../arm-none-eabi/lib/armv6-m\libcr_c.a(_fdopen.o)
 .ARM.attributes
                0x00000436       0x31 c:/nxp/lpcxpresso_8.2.2_650/lpcxpresso/tools/bin/../lib/gcc/arm-none-eabi/5.4.1/../../../../arm-none-eabi/lib/armv6-m\libcr_c.a(_fflush.o)
 .ARM.attributes
                0x00000467       0x31 c:/nxp/lpcxpresso_8.2.2_650/lpcxpresso/tools/bin/../lib/gcc/arm-none-eabi/5.4.1/../../../../arm-none-eabi/lib/armv6-m\libcr_c.a(_writebuf.o)
 .ARM.attributes
                0x00000498       0x31 c:/nxp/lpcxpresso_8.2.2_650/lpcxpresso/tools/bin/../lib/gcc/arm-none-eabi/5.4.1/../../../../arm-none-eabi/lib/armv6-m\libcr_c.a(alloc.o)
 .ARM.attributes
                0x000004c9       0x31 c:/nxp/lpcxpresso_8.2.2_650/lpcxpresso/tools/bin/../lib/gcc/arm-none-eabi/5.4.1/../../../../arm-none-eabi/lib/armv6-m\libcr_c.a(fclose.o)
 .ARM.attributes
                0x000004fa       0x31 c:/nxp/lpcxpresso_8.2.2_650/lpcxpresso/tools/bin/../lib/gcc/arm-none-eabi/5.4.1/../../../../arm-none-eabi/lib/armv6-m\libcr_c.a(fflush.o)
 .ARM.attributes
                0x0000052b       0x31 c:/nxp/lpcxpresso_8.2.2_650/lpcxpresso/tools/bin/../lib/gcc/arm-none-eabi/5.4.1/../../../../arm-none-eabi/lib/armv6-m\libcr_c.a(fseek.o)
 .ARM.attributes
                0x0000055c       0x31 c:/nxp/lpcxpresso_8.2.2_650/lpcxpresso/tools/bin/../lib/gcc/arm-none-eabi/5.4.1/../../../../arm-none-eabi/lib/armv6-m\libcr_c.a(ftell.o)
 .ARM.attributes
                0x0000058d       0x31 c:/nxp/lpcxpresso_8.2.2_650/lpcxpresso/tools/bin/../lib/gcc/arm-none-eabi/5.4.1/../../../../arm-none-eabi/lib/armv6-m\libcr_c.a(remove.o)
 .ARM.attributes
                0x000005be       0x31 c:/nxp/lpcxpresso_8.2.2_650/lpcxpresso/tools/bin/../lib/gcc/arm-none-eabi/5.4.1/../../../../arm-none-eabi/lib/armv6-m\libcr_c.a(strlen.o)
 .ARM.attributes
                0x000005ef       0x31 c:/nxp/lpcxpresso_8.2.2_650/lpcxpresso/tools/bin/../lib/gcc/arm-none-eabi/5.4.1/../../../../arm-none-eabi/lib/armv6-m\libcr_c.a(__init_alloc.o)
 .ARM.attributes
                0x00000620       0x31 c:/nxp/lpcxpresso_8.2.2_650/lpcxpresso/tools/bin/../lib/gcc/arm-none-eabi/5.4.1/../../../../arm-none-eabi/lib/armv6-m\libcr_c.a(_cr_sbrk.o)
 .ARM.attributes
                0x00000651       0x31 c:/nxp/lpcxpresso_8.2.2_650/lpcxpresso/tools/bin/../lib/gcc/arm-none-eabi/5.4.1/../../../../arm-none-eabi/lib/armv6-m\libcr_c.a(_do_fflush.o)
 .ARM.attributes
                0x00000682       0x31 c:/nxp/lpcxpresso_8.2.2_650/lpcxpresso/tools/bin/../lib/gcc/arm-none-eabi/5.4.1/../../../../arm-none-eabi/lib/armv6-m\libcr_c.a(errno.o)
 .ARM.attributes
                0x000006b3       0x31 c:/nxp/lpcxpresso_8.2.2_650/lpcxpresso/tools/bin/../lib/gcc/arm-none-eabi/5.4.1/../../../../arm-none-eabi/lib/armv6-m\libcr_c.a(_cr_check_heap.o)
 .ARM.attributes
                0x000006e4       0x21 c:/nxp/lpcxpresso_8.2.2_650/lpcxpresso/tools/bin/../lib/gcc/arm-none-eabi/5.4.1/armv6-m\libcr_eabihelpers.a(division_32.o)
 .ARM.attributes
                0x00000705       0x21 c:/nxp/lpcxpresso_8.2.2_650/lpcxpresso/tools/bin/../lib/gcc/arm-none-eabi/5.4.1/armv6-m\libcr_eabihelpers.a(division_64.o)
 .ARM.attributes
                0x00000726       0x21 c:/nxp/lpcxpresso_8.2.2_650/lpcxpresso/tools/bin/../lib/gcc/arm-none-eabi/5.4.1/armv6-m\libcr_eabihelpers.a(division_idiv0.o)
 .ARM.attributes
                0x00000747       0x21 c:/nxp/lpcxpresso_8.2.2_650/lpcxpresso/tools/bin/../lib/gcc/arm-none-eabi/5.4.1/armv6-m\libcr_eabihelpers.a(memcpy.o)
 .ARM.attributes
                0x00000768       0x31 c:/nxp/lpcxpresso_8.2.2_650/lpcxpresso/tools/bin/../lib/gcc/arm-none-eabi/5.4.1/../../../../arm-none-eabi/lib/armv6-m\libcr_nohost.a(__sys_appexit.o)
 .ARM.attributes
                0x00000799       0x31 c:/nxp/lpcxpresso_8.2.2_650/lpcxpresso/tools/bin/../lib/gcc/arm-none-eabi/5.4.1/../../../../arm-none-eabi/lib/armv6-m\libcr_nohost.a(__sys_close.o)
 .ARM.attributes
                0x000007ca       0x31 c:/nxp/lpcxpresso_8.2.2_650/lpcxpresso/tools/bin/../lib/gcc/arm-none-eabi/5.4.1/../../../../arm-none-eabi/lib/armv6-m\libcr_nohost.a(__sys_flen.o)
 .ARM.attributes
                0x000007fb       0x31 c:/nxp/lpcxpresso_8.2.2_650/lpcxpresso/tools/bin/../lib/gcc/arm-none-eabi/5.4.1/../../../../arm-none-eabi/lib/armv6-m\libcr_nohost.a(__sys_istty.o)
 .ARM.attributes
                0x0000082c       0x31 c:/nxp/lpcxpresso_8.2.2_650/lpcxpresso/tools/bin/../lib/gcc/arm-none-eabi/5.4.1/../../../../arm-none-eabi/lib/armv6-m\libcr_nohost.a(__sys_remove.o)
 .ARM.attributes
                0x0000085d       0x31 c:/nxp/lpcxpresso_8.2.2_650/lpcxpresso/tools/bin/../lib/gcc/arm-none-eabi/5.4.1/../../../../arm-none-eabi/lib/armv6-m\libcr_nohost.a(__sys_seek.o)
 .ARM.attributes
                0x0000088e       0x31 c:/nxp/lpcxpresso_8.2.2_650/lpcxpresso/tools/bin/../lib/gcc/arm-none-eabi/5.4.1/../../../../arm-none-eabi/lib/armv6-m\libcr_nohost.a(__sys_tmpnam.o)

.debug_frame    0x00000000     0x1040
 .debug_frame   0x00000000      0x118 ./example/src/cr_startup_lpc82x.o
 .debug_frame   0x00000118      0x14c ./example/src/gpio.o
 .debug_frame   0x00000264       0x2c ./example/src/sysinit.o
 .debug_frame   0x00000290      0x304 C:\Users\Joey\Documents\LPCXpresso_8.2.2_650\MATE_Workspace\lpc_board_nxp_lpcxpresso_824\Debug\liblpc_board_nxp_lpcxpresso_824.a(board.o)
 .debug_frame   0x00000594       0x84 C:\Users\Joey\Documents\LPCXpresso_8.2.2_650\MATE_Workspace\lpc_board_nxp_lpcxpresso_824\Debug\liblpc_board_nxp_lpcxpresso_824.a(board_sysinit.o)
 .debug_frame   0x00000618       0x2c C:\Users\Joey\Documents\LPCXpresso_8.2.2_650\MATE_Workspace\lpc_chip_82x\Debug\liblpc_chip_82x.a(chip_8xx.o)
 .debug_frame   0x00000644      0x354 C:\Users\Joey\Documents\LPCXpresso_8.2.2_650\MATE_Workspace\lpc_chip_82x\Debug\liblpc_chip_82x.a(clock_8xx.o)
 .debug_frame   0x00000998       0x90 C:\Users\Joey\Documents\LPCXpresso_8.2.2_650\MATE_Workspace\lpc_chip_82x\Debug\liblpc_chip_82x.a(gpio_8xx.o)
 .debug_frame   0x00000a28       0x90 C:\Users\Joey\Documents\LPCXpresso_8.2.2_650\MATE_Workspace\lpc_chip_82x\Debug\liblpc_chip_82x.a(swm_8xx.o)
 .debug_frame   0x00000ab8       0xe0 C:\Users\Joey\Documents\LPCXpresso_8.2.2_650\MATE_Workspace\lpc_chip_82x\Debug\liblpc_chip_82x.a(sysinit_8xx.o)
 .debug_frame   0x00000b98      0x310 C:\Users\Joey\Documents\LPCXpresso_8.2.2_650\MATE_Workspace\lpc_chip_82x\Debug\liblpc_chip_82x.a(uart_8xx.o)
 .debug_frame   0x00000ea8      0x108 C:\Users\Joey\Documents\LPCXpresso_8.2.2_650\MATE_Workspace\lpc_chip_82x\Debug\liblpc_chip_82x.a(irc_8xx.o)
 .debug_frame   0x00000fb0       0x90 C:\Users\Joey\Documents\LPCXpresso_8.2.2_650\MATE_Workspace\lpc_chip_82x\Debug\liblpc_chip_82x.a(syscon_8xx.o)
