Archive member included to satisfy reference by file (symbol)

C:\Users\Joey\Documents\LPCXpresso_8.2.2_650\MATE_Workspace\lpc_board_nxp_lpcxpresso_824\Debug\liblpc_board_nxp_lpcxpresso_824.a(board.o)
                              ./example/src/systick.o (Board_LED_Set)
C:\Users\Joey\Documents\LPCXpresso_8.2.2_650\MATE_Workspace\lpc_board_nxp_lpcxpresso_824\Debug\liblpc_board_nxp_lpcxpresso_824.a(board_sysinit.o)
                              ./example/src/sysinit.o (Board_SystemInit)
C:\Users\Joey\Documents\LPCXpresso_8.2.2_650\MATE_Workspace\lpc_chip_82x\Debug\liblpc_chip_82x.a(chip_8xx.o)
                              ./example/src/systick.o (SystemCoreClock)
C:\Users\Joey\Documents\LPCXpresso_8.2.2_650\MATE_Workspace\lpc_chip_82x\Debug\liblpc_chip_82x.a(clock_8xx.o)
                              C:\Users\Joey\Documents\LPCXpresso_8.2.2_650\MATE_Workspace\lpc_chip_82x\Debug\liblpc_chip_82x.a(chip_8xx.o) (Chip_Clock_GetSystemClockRate)
C:\Users\Joey\Documents\LPCXpresso_8.2.2_650\MATE_Workspace\lpc_chip_82x\Debug\liblpc_chip_82x.a(gpio_8xx.o)
                              C:\Users\Joey\Documents\LPCXpresso_8.2.2_650\MATE_Workspace\lpc_board_nxp_lpcxpresso_824\Debug\liblpc_board_nxp_lpcxpresso_824.a(board.o) (Chip_GPIO_Init)
C:\Users\Joey\Documents\LPCXpresso_8.2.2_650\MATE_Workspace\lpc_chip_82x\Debug\liblpc_chip_82x.a(swm_8xx.o)
                              C:\Users\Joey\Documents\LPCXpresso_8.2.2_650\MATE_Workspace\lpc_board_nxp_lpcxpresso_824\Debug\liblpc_board_nxp_lpcxpresso_824.a(board.o) (Chip_SWM_MovablePinAssign)
C:\Users\Joey\Documents\LPCXpresso_8.2.2_650\MATE_Workspace\lpc_chip_82x\Debug\liblpc_chip_82x.a(sysinit_8xx.o)
                              C:\Users\Joey\Documents\LPCXpresso_8.2.2_650\MATE_Workspace\lpc_board_nxp_lpcxpresso_824\Debug\liblpc_board_nxp_lpcxpresso_824.a(board_sysinit.o) (Chip_SetupIrcClocking)
C:\Users\Joey\Documents\LPCXpresso_8.2.2_650\MATE_Workspace\lpc_chip_82x\Debug\liblpc_chip_82x.a(uart_8xx.o)
                              C:\Users\Joey\Documents\LPCXpresso_8.2.2_650\MATE_Workspace\lpc_board_nxp_lpcxpresso_824\Debug\liblpc_board_nxp_lpcxpresso_824.a(board.o) (Chip_UART_Init)
C:\Users\Joey\Documents\LPCXpresso_8.2.2_650\MATE_Workspace\lpc_chip_82x\Debug\liblpc_chip_82x.a(irc_8xx.o)
                              C:\Users\Joey\Documents\LPCXpresso_8.2.2_650\MATE_Workspace\lpc_chip_82x\Debug\liblpc_chip_82x.a(sysinit_8xx.o) (Chip_IRC_SetFreq)
C:\Users\Joey\Documents\LPCXpresso_8.2.2_650\MATE_Workspace\lpc_chip_82x\Debug\liblpc_chip_82x.a(ring_buffer.o)
                              C:\Users\Joey\Documents\LPCXpresso_8.2.2_650\MATE_Workspace\lpc_chip_82x\Debug\liblpc_chip_82x.a(uart_8xx.o) (RingBuffer_Insert)
C:\Users\Joey\Documents\LPCXpresso_8.2.2_650\MATE_Workspace\lpc_chip_82x\Debug\liblpc_chip_82x.a(syscon_8xx.o)
                              C:\Users\Joey\Documents\LPCXpresso_8.2.2_650\MATE_Workspace\lpc_chip_82x\Debug\liblpc_chip_82x.a(sysinit_8xx.o) (Chip_SYSCTL_PowerDown)
c:/nxp/lpcxpresso_8.2.2_650/lpcxpresso/tools/bin/../lib/gcc/arm-none-eabi/5.4.1/../../../../arm-none-eabi/lib/armv6-m\libcr_nohost.a(_cr__main.o)
                              ./example/src/cr_startup_lpc82x.o (__main)
c:/nxp/lpcxpresso_8.2.2_650/lpcxpresso/tools/bin/../lib/gcc/arm-none-eabi/5.4.1/../../../../arm-none-eabi/lib/armv6-m\libcr_c.a(memcpy.o)
                              C:\Users\Joey\Documents\LPCXpresso_8.2.2_650\MATE_Workspace\lpc_chip_82x\Debug\liblpc_chip_82x.a(ring_buffer.o) (memcpy)
c:/nxp/lpcxpresso_8.2.2_650/lpcxpresso/tools/bin/../lib/gcc/arm-none-eabi/5.4.1/../../../../arm-none-eabi/lib/armv6-m\libcr_c.a(initio.o)
                              c:/nxp/lpcxpresso_8.2.2_650/lpcxpresso/tools/bin/../lib/gcc/arm-none-eabi/5.4.1/../../../../arm-none-eabi/lib/armv6-m\libcr_nohost.a(_cr__main.o) (_initio)
c:/nxp/lpcxpresso_8.2.2_650/lpcxpresso/tools/bin/../lib/gcc/arm-none-eabi/5.4.1/../../../../arm-none-eabi/lib/armv6-m\libcr_c.a(setvbuf.o)
                              c:/nxp/lpcxpresso_8.2.2_650/lpcxpresso/tools/bin/../lib/gcc/arm-none-eabi/5.4.1/../../../../arm-none-eabi/lib/armv6-m\libcr_c.a(initio.o) (setvbuf)
c:/nxp/lpcxpresso_8.2.2_650/lpcxpresso/tools/bin/../lib/gcc/arm-none-eabi/5.4.1/../../../../arm-none-eabi/lib/armv6-m\libcr_c.a(stdio.o)
                              c:/nxp/lpcxpresso_8.2.2_650/lpcxpresso/tools/bin/../lib/gcc/arm-none-eabi/5.4.1/../../../../arm-none-eabi/lib/armv6-m\libcr_c.a(initio.o) (__Ciob)
c:/nxp/lpcxpresso_8.2.2_650/lpcxpresso/tools/bin/../lib/gcc/arm-none-eabi/5.4.1/../../../../arm-none-eabi/lib/armv6-m\libcr_c.a(memset.o)
                              c:/nxp/lpcxpresso_8.2.2_650/lpcxpresso/tools/bin/../lib/gcc/arm-none-eabi/5.4.1/../../../../arm-none-eabi/lib/armv6-m\libcr_c.a(initio.o) (memset)
c:/nxp/lpcxpresso_8.2.2_650/lpcxpresso/tools/bin/../lib/gcc/arm-none-eabi/5.4.1/../../../../arm-none-eabi/lib/armv6-m\libcr_c.a(__fillbuf.o)
[...]
Memory Configuration

Name             Origin             Length             Attributes
MFlash32         0x00000000         0x00008000         xr
RamLoc8          0x10000000         0x00002000         xrw
*default*        0x00000000         0xffffffff

Linker script and memory map

LOAD ./example/src/cr_startup_lpc82x.o
LOAD ./example/src/crp.o
LOAD ./example/src/mtb.o
LOAD ./example/src/sysinit.o
LOAD ./example/src/systick.o
LOAD C:\Users\Joey\Documents\LPCXpresso_8.2.2_650\MATE_Workspace\lpc_board_nxp_lpcxpresso_824\Debug\liblpc_board_nxp_lpcxpresso_824.a
LOAD C:\Users\Joey\Documents\LPCXpresso_8.2.2_650\MATE_Workspace\lpc_chip_82x\Debug\liblpc_chip_82x.a
START GROUP
LOAD c:/nxp/lpcxpresso_8.2.2_650/lpcxpresso/tools/bin/../lib/gcc/arm-none-eabi/5.4.1/../../../../arm-none-eabi/lib/armv6-m\libcr_nohost.a
LOAD c:/nxp/lpcxpresso_8.2.2_650/lpcxpresso/tools/bin/../lib/gcc/arm-none-eabi/5.4.1/../../../../arm-none-eabi/lib/armv6-m\libcr_c.a
LOAD c:/nxp/lpcxpresso_8.2.2_650/lpcxpresso/tools/bin/../lib/gcc/arm-none-eabi/5.4.1/armv6-m\libcr_eabihelpers.a
END GROUP
                0x00000000                __base_MFlash32 = 0x0
                0x00000000                __base_Flash = 0x0
                0x00008000                __top_MFlash32 = 0x8000
                0x00008000                __top_Flash = 0x8000
                0x10000000                __base_RamLoc8 = 0x10000000
                0x10000000                __base_RAM = 0x10000000
                0x10002000                __top_RamLoc8 = 0x10002000
                0x10002000                __top_RAM = 0x10002000

.text           0x00000000     0x1e68
 FILL mask 0xff
                0x00000000                __vectors_start__ = ABSOLUTE (.)
 *(.isr_vector)
 .isr_vector    0x00000000       0xc0 ./example/src/cr_startup_lpc82x.o
                0x00000000                g_pfnVectors
                0x000000c0                . = ALIGN (0x4)
                0x000000c0                __section_table_start = .
                0x000000c0                __data_section_table = .
                0x000000c0        0x4 LONG 0x1e68 LOADADDR (.data)
                0x000000c4        0x4 LONG 0x10000080 ADDR (.data)
                0x000000c8        0x4 LONG 0x0 SIZEOF (.data)
                0x000000cc                __data_section_table_end = .
                0x000000cc                __bss_section_table = .
                0x000000cc        0x4 LONG 0x10000080 ADDR (.bss)
                0x000000d0        0x4 LONG 0x158 SIZEOF (.bss)
                0x000000d4                __bss_section_table_end = .
                0x000000d4                __section_table_end = .
 *(.after_vectors*)
 .after_vectors
                0x000000d4      0x124 ./example/src/cr_startup_lpc82x.o
                0x000000d4                data_init
                0x00000114                bss_init
                0x00000148                ResetISR
                0x000001c8                NMI_Handler
                0x000001d0                HardFault_Handler
                0x000001d8                SVC_Handler
                0x000001e0                PendSV_Handler
                0x000001f0                UART1_IRQHandler
                0x000001f0                ADC_SEQB_IRQHandler
                0x000001f0                UART0_IRQHandler
                0x000001f0                I2C1_IRQHandler
                0x000001f0                MRT_IRQHandler
                0x000001f0                SPI1_IRQHandler
                0x000001f0                PIN_INT6_IRQHandler
                0x000001f0                IntDefaultHandler
                0x000001f0                PIN_INT4_IRQHandler
                0x000001f0                ADC_OVR_IRQHandler
                0x000001f0                I2C0_IRQHandler
                0x000001f0                CMP_IRQHandler
                0x000001f0                UART2_IRQHandler
                0x000001f0                PIN_INT5_IRQHandler
                0x000001f0                PIN_INT2_IRQHandler
                0x000001f0                PIN_INT7_IRQHandler
                0x000001f0                ADC_THCMP_IRQHandler
                0x000001f0                PIN_INT1_IRQHandler
                0x000001f0                BOD_IRQHandler
                0x000001f0                I2C3_IRQHandler
                0x000001f0                SCT_IRQHandler
                0x000001f0                WDT_IRQHandler
                0x000001f0                WKT_IRQHandler
                0x000001f0                ADC_SEQA_IRQHandler
                0x000001f0                PIN_INT0_IRQHandler
                0x000001f0                SPI0_IRQHandler
                0x000001f0                I2C2_IRQHandler
                0x000001f0                DMA_IRQHandler
                0x000001f0                PIN_INT3_IRQHandler
                0x000001f0                FLASH_IRQHandler
                0x000002fc                . = 0x2fc
 *fill*         0x000001f8      0x104 ff
                0x000002fc                PROVIDE (__CRP_WORD_START__, .)
 *(.crp)
 .crp           0x000002fc        0x4 ./example/src/crp.o
                0x000002fc                CRP_WORD
                0x00000300                PROVIDE (__CRP_WORD_END__, .)
                0x00000001                ASSERT (! ((__CRP_WORD_START__ == __CRP_WORD_END__)), Linker CRP Enabled, but no CRP_WORD provided within application)
 *(.text*)
 .text.SystemInit
                0x00000300       0x10 ./example/src/sysinit.o
                0x00000300                SystemInit
 .text.NVIC_SetPriority
                0x00000310       0xdc ./example/src/systick.o
 .text.SysTick_Config
                0x000003ec       0x48 ./example/src/systick.o
 .text.SysTick_Handler
                0x00000434       0x10 ./example/src/systick.o
                0x00000434                SysTick_Handler
 .text.main     0x00000444       0x30 ./example/src/systick.o
                0x00000444                main
 .text.Chip_Clock_EnablePeriphClock
                0x00000474       0x3c C:\Users\Joey\Documents\LPCXpresso_8.2.2_650\MATE_Workspace\lpc_board_nxp_lpcxpresso_824\Debug\liblpc_board_nxp_lpcxpresso_824.a(board.o)
 .text.Chip_Clock_DisablePeriphClock
                0x000004b0       0x3c C:\Users\Joey\Documents\LPCXpresso_8.2.2_650\MATE_Workspace\lpc_board_nxp_lpcxpresso_824\Debug\liblpc_board_nxp_lpcxpresso_824.a(board.o)
 .text.Chip_Clock_SetUARTClockDiv
                0x000004ec       0x1c C:\Users\Joey\Documents\LPCXpresso_8.2.2_650\MATE_Workspace\lpc_board_nxp_lpcxpresso_824\Debug\liblpc_board_nxp_lpcxpresso_824.a(board.o)
 .text.Chip_SWM_DisableFixedPin
                0x00000508       0x3c C:\Users\Joey\Documents\LPCXpresso_8.2.2_650\MATE_Workspace\lpc_board_nxp_lpcxpresso_824\Debug\liblpc_board_nxp_lpcxpresso_824.a(board.o)
 .text.Chip_GPIO_SetPinState
                0x00000544       0x40 C:\Users\Joey\Documents\LPCXpresso_8.2.2_650\MATE_Workspace\lpc_board_nxp_lpcxpresso_824\Debug\liblpc_board_nxp_lpcxpresso_824.a(board.o)
 .text.Chip_GPIO_SetPinDIROutput
                0x00000584       0x3c C:\Users\Joey\Documents\LPCXpresso_8.2.2_650\MATE_Workspace\lpc_board_nxp_lpcxpresso_824\Debug\liblpc_board_nxp_lpcxpresso_824.a(board.o)
 .text.Chip_GPIO_SetPinToggle
                0x000005c0       0x40 C:\Users\Joey\Documents\LPCXpresso_8.2.2_650\MATE_Workspace\lpc_board_nxp_lpcxpresso_824\Debug\liblpc_board_nxp_lpcxpresso_824.a(board.o)
 .text.Chip_UART_Enable
                0x00000600       0x24 C:\Users\Joey\Documents\LPCXpresso_8.2.2_650\MATE_Workspace\lpc_board_nxp_lpcxpresso_824\Debug\liblpc_board_nxp_lpcxpresso_824.a(board.o)
 .text.Chip_UART_TXEnable
                0x00000624       0x20 C:\Users\Joey\Documents\LPCXpresso_8.2.2_650\MATE_Workspace\lpc_board_nxp_lpcxpresso_824\Debug\liblpc_board_nxp_lpcxpresso_824.a(board.o)
 .text.Chip_UART_ConfigData
                0x00000644       0x2c C:\Users\Joey\Documents\LPCXpresso_8.2.2_650\MATE_Workspace\lpc_board_nxp_lpcxpresso_824\Debug\liblpc_board_nxp_lpcxpresso_824.a(board.o)
 .text.__sys_write
                0x00000670       0x38 C:\Users\Joey\Documents\LPCXpresso_8.2.2_650\MATE_Workspace\lpc_board_nxp_lpcxpresso_824\Debug\liblpc_board_nxp_lpcxpresso_824.a(board.o)
                0x00000670                __sys_write
 .text.Board_LED_Init
                0x000006a8       0x4c C:\Users\Joey\Documents\LPCXpresso_8.2.2_650\MATE_Workspace\lpc_board_nxp_lpcxpresso_824\Debug\liblpc_board_nxp_lpcxpresso_824.a(board.o)
 .text.Board_UART_Init
                0x000006f4       0x38 C:\Users\Joey\Documents\LPCXpresso_8.2.2_650\MATE_Workspace\lpc_board_nxp_lpcxpresso_824\Debug\liblpc_board_nxp_lpcxpresso_824.a(board.o)
 .text.Board_LED_Set
                0x0000072c       0x48 C:\Users\Joey\Documents\LPCXpresso_8.2.2_650\MATE_Workspace\lpc_board_nxp_lpcxpresso_824\Debug\liblpc_board_nxp_lpcxpresso_824.a(board.o)
                0x0000072c                Board_LED_Set
 .text.Board_LED_Toggle
                0x00000774       0x34 C:\Users\Joey\Documents\LPCXpresso_8.2.2_650\MATE_Workspace\lpc_board_nxp_lpcxpresso_824\Debug\liblpc_board_nxp_lpcxpresso_824.a(board.o)
                0x00000774                Board_LED_Toggle
 .text.Board_UARTPutChar
                0x000007a8       0x24 C:\Users\Joey\Documents\LPCXpresso_8.2.2_650\MATE_Workspace\lpc_board_nxp_lpcxpresso_824\Debug\liblpc_board_nxp_lpcxpresso_824.a(board.o)
                0x000007a8                Board_UARTPutChar
 .text.Board_Debug_Init
                0x000007cc       0x50 C:\Users\Joey\Documents\LPCXpresso_8.2.2_650\MATE_Workspace\lpc_board_nxp_lpcxpresso_824\Debug\liblpc_board_nxp_lpcxpresso_824.a(board.o)
                0x000007cc                Board_Debug_Init
 .text.Board_Init
                0x0000081c       0x1c C:\Users\Joey\Documents\LPCXpresso_8.2.2_650\MATE_Workspace\lpc_board_nxp_lpcxpresso_824\Debug\liblpc_board_nxp_lpcxpresso_824.a(board.o)
                0x0000081c                Board_Init
 .text.Chip_Clock_EnablePeriphClock
                0x00000838       0x3c C:\Users\Joey\Documents\LPCXpresso_8.2.2_650\MATE_Workspace\lpc_board_nxp_lpcxpresso_824\Debug\liblpc_board_nxp_lpcxpresso_824.a(board_sysinit.o)
 .text.Board_SetupMuxing
                0x00000874       0x10 C:\Users\Joey\Documents\LPCXpresso_8.2.2_650\MATE_Workspace\lpc_board_nxp_lpcxpresso_824\Debug\liblpc_board_nxp_lpcxpresso_824.a(board_sysinit.o)
                0x00000874                Board_SetupMuxing
 .text.Board_SetupClocking
                0x00000884       0x10 C:\Users\Joey\Documents\LPCXpresso_8.2.2_650\MATE_Workspace\lpc_board_nxp_lpcxpresso_824\Debug\liblpc_board_nxp_lpcxpresso_824.a(board_sysinit.o)
                0x00000884                Board_SetupClocking
 .text.Board_SystemInit
                0x00000894       0x14 C:\Users\Joey\Documents\LPCXpresso_8.2.2_650\MATE_Workspace\lpc_board_nxp_lpcxpresso_824\Debug\liblpc_board_nxp_lpcxpresso_824.a(board_sysinit.o)
                0x00000894                Board_SystemInit
 .text.SystemCoreClockUpdate
                0x000008a8       0x18 C:\Users\Joey\Documents\LPCXpresso_8.2.2_650\MATE_Workspace\lpc_chip_82x\Debug\liblpc_chip_82x.a(chip_8xx.o)
                0x000008a8                SystemCoreClockUpdate
 .text.Chip_SYSCTL_AssertPeriphReset
                0x000008c0       0x38 C:\Users\Joey\Documents\LPCXpresso_8.2.2_650\MATE_Workspace\lpc_chip_82x\Debug\liblpc_chip_82x.a(clock_8xx.o)
 .text.Chip_SYSCTL_DeassertPeriphReset
                0x000008f8       0x38 C:\Users\Joey\Documents\LPCXpresso_8.2.2_650\MATE_Workspace\lpc_chip_82x\Debug\liblpc_chip_82x.a(clock_8xx.o)
 .text.Chip_SYSCTL_PeriphReset
                0x00000930       0x28 C:\Users\Joey\Documents\LPCXpresso_8.2.2_650\MATE_Workspace\lpc_chip_82x\Debug\liblpc_chip_82x.a(clock_8xx.o)
 .text.Chip_Clock_SetUARTClockDiv
                0x00000958       0x1c C:\Users\Joey\Documents\LPCXpresso_8.2.2_650\MATE_Workspace\lpc_chip_82x\Debug\liblpc_chip_82x.a(clock_8xx.o)
 .text.Chip_Clock_GetUARTClockDiv
                0x00000974       0x18 C:\Users\Joey\Documents\LPCXpresso_8.2.2_650\MATE_Workspace\lpc_chip_82x\Debug\liblpc_chip_82x.a(clock_8xx.o)
 .text.Chip_SYSCTL_SetUSARTFRGDivider
                0x0000098c       0x24 C:\Users\Joey\Documents\LPCXpresso_8.2.2_650\MATE_Workspace\lpc_chip_82x\Debug\liblpc_chip_82x.a(clock_8xx.o)
 .text.Chip_SYSCTL_GetUSARTFRGDivider
                0x000009b0       0x18 C:\Users\Joey\Documents\LPCXpresso_8.2.2_650\MATE_Workspace\lpc_chip_82x\Debug\liblpc_chip_82x.a(clock_8xx.o)
 .text.Chip_SYSCTL_SetUSARTFRGMultiplier
                0x000009c8       0x24 C:\Users\Joey\Documents\LPCXpresso_8.2.2_650\MATE_Workspace\lpc_chip_82x\Debug\liblpc_chip_82x.a(clock_8xx.o)
 .text.Chip_SYSCTL_GetUSARTFRGMultiplier
                0x000009ec       0x18 C:\Users\Joey\Documents\LPCXpresso_8.2.2_650\MATE_Workspace\lpc_chip_82x\Debug\liblpc_chip_82x.a(clock_8xx.o)
 .text.Chip_Clock_GetMainOscRate
                0x00000a04       0x14 C:\Users\Joey\Documents\LPCXpresso_8.2.2_650\MATE_Workspace\lpc_chip_82x\Debug\liblpc_chip_82x.a(clock_8xx.o)
 .text.Chip_Clock_GetIntOscRate
                0x00000a18       0x10 C:\Users\Joey\Documents\LPCXpresso_8.2.2_650\MATE_Workspace\lpc_chip_82x\Debug\liblpc_chip_82x.a(clock_8xx.o)
 .text.Chip_Clock_GetExtClockInRate
                0x00000a28       0x14 C:\Users\Joey\Documents\LPCXpresso_8.2.2_650\MATE_Workspace\lpc_chip_82x\Debug\liblpc_chip_82x.a(clock_8xx.o)
 .text.Chip_Clock_GetWDTLFORate
                0x00000a3c       0x48 C:\Users\Joey\Documents\LPCXpresso_8.2.2_650\MATE_Workspace\lpc_chip_82x\Debug\liblpc_chip_82x.a(clock_8xx.o)
 .text.Chip_Clock_GetPLLFreq
                0x00000a84       0x24 C:\Users\Joey\Documents\LPCXpresso_8.2.2_650\MATE_Workspace\lpc_chip_82x\Debug\liblpc_chip_82x.a(clock_8xx.o)
 .text.Chip_Clock_SetSystemPLLSource
                0x00000aa8       0x2c C:\Users\Joey\Documents\LPCXpresso_8.2.2_650\MATE_Workspace\lpc_chip_82x\Debug\liblpc_chip_82x.a(clock_8xx.o)
                0x00000aa8                Chip_Clock_SetSystemPLLSource
 .text.Chip_Clock_SetMainClockSource
                0x00000ad4       0x2c C:\Users\Joey\Documents\LPCXpresso_8.2.2_650\MATE_Workspace\lpc_chip_82x\Debug\liblpc_chip_82x.a(clock_8xx.o)
                0x00000ad4                Chip_Clock_SetMainClockSource
 .text.Chip_Clock_GetWDTOSCRate
                0x00000b00       0x20 C:\Users\Joey\Documents\LPCXpresso_8.2.2_650\MATE_Workspace\lpc_chip_82x\Debug\liblpc_chip_82x.a(clock_8xx.o)
                0x00000b00                Chip_Clock_GetWDTOSCRate
 .text.Chip_Clock_GetSystemPLLInClockRate
                0x00000b20       0x4c C:\Users\Joey\Documents\LPCXpresso_8.2.2_650\MATE_Workspace\lpc_chip_82x\Debug\liblpc_chip_82x.a(clock_8xx.o)
                0x00000b20                Chip_Clock_GetSystemPLLInClockRate
 .text.Chip_Clock_GetSystemPLLOutClockRate
                0x00000b6c       0x28 C:\Users\Joey\Documents\LPCXpresso_8.2.2_650\MATE_Workspace\lpc_chip_82x\Debug\liblpc_chip_82x.a(clock_8xx.o)
                0x00000b6c                Chip_Clock_GetSystemPLLOutClockRate
 .text.Chip_Clock_GetMainClockRate
                0x00000b94       0x60 C:\Users\Joey\Documents\LPCXpresso_8.2.2_650\MATE_Workspace\lpc_chip_82x\Debug\liblpc_chip_82x.a(clock_8xx.o)
                0x00000b94                Chip_Clock_GetMainClockRate
 .text.Chip_Clock_GetSystemClockRate
                0x00000bf4       0x24 C:\Users\Joey\Documents\LPCXpresso_8.2.2_650\MATE_Workspace\lpc_chip_82x\Debug\liblpc_chip_82x.a(clock_8xx.o)
                0x00000bf4                Chip_Clock_GetSystemClockRate
 .text.Chip_Clock_GetUSARTNBaseClockRate
                0x00000c18       0x84 C:\Users\Joey\Documents\LPCXpresso_8.2.2_650\MATE_Workspace\lpc_chip_82x\Debug\liblpc_chip_82x.a(clock_8xx.o)
                0x00000c18                Chip_Clock_GetUSARTNBaseClockRate
 .text.Chip_Clock_SetUSARTNBaseClockRate
                0x00000c9c       0x84 C:\Users\Joey\Documents\LPCXpresso_8.2.2_650\MATE_Workspace\lpc_chip_82x\Debug\liblpc_chip_82x.a(clock_8xx.o)
                0x00000c9c                Chip_Clock_SetUSARTNBaseClockRate
 .text.Chip_Clock_EnablePeriphClock
                0x00000d20       0x3c C:\Users\Joey\Documents\LPCXpresso_8.2.2_650\MATE_Workspace\lpc_chip_82x\Debug\liblpc_chip_82x.a(gpio_8xx.o)
 .text.Chip_GPIO_Init
                0x00000d5c       0x18 C:\Users\Joey\Documents\LPCXpresso_8.2.2_650\MATE_Workspace\lpc_chip_82x\Debug\liblpc_chip_82x.a(gpio_8xx.o)
                0x00000d5c                Chip_GPIO_Init
 .text.Chip_SWM_MovablePinAssign
                0x00000d74       0x64 C:\Users\Joey\Documents\LPCXpresso_8.2.2_650\MATE_Workspace\lpc_chip_82x\Debug\liblpc_chip_82x.a(swm_8xx.o)
                0x00000d74                Chip_SWM_MovablePinAssign
 .text.Chip_SetupIrcClocking
                0x00000dd8       0x20 C:\Users\Joey\Documents\LPCXpresso_8.2.2_650\MATE_Workspace\lpc_chip_82x\Debug\liblpc_chip_82x.a(sysinit_8xx.o)
                0x00000dd8                Chip_SetupIrcClocking
 .text.Chip_SYSCTL_AssertPeriphReset
                0x00000df8       0x38 C:\Users\Joey\Documents\LPCXpresso_8.2.2_650\MATE_Workspace\lpc_chip_82x\Debug\liblpc_chip_82x.a(uart_8xx.o)
 .text.Chip_SYSCTL_DeassertPeriphReset
                0x00000e30       0x38 C:\Users\Joey\Documents\LPCXpresso_8.2.2_650\MATE_Workspace\lpc_chip_82x\Debug\liblpc_chip_82x.a(uart_8xx.o)
 .text.Chip_SYSCTL_PeriphReset
                0x00000e68       0x28 C:\Users\Joey\Documents\LPCXpresso_8.2.2_650\MATE_Workspace\lpc_chip_82x\Debug\liblpc_chip_82x.a(uart_8xx.o)
 .text.Chip_Clock_EnablePeriphClock
                0x00000e90       0x3c C:\Users\Joey\Documents\LPCXpresso_8.2.2_650\MATE_Workspace\lpc_chip_82x\Debug\liblpc_chip_82x.a(uart_8xx.o)
 .text.Chip_UART_SendByte
                0x00000ecc       0x20 C:\Users\Joey\Documents\LPCXpresso_8.2.2_650\MATE_Workspace\lpc_chip_82x\Debug\liblpc_chip_82x.a(uart_8xx.o)
 .text.Chip_UART_GetStatus
                0x00000eec       0x1c C:\Users\Joey\Documents\LPCXpresso_8.2.2_650\MATE_Workspace\lpc_chip_82x\Debug\liblpc_chip_82x.a(uart_8xx.o)
 .text.getUARTClockID
                0x00000f08       0x34 C:\Users\Joey\Documents\LPCXpresso_8.2.2_650\MATE_Workspace\lpc_chip_82x\Debug\liblpc_chip_82x.a(uart_8xx.o)
 .text.Chip_UART_Init
                0x00000f3c       0x50 C:\Users\Joey\Documents\LPCXpresso_8.2.2_650\MATE_Workspace\lpc_chip_82x\Debug\liblpc_chip_82x.a(uart_8xx.o)
                0x00000f3c                Chip_UART_Init
 .text.Chip_UART_Send
                0x00000f8c       0x54 C:\Users\Joey\Documents\LPCXpresso_8.2.2_650\MATE_Workspace\lpc_chip_82x\Debug\liblpc_chip_82x.a(uart_8xx.o)
                0x00000f8c                Chip_UART_Send
 .text.Chip_UART_SendBlocking
                0x00000fe0       0x50 C:\Users\Joey\Documents\LPCXpresso_8.2.2_650\MATE_Workspace\lpc_chip_82x\Debug\liblpc_chip_82x.a(uart_8xx.o)
                0x00000fe0                Chip_UART_SendBlocking
 .text.Chip_UART_SetBaud
                0x00001030       0x30 C:\Users\Joey\Documents\LPCXpresso_8.2.2_650\MATE_Workspace\lpc_chip_82x\Debug\liblpc_chip_82x.a(uart_8xx.o)
                0x00001030                Chip_UART_SetBaud
 .text.Chip_Clock_SetupSystemPLL
                0x00001060       0x38 C:\Users\Joey\Documents\LPCXpresso_8.2.2_650\MATE_Workspace\lpc_chip_82x\Debug\liblpc_chip_82x.a(irc_8xx.o)
 .text.Chip_Clock_IsSystemPLLLocked
                0x00001098       0x1c C:\Users\Joey\Documents\LPCXpresso_8.2.2_650\MATE_Workspace\lpc_chip_82x\Debug\liblpc_chip_82x.a(irc_8xx.o)
 .text.Chip_Clock_SetSysClockDiv
                0x000010b4       0x1c C:\Users\Joey\Documents\LPCXpresso_8.2.2_650\MATE_Workspace\lpc_chip_82x\Debug\liblpc_chip_82x.a(irc_8xx.o)
 .text.Chip_FMC_SetFLASHAccess
                0x000010d0       0x2c C:\Users\Joey\Documents\LPCXpresso_8.2.2_650\MATE_Workspace\lpc_chip_82x\Debug\liblpc_chip_82x.a(irc_8xx.o)
 .text.pll_config
                0x000010fc       0x6c C:\Users\Joey\Documents\LPCXpresso_8.2.2_650\MATE_Workspace\lpc_chip_82x\Debug\liblpc_chip_82x.a(irc_8xx.o)
 .text.Chip_IRC_SetFreq
                0x00001168       0xf4 C:\Users\Joey\Documents\LPCXpresso_8.2.2_650\MATE_Workspace\lpc_chip_82x\Debug\liblpc_chip_82x.a(irc_8xx.o)
                0x00001168                Chip_IRC_SetFreq
 .text.Chip_SYSCTL_PowerDown
                0x0000125c       0x44 C:\Users\Joey\Documents\LPCXpresso_8.2.2_650\MATE_Workspace\lpc_chip_82x\Debug\liblpc_chip_82x.a(syscon_8xx.o)
                0x0000125c                Chip_SYSCTL_PowerDown
 .text.Chip_SYSCTL_PowerUp
                0x000012a0       0x44 C:\Users\Joey\Documents\LPCXpresso_8.2.2_650\MATE_Workspace\lpc_chip_82x\Debug\liblpc_chip_82x.a(syscon_8xx.o)
                0x000012a0                Chip_SYSCTL_PowerUp
 .text.__main   0x000012e4       0x12 c:/nxp/lpcxpresso_8.2.2_650/lpcxpresso/tools/bin/../lib/gcc/arm-none-eabi/5.4.1/../../../../arm-none-eabi/lib/armv6-m\libcr_nohost.a(_cr__main.o)
                0x000012e4                __main
 *fill*         0x000012f6        0x2 ff
 .text._initio  0x000012f8       0xa8 c:/nxp/lpcxpresso_8.2.2_650/lpcxpresso/tools/bin/../lib/gcc/arm-none-eabi/5.4.1/../../../../arm-none-eabi/lib/armv6-m\libcr_c.a(initio.o)
                0x000012f8                _initio
 .text.setvbuf  0x000013a0       0x48 c:/nxp/lpcxpresso_8.2.2_650/lpcxpresso/tools/bin/../lib/gcc/arm-none-eabi/5.4.1/../../../../arm-none-eabi/lib/armv6-m\libcr_c.a(setvbuf.o)
                0x000013a0                setvbuf
 .text.memset   0x000013e8        0x8 c:/nxp/lpcxpresso_8.2.2_650/lpcxpresso/tools/bin/../lib/gcc/arm-none-eabi/5.4.1/../../../../arm-none-eabi/lib/armv6-m\libcr_c.a(memset.o)
                0x000013e8                memset
 .text._deferredlazyseek
                0x000013f0       0x44 c:/nxp/lpcxpresso_8.2.2_650/lpcxpresso/tools/bin/../lib/gcc/arm-none-eabi/5.4.1/../../../../arm-none-eabi/lib/armv6-m\libcr_c.a(_deferredlazyseek.o)
                0x000013f0                _deferredlazyseek
 .text._fdopen  0x00001434       0x74 c:/nxp/lpcxpresso_8.2.2_650/lpcxpresso/tools/bin/../lib/gcc/arm-none-eabi/5.4.1/../../../../arm-none-eabi/lib/armv6-m\libcr_c.a(_fdopen.o)
                0x00001434                _fdopen
 .text._fflush  0x000014a8       0x64 c:/nxp/lpcxpresso_8.2.2_650/lpcxpresso/tools/bin/../lib/gcc/arm-none-eabi/5.4.1/../../../../arm-none-eabi/lib/armv6-m\libcr_c.a(_fflush.o)
                0x000014a8                _fflush
 .text._Cwritebuf
                0x0000150c       0x6c c:/nxp/lpcxpresso_8.2.2_650/lpcxpresso/tools/bin/../lib/gcc/arm-none-eabi/5.4.1/../../../../arm-none-eabi/lib/armv6-m\libcr_c.a(_writebuf.o)
                0x0000150c                _Cwritebuf
 .text.malloc   0x00001578       0xcc c:/nxp/lpcxpresso_8.2.2_650/lpcxpresso/tools/bin/../lib/gcc/arm-none-eabi/5.4.1/../../../../arm-none-eabi/lib/armv6-m\libcr_c.a(alloc.o)
                0x00001578                malloc
 .text.free     0x00001644       0x2e c:/nxp/lpcxpresso_8.2.2_650/lpcxpresso/tools/bin/../lib/gcc/arm-none-eabi/5.4.1/../../../../arm-none-eabi/lib/armv6-m\libcr_c.a(alloc.o)
                0x00001644                free
 *fill*         0x00001672        0x2 ff
 .text._Csys_alloc
                0x00001674       0x20 c:/nxp/lpcxpresso_8.2.2_650/lpcxpresso/tools/bin/../lib/gcc/arm-none-eabi/5.4.1/../../../../arm-none-eabi/lib/armv6-m\libcr_c.a(alloc.o)
                0x00001674                _Csys_alloc
 .text.fclose   0x00001694       0x70 c:/nxp/lpcxpresso_8.2.2_650/lpcxpresso/tools/bin/../lib/gcc/arm-none-eabi/5.4.1/../../../../arm-none-eabi/lib/armv6-m\libcr_c.a(fclose.o)
                0x00001694                fclose
 .text.fflush   0x00001704       0x34 c:/nxp/lpcxpresso_8.2.2_650/lpcxpresso/tools/bin/../lib/gcc/arm-none-eabi/5.4.1/../../../../arm-none-eabi/lib/armv6-m\libcr_c.a(fflush.o)
                0x00001704                fflush
 .text.fseek    0x00001738      0x100 c:/nxp/lpcxpresso_8.2.2_650/lpcxpresso/tools/bin/../lib/gcc/arm-none-eabi/5.4.1/../../../../arm-none-eabi/lib/armv6-m\libcr_c.a(fseek.o)
                0x00001738                fseek
 .text.ftell    0x00001838       0x4c c:/nxp/lpcxpresso_8.2.2_650/lpcxpresso/tools/bin/../lib/gcc/arm-none-eabi/5.4.1/../../../../arm-none-eabi/lib/armv6-m\libcr_c.a(ftell.o)
                0x00001838                ftell
 .text.remove   0x00001884       0x12 c:/nxp/lpcxpresso_8.2.2_650/lpcxpresso/tools/bin/../lib/gcc/arm-none-eabi/5.4.1/../../../../arm-none-eabi/lib/armv6-m\libcr_c.a(remove.o)
                0x00001884                remove
 *fill*         0x00001896        0x2 ff
 .text.strlen   0x00001898       0x54 c:/nxp/lpcxpresso_8.2.2_650/lpcxpresso/tools/bin/../lib/gcc/arm-none-eabi/5.4.1/../../../../arm-none-eabi/lib/armv6-m\libcr_c.a(strlen.o)
                0x00001898                strlen
 .text._sbrk    0x000018ec       0x40 c:/nxp/lpcxpresso_8.2.2_650/lpcxpresso/tools/bin/../lib/gcc/arm-none-eabi/5.4.1/../../../../arm-none-eabi/lib/armv6-m\libcr_c.a(_cr_sbrk.o)
                0x000018ec                _sbrk
 .text._do_fflush
                0x0000192c       0x48 c:/nxp/lpcxpresso_8.2.2_650/lpcxpresso/tools/bin/../lib/gcc/arm-none-eabi/5.4.1/../../../../arm-none-eabi/lib/armv6-m\libcr_c.a(_do_fflush.o)
                0x0000192c                _do_fflush
 .text.__check_heap_overflow
                0x00001974       0x14 c:/nxp/lpcxpresso_8.2.2_650/lpcxpresso/tools/bin/../lib/gcc/arm-none-eabi/5.4.1/../../../../arm-none-eabi/lib/armv6-m\libcr_c.a(_cr_check_heap.o)
                0x00001974                __check_heap_overflow
 .text.__aeabi_division_idivmod
                0x00001988       0x78 c:/nxp/lpcxpresso_8.2.2_650/lpcxpresso/tools/bin/../lib/gcc/arm-none-eabi/5.4.1/armv6-m\libcr_eabihelpers.a(division_32.o)
                0x00001988                __aeabi_idivmod
                0x00001988                __aeabi_idiv
                0x0000198e                __aeabi_uidivmod
                0x0000198e                __aeabi_uidiv
 .text.__aeabi_division_uldivmod
                0x00001a00       0x5a c:/nxp/lpcxpresso_8.2.2_650/lpcxpresso/tools/bin/../lib/gcc/arm-none-eabi/5.4.1/armv6-m\libcr_eabihelpers.a(division_64.o)
                0x00001a00                __aeabi_uldivmod
 .text.__aeabi_division_idiv0
                0x00001a5a        0x2 c:/nxp/lpcxpresso_8.2.2_650/lpcxpresso/tools/bin/../lib/gcc/arm-none-eabi/5.4.1/armv6-m\libcr_eabihelpers.a(division_idiv0.o)
                0x00001a5a                __aeabi_idiv0
 .text.__aeabi_memset_lowlevel
                0x00001a5c       0x2a c:/nxp/lpcxpresso_8.2.2_650/lpcxpresso/tools/bin/../lib/gcc/arm-none-eabi/5.4.1/armv6-m\libcr_eabihelpers.a(memcpy.o)
                0x00001a5c                __aeabi_lowlevel_memset
 .text.__sys_appexit
                0x00001a86        0x2 c:/nxp/lpcxpresso_8.2.2_650/lpcxpresso/tools/bin/../lib/gcc/arm-none-eabi/5.4.1/../../../../arm-none-eabi/lib/armv6-m\libcr_nohost.a(__sys_appexit.o)
                0x00001a86                __sys_appexit
                0x00001a86                __exit
 .text.__sys_close
                0x00001a88        0x6 c:/nxp/lpcxpresso_8.2.2_650/lpcxpresso/tools/bin/../lib/gcc/arm-none-eabi/5.4.1/../../../../arm-none-eabi/lib/armv6-m\libcr_nohost.a(__sys_close.o)
                0x00001a88                __sys_close
 .text.__sys_flen
                0x00001a8e        0x6 c:/nxp/lpcxpresso_8.2.2_650/lpcxpresso/tools/bin/../lib/gcc/arm-none-eabi/5.4.1/../../../../arm-none-eabi/lib/armv6-m\libcr_nohost.a(__sys_flen.o)
                0x00001a8e                __sys_flen
 .text.__sys_istty
                0x00001a94        0x6 c:/nxp/lpcxpresso_8.2.2_650/lpcxpresso/tools/bin/../lib/gcc/arm-none-eabi/5.4.1/../../../../arm-none-eabi/lib/armv6-m\libcr_nohost.a(__sys_istty.o)
                0x00001a94                __sys_istty
 .text.__sys_remove
                0x00001a9a        0x6 c:/nxp/lpcxpresso_8.2.2_650/lpcxpresso/tools/bin/../lib/gcc/arm-none-eabi/5.4.1/../../../../arm-none-eabi/lib/armv6-m\libcr_nohost.a(__sys_remove.o)
                0x00001a9a                __sys_remove
 .text.__sys_seek
                0x00001aa0        0x6 c:/nxp/lpcxpresso_8.2.2_650/lpcxpresso/tools/bin/../lib/gcc/arm-none-eabi/5.4.1/../../../../arm-none-eabi/lib/armv6-m\libcr_nohost.a(__sys_seek.o)
                0x00001aa0                __sys_seek
 .text.__sys_tmpnam
                0x00001aa6        0x6 c:/nxp/lpcxpresso_8.2.2_650/lpcxpresso/tools/bin/../lib/gcc/arm-none-eabi/5.4.1/../../../../arm-none-eabi/lib/armv6-m\libcr_nohost.a(__sys_tmpnam.o)
                0x00001aa6                __sys_tmpnam
 *(.rodata .rodata.* .constdata .constdata.*)
 .rodata.ledBits
                0x00001aac        0x3 C:\Users\Joey\Documents\LPCXpresso_8.2.2_650\MATE_Workspace\lpc_board_nxp_lpcxpresso_824\Debug\liblpc_board_nxp_lpcxpresso_824.a(board.o)
 *fill*         0x00001aaf        0x1 ff
 .rodata.OscRateIn
                0x00001ab0        0x4 C:\Users\Joey\Documents\LPCXpresso_8.2.2_650\MATE_Workspace\lpc_board_nxp_lpcxpresso_824\Debug\liblpc_board_nxp_lpcxpresso_824.a(board.o)
                0x00001ab0                OscRateIn
 .rodata.ExtRateIn
                0x00001ab4        0x4 C:\Users\Joey\Documents\LPCXpresso_8.2.2_650\MATE_Workspace\lpc_board_nxp_lpcxpresso_824\Debug\liblpc_board_nxp_lpcxpresso_824.a(board.o)
                0x00001ab4                ExtRateIn
 .rodata.wdtOSCRate
                0x00001ab8       0x40 C:\Users\Joey\Documents\LPCXpresso_8.2.2_650\MATE_Workspace\lpc_chip_82x\Debug\liblpc_chip_82x.a(clock_8xx.o)
 .rodata.config_tab
                0x00001af8      0x354 C:\Users\Joey\Documents\LPCXpresso_8.2.2_650\MATE_Workspace\lpc_chip_82x\Debug\liblpc_chip_82x.a(irc_8xx.o)
 .rodata.str1.1
                0x00001e4c        0x4 c:/nxp/lpcxpresso_8.2.2_650/lpcxpresso/tools/bin/../lib/gcc/arm-none-eabi/5.4.1/../../../../arm-none-eabi/lib/armv6-m\libcr_c.a(initio.o)
 .rodata.str1.1
                0x00001e50       0x18 c:/nxp/lpcxpresso_8.2.2_650/lpcxpresso/tools/bin/../lib/gcc/arm-none-eabi/5.4.1/../../../../arm-none-eabi/lib/armv6-m\libcr_c.a(alloc.o)
                0x00001e68                . = ALIGN (0x4)

.glue_7         0x00001e68        0x0
 .glue_7        0x00001e68        0x0 linker stubs

.glue_7t        0x00001e68        0x0
 .glue_7t       0x00001e68        0x0 linker stubs

.vfp11_veneer   0x00001e68        0x0
 .vfp11_veneer  0x00001e68        0x0 linker stubs

.v4_bx          0x00001e68        0x0
 .v4_bx         0x00001e68        0x0 linker stubs

.iplt           0x00001e68        0x0
 .iplt          0x00001e68        0x0 ./example/src/cr_startup_lpc82x.o

.rel.dyn        0x00001e68        0x0
 .rel.iplt      0x00001e68        0x0 ./example/src/cr_startup_lpc82x.o

.ARM.extab
 *(.ARM.extab* .gnu.linkonce.armextab.*)
                0x00001e68                __exidx_start = .

.ARM.exidx
 *(.ARM.exidx* .gnu.linkonce.armexidx.*)
                0x00001e68                __exidx_end = .
                0x00001e68                _etext = .

.mtb_buffer_default
                0x10000000       0x80
 *(.mtb*)
 .mtb.$RAM1     0x10000000       0x80 ./example/src/mtb.o
                0x10000000                __mtb_buffer__

.uninit_RESERVED
                0x10000080        0x0
 *(.bss.$RESERVED*)
                0x10000080                . = ALIGN (0x4)
                0x10000080                _end_uninit_RESERVED = .

.data           0x10000080        0x0 load address 0x00001e68
 FILL mask 0xff
                0x10000080                _data = .
 *(vtable)
 *(.ramfunc*)
 *(.data*)
                0x10000080                . = ALIGN (0x4)
                0x10000080                _edata = .

.igot.plt       0x10000080        0x0 load address 0x00001e68
 .igot.plt      0x10000080        0x0 ./example/src/cr_startup_lpc82x.o

.bss            0x10000080      0x158 load address 0x00001e68
                0x10000080                _bss = .
 *(.bss*)
 .bss.config_tab_idx
                0x10000080        0x2 C:\Users\Joey\Documents\LPCXpresso_8.2.2_650\MATE_Workspace\lpc_chip_82x\Debug\liblpc_chip_82x.a(irc_8xx.o)
 *fill*         0x10000082        0x2 
 .bss._extra    0x10000084        0x4 c:/nxp/lpcxpresso_8.2.2_650/lpcxpresso/tools/bin/../lib/gcc/arm-none-eabi/5.4.1/../../../../arm-none-eabi/lib/armv6-m\libcr_c.a(initio.o)
                0x10000084                _extra
 .bss.__Ciob    0x10000088      0x140 c:/nxp/lpcxpresso_8.2.2_650/lpcxpresso/tools/bin/../lib/gcc/arm-none-eabi/5.4.1/../../../../arm-none-eabi/lib/armv6-m\libcr_c.a(stdio.o)
                0x10000088                __Ciob
 .bss.__heaps   0x100001c8        0x4 c:/nxp/lpcxpresso_8.2.2_650/lpcxpresso/tools/bin/../lib/gcc/arm-none-eabi/5.4.1/../../../../arm-none-eabi/lib/armv6-m\libcr_c.a(__init_alloc.o)
                0x100001c8                __heaps
 .bss.__end_of_heap
                0x100001cc        0x4 c:/nxp/lpcxpresso_8.2.2_650/lpcxpresso/tools/bin/../lib/gcc/arm-none-eabi/5.4.1/../../../../arm-none-eabi/lib/armv6-m\libcr_c.a(__init_alloc.o)
                0x100001cc                __end_of_heap
 .bss.errno     0x100001d0        0x4 c:/nxp/lpcxpresso_8.2.2_650/lpcxpresso/tools/bin/../lib/gcc/arm-none-eabi/5.4.1/../../../../arm-none-eabi/lib/armv6-m\libcr_c.a(errno.o)
                0x100001d0                errno
 *(COMMON)
 COMMON         0x100001d4        0x4 C:\Users\Joey\Documents\LPCXpresso_8.2.2_650\MATE_Workspace\lpc_chip_82x\Debug\liblpc_chip_82x.a(chip_8xx.o)
                0x100001d4                SystemCoreClock
                0x100001d8                . = ALIGN (0x4)
                0x100001d8                _ebss = .
                [!provide]                PROVIDE (end, .)

.noinit         0x100001d8        0x0 load address 0x00001e68
                0x100001d8                _noinit = .
 *(.noinit*)
                0x100001d8                . = ALIGN (0x4)
                0x100001d8                _end_noinit = .
                0x100001d8                PROVIDE (_pvHeapStart, DEFINED (__user_heap_base)?__user_heap_base:.)
                0x10002000                PROVIDE (_vStackTop, DEFINED (__user_stack_top)?__user_stack_top:(__top_RamLoc8 - 0x0))
                [!provide]                PROVIDE (__valid_user_code_checksum, (0x0 - (((_vStackTop + (ResetISR + 0x1)) + (DEFINED (NMI_Handler)?NMI_Handler:M0_NMI_Handler + 0x1)) + (DEFINED (HardFault_Handler)?HardFault_Handler:M0_HardFault_Handler + 0x1))))
OUTPUT(periph_blinky.axf elf32-littlearm)

.debug_info     0x00000000     0x5885
 .debug_info    0x00000000      0x204 ./example/src/cr_startup_lpc82x.o
 .debug_info    0x00000204       0x3f ./example/src/crp.o
 .debug_info    0x00000243       0x51 ./example/src/mtb.o
 .debug_info    0x00000294       0xc3 ./example/src/sysinit.o
 .debug_info    0x00000357      0x47c ./example/src/systick.o
 .debug_info    0x000007d3      0xe8d C:\Users\Joey\Documents\LPCXpresso_8.2.2_650\MATE_Workspace\lpc_board_nxp_lpcxpresso_824\Debug\liblpc_board_nxp_lpcxpresso_824.a(board.o)
 .debug_info    0x00001660      0x4f9 C:\Users\Joey\Documents\LPCXpresso_8.2.2_650\MATE_Workspace\lpc_board_nxp_lpcxpresso_824\Debug\liblpc_board_nxp_lpcxpresso_824.a(board_sysinit.o)
 .debug_info    0x00001b59      0x1cb C:\Users\Joey\Documents\LPCXpresso_8.2.2_650\MATE_Workspace\lpc_chip_82x\Debug\liblpc_chip_82x.a(chip_8xx.o)
 .debug_info    0x00001d24      0xb7f C:\Users\Joey\Documents\LPCXpresso_8.2.2_650\MATE_Workspace\lpc_chip_82x\Debug\liblpc_chip_82x.a(clock_8xx.o)
 .debug_info    0x000028a3      0x665 C:\Users\Joey\Documents\LPCXpresso_8.2.2_650\MATE_Workspace\lpc_chip_82x\Debug\liblpc_chip_82x.a(gpio_8xx.o)
 .debug_info    0x00002f08      0x3f1 C:\Users\Joey\Documents\LPCXpresso_8.2.2_650\MATE_Workspace\lpc_chip_82x\Debug\liblpc_chip_82x.a(swm_8xx.o)
 .debug_info    0x000032f9      0x5ea C:\Users\Joey\Documents\LPCXpresso_8.2.2_650\MATE_Workspace\lpc_chip_82x\Debug\liblpc_chip_82x.a(sysinit_8xx.o)
 .debug_info    0x000038e3      0xbc6 C:\Users\Joey\Documents\LPCXpresso_8.2.2_650\MATE_Workspace\lpc_chip_82x\Debug\liblpc_chip_82x.a(uart_8xx.o)
 .debug_info    0x000044a9      0xf4d C:\Users\Joey\Documents\LPCXpresso_8.2.2_650\MATE_Workspace\lpc_chip_82x\Debug\liblpc_chip_82x.a(irc_8xx.o)
 .debug_info    0x000053f6      0x48f C:\Users\Joey\Documents\LPCXpresso_8.2.2_650\MATE_Workspace\lpc_chip_82x\Debug\liblpc_chip_82x.a(syscon_8xx.o)

.debug_abbrev   0x00000000     0x11c7
 .debug_abbrev  0x00000000       0xf5 ./example/src/cr_startup_lpc82x.o
 .debug_abbrev  0x000000f5       0x36 ./example/src/crp.o
 .debug_abbrev  0x0000012b       0x41 ./example/src/mtb.o
 .debug_abbrev  0x0000016c       0x6a ./example/src/sysinit.o
 .debug_abbrev  0x000001d6      0x182 ./example/src/systick.o
 .debug_abbrev  0x00000358      0x222 C:\Users\Joey\Documents\LPCXpresso_8.2.2_650\MATE_Workspace\lpc_board_nxp_lpcxpresso_824\Debug\liblpc_board_nxp_lpcxpresso_824.a(board.o)
 .debug_abbrev  0x0000057a       0xef C:\Users\Joey\Documents\LPCXpresso_8.2.2_650\MATE_Workspace\lpc_board_nxp_lpcxpresso_824\Debug\liblpc_board_nxp_lpcxpresso_824.a(board_sysinit.o)
 .debug_abbrev  0x00000669       0x93 C:\Users\Joey\Documents\LPCXpresso_8.2.2_650\MATE_Workspace\lpc_chip_82x\Debug\liblpc_chip_82x.a(chip_8xx.o)
 .debug_abbrev  0x000006fc      0x272 C:\Users\Joey\Documents\LPCXpresso_8.2.2_650\MATE_Workspace\lpc_chip_82x\Debug\liblpc_chip_82x.a(clock_8xx.o)
 .debug_abbrev  0x0000096e      0x127 C:\Users\Joey\Documents\LPCXpresso_8.2.2_650\MATE_Workspace\lpc_chip_82x\Debug\liblpc_chip_82x.a(gpio_8xx.o)
 .debug_abbrev  0x00000a95      0x138 C:\Users\Joey\Documents\LPCXpresso_8.2.2_650\MATE_Workspace\lpc_chip_82x\Debug\liblpc_chip_82x.a(swm_8xx.o)
 .debug_abbrev  0x00000bcd      0x141 C:\Users\Joey\Documents\LPCXpresso_8.2.2_650\MATE_Workspace\lpc_chip_82x\Debug\liblpc_chip_82x.a(sysinit_8xx.o)
 .debug_abbrev  0x00000d0e      0x1f6 C:\Users\Joey\Documents\LPCXpresso_8.2.2_650\MATE_Workspace\lpc_chip_82x\Debug\liblpc_chip_82x.a(uart_8xx.o)
 .debug_abbrev  0x00000f04      0x1f5 C:\Users\Joey\Documents\LPCXpresso_8.2.2_650\MATE_Workspace\lpc_chip_82x\Debug\liblpc_chip_82x.a(irc_8xx.o)
 .debug_abbrev  0x000010f9       0xce C:\Users\Joey\Documents\LPCXpresso_8.2.2_650\MATE_Workspace\lpc_chip_82x\Debug\liblpc_chip_82x.a(syscon_8xx.o)

.debug_aranges  0x00000000      0x530
 .debug_aranges
                0x00000000       0x60 ./example/src/cr_startup_lpc82x.o
 .debug_aranges
                0x00000060       0x18 ./example/src/crp.o
 .debug_aranges
                0x00000078       0x18 ./example/src/mtb.o
 .debug_aranges
                0x00000090       0x20 ./example/src/sysinit.o
 .debug_aranges
                0x000000b0       0x38 ./example/src/systick.o
 .debug_aranges
                0x000000e8       0xd8 C:\Users\Joey\Documents\LPCXpresso_8.2.2_650\MATE_Workspace\lpc_board_nxp_lpcxpresso_824\Debug\liblpc_board_nxp_lpcxpresso_824.a(board.o)
 .debug_aranges
                0x000001c0       0x38 C:\Users\Joey\Documents\LPCXpresso_8.2.2_650\MATE_Workspace\lpc_board_nxp_lpcxpresso_824\Debug\liblpc_board_nxp_lpcxpresso_824.a(board_sysinit.o)
 .debug_aranges
                0x000001f8       0x20 C:\Users\Joey\Documents\LPCXpresso_8.2.2_650\MATE_Workspace\lpc_chip_82x\Debug\liblpc_chip_82x.a(chip_8xx.o)
 .debug_aranges
                0x00000218       0xf0 C:\Users\Joey\Documents\LPCXpresso_8.2.2_650\MATE_Workspace\lpc_chip_82x\Debug\liblpc_chip_82x.a(clock_8xx.o)
 .debug_aranges
                0x00000308       0x38 C:\Users\Joey\Documents\LPCXpresso_8.2.2_650\MATE_Workspace\lpc_chip_82x\Debug\liblpc_chip_82x.a(gpio_8xx.o)
 .debug_aranges
                0x00000340       0x38 C:\Users\Joey\Documents\LPCXpresso_8.2.2_650\MATE_Workspace\lpc_chip_82x\Debug\liblpc_chip_82x.a(swm_8xx.o)
 .debug_aranges
                0x00000378       0x50 C:\Users\Joey\Documents\LPCXpresso_8.2.2_650\MATE_Workspace\lpc_chip_82x\Debug\liblpc_chip_82x.a(sysinit_8xx.o)
 .debug_aranges
                0x000003c8       0xd8 C:\Users\Joey\Documents\LPCXpresso_8.2.2_650\MATE_Workspace\lpc_chip_82x\Debug\liblpc_chip_82x.a(uart_8xx.o)
 .debug_aranges
                0x000004a0       0x58 C:\Users\Joey\Documents\LPCXpresso_8.2.2_650\MATE_Workspace\lpc_chip_82x\Debug\liblpc_chip_82x.a(irc_8xx.o)
 .debug_aranges
                0x000004f8       0x38 C:\Users\Joey\Documents\LPCXpresso_8.2.2_650\MATE_Workspace\lpc_chip_82x\Debug\liblpc_chip_82x.a(syscon_8xx.o)

.debug_ranges   0x00000000      0x430
 .debug_ranges  0x00000000       0x50 ./example/src/cr_startup_lpc82x.o
 .debug_ranges  0x00000050       0x10 ./example/src/sysinit.o
 .debug_ranges  0x00000060       0x28 ./example/src/systick.o
 .debug_ranges  0x00000088       0xc8 C:\Users\Joey\Documents\LPCXpresso_8.2.2_650\MATE_Workspace\lpc_board_nxp_lpcxpresso_824\Debug\liblpc_board_nxp_lpcxpresso_824.a(board.o)
 .debug_ranges  0x00000150       0x28 C:\Users\Joey\Documents\LPCXpresso_8.2.2_650\MATE_Workspace\lpc_board_nxp_lpcxpresso_824\Debug\liblpc_board_nxp_lpcxpresso_824.a(board_sysinit.o)
 .debug_ranges  0x00000178       0x10 C:\Users\Joey\Documents\LPCXpresso_8.2.2_650\MATE_Workspace\lpc_chip_82x\Debug\liblpc_chip_82x.a(chip_8xx.o)
 .debug_ranges  0x00000188       0xe0 C:\Users\Joey\Documents\LPCXpresso_8.2.2_650\MATE_Workspace\lpc_chip_82x\Debug\liblpc_chip_82x.a(clock_8xx.o)
 .debug_ranges  0x00000268       0x28 C:\Users\Joey\Documents\LPCXpresso_8.2.2_650\MATE_Workspace\lpc_chip_82x\Debug\liblpc_chip_82x.a(gpio_8xx.o)
 .debug_ranges  0x00000290       0x28 C:\Users\Joey\Documents\LPCXpresso_8.2.2_650\MATE_Workspace\lpc_chip_82x\Debug\liblpc_chip_82x.a(swm_8xx.o)
 .debug_ranges  0x000002b8       0x40 C:\Users\Joey\Documents\LPCXpresso_8.2.2_650\MATE_Workspace\lpc_chip_82x\Debug\liblpc_chip_82x.a(sysinit_8xx.o)
 .debug_ranges  0x000002f8       0xc8 C:\Users\Joey\Documents\LPCXpresso_8.2.2_650\MATE_Workspace\lpc_chip_82x\Debug\liblpc_chip_82x.a(uart_8xx.o)
 .debug_ranges  0x000003c0       0x48 C:\Users\Joey\Documents\LPCXpresso_8.2.2_650\MATE_Workspace\lpc_chip_82x\Debug\liblpc_chip_82x.a(irc_8xx.o)
 .debug_ranges  0x00000408       0x28 C:\Users\Joey\Documents\LPCXpresso_8.2.2_650\MATE_Workspace\lpc_chip_82x\Debug\liblpc_chip_82x.a(syscon_8xx.o)

.debug_macro    0x00000000     0x4ae7
 .debug_macro   0x00000000       0x1d ./example/src/cr_startup_lpc82x.o
 .debug_macro   0x0000001d      0x83e ./example/src/cr_startup_lpc82x.o
 .debug_macro   0x0000085b       0x1a ./example/src/crp.o
 .debug_macro   0x00000875       0x34 ./example/src/crp.o
 .debug_macro   0x000008a9       0x29 ./example/src/mtb.o
 .debug_macro   0x000008d2       0x82 ./example/src/mtb.o
 .debug_macro   0x00000954       0x10 ./example/src/mtb.o
 .debug_macro   0x00000964      0x234 ./example/src/sysinit.o
 .debug_macro   0x00000b98       0x10 ./example/src/sysinit.o
 .debug_macro   0x00000ba8      0x12d ./example/src/sysinit.o
 .debug_macro   0x00000cd5      0x5b2 ./example/src/sysinit.o
 .debug_macro   0x00001287       0x22 ./example/src/sysinit.o
 .debug_macro   0x000012a9       0x7b ./example/src/sysinit.o
 .debug_macro   0x00001324       0x16 ./example/src/sysinit.o
 .debug_macro   0x0000133a       0x28 ./example/src/sysinit.o
 .debug_macro   0x00001362       0x3a ./example/src/sysinit.o
 .debug_macro   0x0000139c       0x1f ./example/src/sysinit.o
 .debug_macro   0x000013bb      0x250 ./example/src/sysinit.o
 .debug_macro   0x0000160b      0x1ae ./example/src/sysinit.o
 .debug_macro   0x000017b9       0xca ./example/src/sysinit.o
 .debug_macro   0x00001883       0x6a ./example/src/sysinit.o
 .debug_macro   0x000018ed       0x70 ./example/src/sysinit.o
 .debug_macro   0x0000195d       0x28 ./example/src/sysinit.o
 .debug_macro   0x00001985      0x190 ./example/src/sysinit.o
 .debug_macro   0x00001b15       0x24 ./example/src/sysinit.o
 .debug_macro   0x00001b39       0x64 ./example/src/sysinit.o
 .debug_macro   0x00001b9d       0x10 ./example/src/sysinit.o
 .debug_macro   0x00001bad       0x22 ./example/src/sysinit.o
 .debug_macro   0x00001bcf       0xb2 ./example/src/sysinit.o
 .debug_macro   0x00001c81       0x58 ./example/src/sysinit.o
 .debug_macro   0x00001cd9       0x58 ./example/src/sysinit.o
 .debug_macro   0x00001d31       0x6a ./example/src/sysinit.o
 .debug_macro   0x00001d9b       0x82 ./example/src/sysinit.o
 .debug_macro   0x00001e1d       0x16 ./example/src/sysinit.o
 .debug_macro   0x00001e33      0x16f ./example/src/sysinit.o
 .debug_macro   0x00001fa2       0x22 ./example/src/sysinit.o
 .debug_macro   0x00001fc4       0x52 ./example/src/sysinit.o
 .debug_macro   0x00002016      0x181 ./example/src/sysinit.o
 .debug_macro   0x00002197      0x289 ./example/src/sysinit.o
 .debug_macro   0x00002420      0x28b ./example/src/sysinit.o
 .debug_macro   0x000026ab       0x2e ./example/src/sysinit.o
 .debug_macro   0x000026d9       0x22 ./example/src/sysinit.o
 .debug_macro   0x000026fb      0x216 ./example/src/sysinit.o
 .debug_macro   0x00002911      0x1d5 ./example/src/sysinit.o
 .debug_macro   0x00002ae6       0x16 ./example/src/sysinit.o
 .debug_macro   0x00002afc       0x9a ./example/src/sysinit.o
 .debug_macro   0x00002b96       0x20 ./example/src/sysinit.o
 .debug_macro   0x00002bb6      0x23a ./example/src/systick.o
 .debug_macro   0x00002df0      0x251 C:\Users\Joey\Documents\LPCXpresso_8.2.2_650\MATE_Workspace\lpc_board_nxp_lpcxpresso_824\Debug\liblpc_board_nxp_lpcxpresso_824.a(board.o)
 .debug_macro   0x00003041      0x838 C:\Users\Joey\Documents\LPCXpresso_8.2.2_650\MATE_Workspace\lpc_board_nxp_lpcxpresso_824\Debug\liblpc_board_nxp_lpcxpresso_824.a(board.o)
 .debug_macro   0x00003879       0x12 C:\Users\Joey\Documents\LPCXpresso_8.2.2_650\MATE_Workspace\lpc_board_nxp_lpcxpresso_824\Debug\liblpc_board_nxp_lpcxpresso_824.a(board.o)
 .debug_macro   0x0000388b      0x234 C:\Users\Joey\Documents\LPCXpresso_8.2.2_650\MATE_Workspace\lpc_board_nxp_lpcxpresso_824\Debug\liblpc_board_nxp_lpcxpresso_824.a(board_sysinit.o)
 .debug_macro   0x00003abf      0x1ff C:\Users\Joey\Documents\LPCXpresso_8.2.2_650\MATE_Workspace\lpc_chip_82x\Debug\liblpc_chip_82x.a(chip_8xx.o)
 .debug_macro   0x00003cbe      0x1ff C:\Users\Joey\Documents\LPCXpresso_8.2.2_650\MATE_Workspace\lpc_chip_82x\Debug\liblpc_chip_82x.a(clock_8xx.o)
 .debug_macro   0x00003ebd      0x1ff C:\Users\Joey\Documents\LPCXpresso_8.2.2_650\MATE_Workspace\lpc_chip_82x\Debug\liblpc_chip_82x.a(gpio_8xx.o)
 .debug_macro   0x000040bc      0x20b C:\Users\Joey\Documents\LPCXpresso_8.2.2_650\MATE_Workspace\lpc_chip_82x\Debug\liblpc_chip_82x.a(swm_8xx.o)
 .debug_macro   0x000042c7      0x20b C:\Users\Joey\Documents\LPCXpresso_8.2.2_650\MATE_Workspace\lpc_chip_82x\Debug\liblpc_chip_82x.a(sysinit_8xx.o)
 .debug_macro   0x000044d2      0x1ff C:\Users\Joey\Documents\LPCXpresso_8.2.2_650\MATE_Workspace\lpc_chip_82x\Debug\liblpc_chip_82x.a(uart_8xx.o)
 .debug_macro   0x000046d1      0x1ff C:\Users\Joey\Documents\LPCXpresso_8.2.2_650\MATE_Workspace\lpc_chip_82x\Debug\liblpc_chip_82x.a(irc_8xx.o)
 .debug_macro   0x000048d0      0x217 C:\Users\Joey\Documents\LPCXpresso_8.2.2_650\MATE_Workspace\lpc_chip_82x\Debug\liblpc_chip_82x.a(syscon_8xx.o)

.debug_line     0x00000000     0x39f3
 .debug_line    0x00000000       0xc3 ./example/src/cr_startup_lpc82x.o
 .debug_line    0x000000c3       0x80 ./example/src/crp.o
 .debug_line    0x00000143       0x9d ./example/src/mtb.o
 .debug_line    0x000001e0      0x43f ./example/src/sysinit.o
 .debug_line    0x0000061f      0x4a4 ./example/src/systick.o
 .debug_line    0x00000ac3      0x68e C:\Users\Joey\Documents\LPCXpresso_8.2.2_650\MATE_Workspace\lpc_board_nxp_lpcxpresso_824\Debug\liblpc_board_nxp_lpcxpresso_824.a(board.o)
 .debug_line    0x00001151      0x479 C:\Users\Joey\Documents\LPCXpresso_8.2.2_650\MATE_Workspace\lpc_board_nxp_lpcxpresso_824\Debug\liblpc_board_nxp_lpcxpresso_824.a(board_sysinit.o)
 .debug_line    0x000015ca      0x3b6 C:\Users\Joey\Documents\LPCXpresso_8.2.2_650\MATE_Workspace\lpc_chip_82x\Debug\liblpc_chip_82x.a(chip_8xx.o)
 .debug_line    0x00001980      0x605 C:\Users\Joey\Documents\LPCXpresso_8.2.2_650\MATE_Workspace\lpc_chip_82x\Debug\liblpc_chip_82x.a(clock_8xx.o)
 .debug_line    0x00001f85      0x3ef C:\Users\Joey\Documents\LPCXpresso_8.2.2_650\MATE_Workspace\lpc_chip_82x\Debug\liblpc_chip_82x.a(gpio_8xx.o)
 .debug_line    0x00002374      0x3f6 C:\Users\Joey\Documents\LPCXpresso_8.2.2_650\MATE_Workspace\lpc_chip_82x\Debug\liblpc_chip_82x.a(swm_8xx.o)
 .debug_line    0x0000276a      0x43e C:\Users\Joey\Documents\LPCXpresso_8.2.2_650\MATE_Workspace\lpc_chip_82x\Debug\liblpc_chip_82x.a(sysinit_8xx.o)
 .debug_line    0x00002ba8      0x5da C:\Users\Joey\Documents\LPCXpresso_8.2.2_650\MATE_Workspace\lpc_chip_82x\Debug\liblpc_chip_82x.a(uart_8xx.o)
 .debug_line    0x00003182      0x47e C:\Users\Joey\Documents\LPCXpresso_8.2.2_650\MATE_Workspace\lpc_chip_82x\Debug\liblpc_chip_82x.a(irc_8xx.o)
 .debug_line    0x00003600      0x3f3 C:\Users\Joey\Documents\LPCXpresso_8.2.2_650\MATE_Workspace\lpc_chip_82x\Debug\liblpc_chip_82x.a(syscon_8xx.o)

.debug_str      0x00000000     0xe36a
 .debug_str     0x00000000     0x2519 ./example/src/cr_startup_lpc82x.o
                               0x252c (size before relaxing)
 .debug_str     0x00002519       0xf1 ./example/src/crp.o
                               0x248f (size before relaxing)
 .debug_str     0x0000260a      0x521 ./example/src/mtb.o
                               0x28c0 (size before relaxing)
 .debug_str     0x00002b2b     0x90eb ./example/src/sysinit.o
                               0xb539 (size before relaxing)
 .debug_str     0x0000bc16      0x346 ./example/src/systick.o
                               0xb883 (size before relaxing)
 .debug_str     0x0000bf5c      0xda0 C:\Users\Joey\Documents\LPCXpresso_8.2.2_650\MATE_Workspace\lpc_board_nxp_lpcxpresso_824\Debug\liblpc_board_nxp_lpcxpresso_824.a(board.o)
                               0xc2e6 (size before relaxing)
 .debug_str     0x0000ccfc       0x4e C:\Users\Joey\Documents\LPCXpresso_8.2.2_650\MATE_Workspace\lpc_board_nxp_lpcxpresso_824\Debug\liblpc_board_nxp_lpcxpresso_824.a(board_sysinit.o)
                               0xb986 (size before relaxing)
 .debug_str     0x0000cd4a       0x77 C:\Users\Joey\Documents\LPCXpresso_8.2.2_650\MATE_Workspace\lpc_chip_82x\Debug\liblpc_chip_82x.a(chip_8xx.o)
                               0xb3f5 (size before relaxing)
 .debug_str     0x0000cdc1      0x7bd C:\Users\Joey\Documents\LPCXpresso_8.2.2_650\MATE_Workspace\lpc_chip_82x\Debug\liblpc_chip_82x.a(clock_8xx.o)
                               0xbdc1 (size before relaxing)
 .debug_str     0x0000d57e       0x32 C:\Users\Joey\Documents\LPCXpresso_8.2.2_650\MATE_Workspace\lpc_chip_82x\Debug\liblpc_chip_82x.a(gpio_8xx.o)
                               0xb69b (size before relaxing)
 .debug_str     0x0000d5b0       0xed C:\Users\Joey\Documents\LPCXpresso_8.2.2_650\MATE_Workspace\lpc_chip_82x\Debug\liblpc_chip_82x.a(swm_8xx.o)
                               0xb7d2 (size before relaxing)
 .debug_str     0x0000d69d      0x161 C:\Users\Joey\Documents\LPCXpresso_8.2.2_650\MATE_Workspace\lpc_chip_82x\Debug\liblpc_chip_82x.a(sysinit_8xx.o)
                               0xb655 (size before relaxing)
 .debug_str     0x0000d7fe      0x1f3 C:\Users\Joey\Documents\LPCXpresso_8.2.2_650\MATE_Workspace\lpc_chip_82x\Debug\liblpc_chip_82x.a(uart_8xx.o)
                               0xb9c0 (size before relaxing)
 .debug_str     0x0000d9f1      0x865 C:\Users\Joey\Documents\LPCXpresso_8.2.2_650\MATE_Workspace\lpc_chip_82x\Debug\liblpc_chip_82x.a(irc_8xx.o)
                               0xc035 (size before relaxing)
 .debug_str     0x0000e256      0x114 C:\Users\Joey\Documents\LPCXpresso_8.2.2_650\MATE_Workspace\lpc_chip_82x\Debug\liblpc_chip_82x.a(syscon_8xx.o)
                               0xb511 (size before relaxing)

.comment        0x00000000       0xdc
 .comment       0x00000000       0x6e ./example/src/cr_startup_lpc82x.o
                                 0x6f (size before relaxing)
 .comment       0x0000006e       0x6f ./example/src/crp.o
 .comment       0x0000006e       0x6f ./example/src/mtb.o
 .comment       0x0000006e       0x6f ./example/src/sysinit.o
 .comment       0x0000006e       0x6f ./example/src/systick.o
 .comment       0x0000006e       0x6f C:\Users\Joey\Documents\LPCXpresso_8.2.2_650\MATE_Workspace\lpc_board_nxp_lpcxpresso_824\Debug\liblpc_board_nxp_lpcxpresso_824.a(board.o)
 .comment       0x0000006e       0x6f C:\Users\Joey\Documents\LPCXpresso_8.2.2_650\MATE_Workspace\lpc_board_nxp_lpcxpresso_824\Debug\liblpc_board_nxp_lpcxpresso_824.a(board_sysinit.o)
 .comment       0x0000006e       0x6f C:\Users\Joey\Documents\LPCXpresso_8.2.2_650\MATE_Workspace\lpc_chip_82x\Debug\liblpc_chip_82x.a(chip_8xx.o)
 .comment       0x0000006e       0x6f C:\Users\Joey\Documents\LPCXpresso_8.2.2_650\MATE_Workspace\lpc_chip_82x\Debug\liblpc_chip_82x.a(clock_8xx.o)
 .comment       0x0000006e       0x6f C:\Users\Joey\Documents\LPCXpresso_8.2.2_650\MATE_Workspace\lpc_chip_82x\Debug\liblpc_chip_82x.a(gpio_8xx.o)
 .comment       0x0000006e       0x6f C:\Users\Joey\Documents\LPCXpresso_8.2.2_650\MATE_Workspace\lpc_chip_82x\Debug\liblpc_chip_82x.a(swm_8xx.o)
 .comment       0x0000006e       0x6f C:\Users\Joey\Documents\LPCXpresso_8.2.2_650\MATE_Workspace\lpc_chip_82x\Debug\liblpc_chip_82x.a(sysinit_8xx.o)
 .comment       0x0000006e       0x6f C:\Users\Joey\Documents\LPCXpresso_8.2.2_650\MATE_Workspace\lpc_chip_82x\Debug\liblpc_chip_82x.a(uart_8xx.o)
 .comment       0x0000006e       0x6f C:\Users\Joey\Documents\LPCXpresso_8.2.2_650\MATE_Workspace\lpc_chip_82x\Debug\liblpc_chip_82x.a(irc_8xx.o)
 .comment       0x0000006e       0x6f C:\Users\Joey\Documents\LPCXpresso_8.2.2_650\MATE_Workspace\lpc_chip_82x\Debug\liblpc_chip_82x.a(syscon_8xx.o)
 .comment       0x0000006e       0x6e c:/nxp/lpcxpresso_8.2.2_650/lpcxpresso/tools/bin/../lib/gcc/arm-none-eabi/5.4.1/../../../../arm-none-eabi/lib/armv6-m\libcr_nohost.a(_cr__main.o)
                                 0x6f (size before relaxing)
 .comment       0x000000dc       0x6f c:/nxp/lpcxpresso_8.2.2_650/lpcxpresso/tools/bin/../lib/gcc/arm-none-eabi/5.4.1/../../../../arm-none-eabi/lib/armv6-m\libcr_c.a(initio.o)
 .comment       0x000000dc       0x6f c:/nxp/lpcxpresso_8.2.2_650/lpcxpresso/tools/bin/../lib/gcc/arm-none-eabi/5.4.1/../../../../arm-none-eabi/lib/armv6-m\libcr_c.a(setvbuf.o)
 .comment       0x000000dc       0x6f c:/nxp/lpcxpresso_8.2.2_650/lpcxpresso/tools/bin/../lib/gcc/arm-none-eabi/5.4.1/../../../../arm-none-eabi/lib/armv6-m\libcr_c.a(stdio.o)
 .comment       0x000000dc       0x6f c:/nxp/lpcxpresso_8.2.2_650/lpcxpresso/tools/bin/../lib/gcc/arm-none-eabi/5.4.1/../../../../arm-none-eabi/lib/armv6-m\libcr_c.a(memset.o)
 .comment       0x000000dc       0x6f c:/nxp/lpcxpresso_8.2.2_650/lpcxpresso/tools/bin/../lib/gcc/arm-none-eabi/5.4.1/../../../../arm-none-eabi/lib/armv6-m\libcr_c.a(_deferredlazyseek.o)
 .comment       0x000000dc       0x6f c:/nxp/lpcxpresso_8.2.2_650/lpcxpresso/tools/bin/../lib/gcc/arm-none-eabi/5.4.1/../../../../arm-none-eabi/lib/armv6-m\libcr_c.a(_fdopen.o)
 .comment       0x000000dc       0x6f c:/nxp/lpcxpresso_8.2.2_650/lpcxpresso/tools/bin/../lib/gcc/arm-none-eabi/5.4.1/../../../../arm-none-eabi/lib/armv6-m\libcr_c.a(_fflush.o)
 .comment       0x000000dc       0x6f c:/nxp/lpcxpresso_8.2.2_650/lpcxpresso/tools/bin/../lib/gcc/arm-none-eabi/5.4.1/../../../../arm-none-eabi/lib/armv6-m\libcr_c.a(_writebuf.o)
 .comment       0x000000dc       0x6f c:/nxp/lpcxpresso_8.2.2_650/lpcxpresso/tools/bin/../lib/gcc/arm-none-eabi/5.4.1/../../../../arm-none-eabi/lib/armv6-m\libcr_c.a(alloc.o)
 .comment       0x000000dc       0x6f c:/nxp/lpcxpresso_8.2.2_650/lpcxpresso/tools/bin/../lib/gcc/arm-none-eabi/5.4.1/../../../../arm-none-eabi/lib/armv6-m\libcr_c.a(fclose.o)
 .comment       0x000000dc       0x6f c:/nxp/lpcxpresso_8.2.2_650/lpcxpresso/tools/bin/../lib/gcc/arm-none-eabi/5.4.1/../../../../arm-none-eabi/lib/armv6-m\libcr_c.a(fflush.o)
 .comment       0x000000dc       0x6f c:/nxp/lpcxpresso_8.2.2_650/lpcxpresso/tools/bin/../lib/gcc/arm-none-eabi/5.4.1/../../../../arm-none-eabi/lib/armv6-m\libcr_c.a(fseek.o)
 .comment       0x000000dc       0x6f c:/nxp/lpcxpresso_8.2.2_650/lpcxpresso/tools/bin/../lib/gcc/arm-none-eabi/5.4.1/../../../../arm-none-eabi/lib/armv6-m\libcr_c.a(ftell.o)
 .comment       0x000000dc       0x6f c:/nxp/lpcxpresso_8.2.2_650/lpcxpresso/tools/bin/../lib/gcc/arm-none-eabi/5.4.1/../../../../arm-none-eabi/lib/armv6-m\libcr_c.a(remove.o)
 .comment       0x000000dc       0x6f c:/nxp/lpcxpresso_8.2.2_650/lpcxpresso/tools/bin/../lib/gcc/arm-none-eabi/5.4.1/../../../../arm-none-eabi/lib/armv6-m\libcr_c.a(strlen.o)
 .comment       0x000000dc       0x6f c:/nxp/lpcxpresso_8.2.2_650/lpcxpresso/tools/bin/../lib/gcc/arm-none-eabi/5.4.1/../../../../arm-none-eabi/lib/armv6-m\libcr_c.a(__init_alloc.o)
 .comment       0x000000dc       0x6f c:/nxp/lpcxpresso_8.2.2_650/lpcxpresso/tools/bin/../lib/gcc/arm-none-eabi/5.4.1/../../../../arm-none-eabi/lib/armv6-m\libcr_c.a(_cr_sbrk.o)
 .comment       0x000000dc       0x6f c:/nxp/lpcxpresso_8.2.2_650/lpcxpresso/tools/bin/../lib/gcc/arm-none-eabi/5.4.1/../../../../arm-none-eabi/lib/armv6-m\libcr_c.a(_do_fflush.o)
 .comment       0x000000dc       0x6f c:/nxp/lpcxpresso_8.2.2_650/lpcxpresso/tools/bin/../lib/gcc/arm-none-eabi/5.4.1/../../../../arm-none-eabi/lib/armv6-m\libcr_c.a(errno.o)
 .comment       0x000000dc       0x6f c:/nxp/lpcxpresso_8.2.2_650/lpcxpresso/tools/bin/../lib/gcc/arm-none-eabi/5.4.1/../../../../arm-none-eabi/lib/armv6-m\libcr_c.a(_cr_check_heap.o)
 .comment       0x000000dc       0x6f c:/nxp/lpcxpresso_8.2.2_650/lpcxpresso/tools/bin/../lib/gcc/arm-none-eabi/5.4.1/../../../../arm-none-eabi/lib/armv6-m\libcr_nohost.a(__sys_appexit.o)
 .comment       0x000000dc       0x6f c:/nxp/lpcxpresso_8.2.2_650/lpcxpresso/tools/bin/../lib/gcc/arm-none-eabi/5.4.1/../../../../arm-none-eabi/lib/armv6-m\libcr_nohost.a(__sys_close.o)
 .comment       0x000000dc       0x6f c:/nxp/lpcxpresso_8.2.2_650/lpcxpresso/tools/bin/../lib/gcc/arm-none-eabi/5.4.1/../../../../arm-none-eabi/lib/armv6-m\libcr_nohost.a(__sys_flen.o)
 .comment       0x000000dc       0x6f c:/nxp/lpcxpresso_8.2.2_650/lpcxpresso/tools/bin/../lib/gcc/arm-none-eabi/5.4.1/../../../../arm-none-eabi/lib/armv6-m\libcr_nohost.a(__sys_istty.o)
 .comment       0x000000dc       0x6f c:/nxp/lpcxpresso_8.2.2_650/lpcxpresso/tools/bin/../lib/gcc/arm-none-eabi/5.4.1/../../../../arm-none-eabi/lib/armv6-m\libcr_nohost.a(__sys_remove.o)
 .comment       0x000000dc       0x6f c:/nxp/lpcxpresso_8.2.2_650/lpcxpresso/tools/bin/../lib/gcc/arm-none-eabi/5.4.1/../../../../arm-none-eabi/lib/armv6-m\libcr_nohost.a(__sys_seek.o)
 .comment       0x000000dc       0x6f c:/nxp/lpcxpresso_8.2.2_650/lpcxpresso/tools/bin/../lib/gcc/arm-none-eabi/5.4.1/../../../../arm-none-eabi/lib/armv6-m\libcr_nohost.a(__sys_tmpnam.o)

.ARM.attributes
                0x00000000       0x2f
 .ARM.attributes
                0x00000000       0x31 ./example/src/cr_startup_lpc82x.o
 .ARM.attributes
                0x00000031       0x31 ./example/src/crp.o
 .ARM.attributes
                0x00000062       0x31 ./example/src/mtb.o
 .ARM.attributes
                0x00000093       0x31 ./example/src/sysinit.o
 .ARM.attributes
                0x000000c4       0x31 ./example/src/systick.o
 .ARM.attributes
                0x000000f5       0x31 C:\Users\Joey\Documents\LPCXpresso_8.2.2_650\MATE_Workspace\lpc_board_nxp_lpcxpresso_824\Debug\liblpc_board_nxp_lpcxpresso_824.a(board.o)
 .ARM.attributes
                0x00000126       0x31 C:\Users\Joey\Documents\LPCXpresso_8.2.2_650\MATE_Workspace\lpc_board_nxp_lpcxpresso_824\Debug\liblpc_board_nxp_lpcxpresso_824.a(board_sysinit.o)
 .ARM.attributes
                0x00000157       0x31 C:\Users\Joey\Documents\LPCXpresso_8.2.2_650\MATE_Workspace\lpc_chip_82x\Debug\liblpc_chip_82x.a(chip_8xx.o)
 .ARM.attributes
                0x00000188       0x31 C:\Users\Joey\Documents\LPCXpresso_8.2.2_650\MATE_Workspace\lpc_chip_82x\Debug\liblpc_chip_82x.a(clock_8xx.o)
 .ARM.attributes
                0x000001b9       0x31 C:\Users\Joey\Documents\LPCXpresso_8.2.2_650\MATE_Workspace\lpc_chip_82x\Debug\liblpc_chip_82x.a(gpio_8xx.o)
 .ARM.attributes
                0x000001ea       0x31 C:\Users\Joey\Documents\LPCXpresso_8.2.2_650\MATE_Workspace\lpc_chip_82x\Debug\liblpc_chip_82x.a(swm_8xx.o)
 .ARM.attributes
                0x0000021b       0x31 C:\Users\Joey\Documents\LPCXpresso_8.2.2_650\MATE_Workspace\lpc_chip_82x\Debug\liblpc_chip_82x.a(sysinit_8xx.o)
 .ARM.attributes
                0x0000024c       0x31 C:\Users\Joey\Documents\LPCXpresso_8.2.2_650\MATE_Workspace\lpc_chip_82x\Debug\liblpc_chip_82x.a(uart_8xx.o)
 .ARM.attributes
                0x0000027d       0x31 C:\Users\Joey\Documents\LPCXpresso_8.2.2_650\MATE_Workspace\lpc_chip_82x\Debug\liblpc_chip_82x.a(irc_8xx.o)
 .ARM.attributes
                0x000002ae       0x31 C:\Users\Joey\Documents\LPCXpresso_8.2.2_650\MATE_Workspace\lpc_chip_82x\Debug\liblpc_chip_82x.a(syscon_8xx.o)
 .ARM.attributes
                0x000002df       0x31 c:/nxp/lpcxpresso_8.2.2_650/lpcxpresso/tools/bin/../lib/gcc/arm-none-eabi/5.4.1/../../../../arm-none-eabi/lib/armv6-m\libcr_nohost.a(_cr__main.o)
 .ARM.attributes
                0x00000310       0x31 c:/nxp/lpcxpresso_8.2.2_650/lpcxpresso/tools/bin/../lib/gcc/arm-none-eabi/5.4.1/../../../../arm-none-eabi/lib/armv6-m\libcr_c.a(initio.o)
 .ARM.attributes
                0x00000341       0x31 c:/nxp/lpcxpresso_8.2.2_650/lpcxpresso/tools/bin/../lib/gcc/arm-none-eabi/5.4.1/../../../../arm-none-eabi/lib/armv6-m\libcr_c.a(setvbuf.o)
 .ARM.attributes
                0x00000372       0x31 c:/nxp/lpcxpresso_8.2.2_650/lpcxpresso/tools/bin/../lib/gcc/arm-none-eabi/5.4.1/../../../../arm-none-eabi/lib/armv6-m\libcr_c.a(stdio.o)
 .ARM.attributes
                0x000003a3       0x31 c:/nxp/lpcxpresso_8.2.2_650/lpcxpresso/tools/bin/../lib/gcc/arm-none-eabi/5.4.1/../../../../arm-none-eabi/lib/armv6-m\libcr_c.a(memset.o)
 .ARM.attributes
                0x000003d4       0x31 c:/nxp/lpcxpresso_8.2.2_650/lpcxpresso/tools/bin/../lib/gcc/arm-none-eabi/5.4.1/../../../../arm-none-eabi/lib/armv6-m\libcr_c.a(_deferredlazyseek.o)
 .ARM.attributes
                0x00000405       0x31 c:/nxp/lpcxpresso_8.2.2_650/lpcxpresso/tools/bin/../lib/gcc/arm-none-eabi/5.4.1/../../../../arm-none-eabi/lib/armv6-m\libcr_c.a(_fdopen.o)
 .ARM.attributes
                0x00000436       0x31 c:/nxp/lpcxpresso_8.2.2_650/lpcxpresso/tools/bin/../lib/gcc/arm-none-eabi/5.4.1/../../../../arm-none-eabi/lib/armv6-m\libcr_c.a(_fflush.o)
 .ARM.attributes
                0x00000467       0x31 c:/nxp/lpcxpresso_8.2.2_650/lpcxpresso/tools/bin/../lib/gcc/arm-none-eabi/5.4.1/../../../../arm-none-eabi/lib/armv6-m\libcr_c.a(_writebuf.o)
 .ARM.attributes
                0x00000498       0x31 c:/nxp/lpcxpresso_8.2.2_650/lpcxpresso/tools/bin/../lib/gcc/arm-none-eabi/5.4.1/../../../../arm-none-eabi/lib/armv6-m\libcr_c.a(alloc.o)
 .ARM.attributes
                0x000004c9       0x31 c:/nxp/lpcxpresso_8.2.2_650/lpcxpresso/tools/bin/../lib/gcc/arm-none-eabi/5.4.1/../../../../arm-none-eabi/lib/armv6-m\libcr_c.a(fclose.o)
 .ARM.attributes
                0x000004fa       0x31 c:/nxp/lpcxpresso_8.2.2_650/lpcxpresso/tools/bin/../lib/gcc/arm-none-eabi/5.4.1/../../../../arm-none-eabi/lib/armv6-m\libcr_c.a(fflush.o)
 .ARM.attributes
                0x0000052b       0x31 c:/nxp/lpcxpresso_8.2.2_650/lpcxpresso/tools/bin/../lib/gcc/arm-none-eabi/5.4.1/../../../../arm-none-eabi/lib/armv6-m\libcr_c.a(fseek.o)
 .ARM.attributes
                0x0000055c       0x31 c:/nxp/lpcxpresso_8.2.2_650/lpcxpresso/tools/bin/../lib/gcc/arm-none-eabi/5.4.1/../../../../arm-none-eabi/lib/armv6-m\libcr_c.a(ftell.o)
 .ARM.attributes
                0x0000058d       0x31 c:/nxp/lpcxpresso_8.2.2_650/lpcxpresso/tools/bin/../lib/gcc/arm-none-eabi/5.4.1/../../../../arm-none-eabi/lib/armv6-m\libcr_c.a(remove.o)
 .ARM.attributes
                0x000005be       0x31 c:/nxp/lpcxpresso_8.2.2_650/lpcxpresso/tools/bin/../lib/gcc/arm-none-eabi/5.4.1/../../../../arm-none-eabi/lib/armv6-m\libcr_c.a(strlen.o)
 .ARM.attributes
                0x000005ef       0x31 c:/nxp/lpcxpresso_8.2.2_650/lpcxpresso/tools/bin/../lib/gcc/arm-none-eabi/5.4.1/../../../../arm-none-eabi/lib/armv6-m\libcr_c.a(__init_alloc.o)
 .ARM.attributes
                0x00000620       0x31 c:/nxp/lpcxpresso_8.2.2_650/lpcxpresso/tools/bin/../lib/gcc/arm-none-eabi/5.4.1/../../../../arm-none-eabi/lib/armv6-m\libcr_c.a(_cr_sbrk.o)
 .ARM.attributes
                0x00000651       0x31 c:/nxp/lpcxpresso_8.2.2_650/lpcxpresso/tools/bin/../lib/gcc/arm-none-eabi/5.4.1/../../../../arm-none-eabi/lib/armv6-m\libcr_c.a(_do_fflush.o)
 .ARM.attributes
                0x00000682       0x31 c:/nxp/lpcxpresso_8.2.2_650/lpcxpresso/tools/bin/../lib/gcc/arm-none-eabi/5.4.1/../../../../arm-none-eabi/lib/armv6-m\libcr_c.a(errno.o)
 .ARM.attributes
                0x000006b3       0x31 c:/nxp/lpcxpresso_8.2.2_650/lpcxpresso/tools/bin/../lib/gcc/arm-none-eabi/5.4.1/../../../../arm-none-eabi/lib/armv6-m\libcr_c.a(_cr_check_heap.o)
 .ARM.attributes
                0x000006e4       0x21 c:/nxp/lpcxpresso_8.2.2_650/lpcxpresso/tools/bin/../lib/gcc/arm-none-eabi/5.4.1/armv6-m\libcr_eabihelpers.a(division_32.o)
 .ARM.attributes
                0x00000705       0x21 c:/nxp/lpcxpresso_8.2.2_650/lpcxpresso/tools/bin/../lib/gcc/arm-none-eabi/5.4.1/armv6-m\libcr_eabihelpers.a(division_64.o)
 .ARM.attributes
                0x00000726       0x21 c:/nxp/lpcxpresso_8.2.2_650/lpcxpresso/tools/bin/../lib/gcc/arm-none-eabi/5.4.1/armv6-m\libcr_eabihelpers.a(division_idiv0.o)
 .ARM.attributes
                0x00000747       0x21 c:/nxp/lpcxpresso_8.2.2_650/lpcxpresso/tools/bin/../lib/gcc/arm-none-eabi/5.4.1/armv6-m\libcr_eabihelpers.a(memcpy.o)
 .ARM.attributes
                0x00000768       0x31 c:/nxp/lpcxpresso_8.2.2_650/lpcxpresso/tools/bin/../lib/gcc/arm-none-eabi/5.4.1/../../../../arm-none-eabi/lib/armv6-m\libcr_nohost.a(__sys_appexit.o)
 .ARM.attributes
                0x00000799       0x31 c:/nxp/lpcxpresso_8.2.2_650/lpcxpresso/tools/bin/../lib/gcc/arm-none-eabi/5.4.1/../../../../arm-none-eabi/lib/armv6-m\libcr_nohost.a(__sys_close.o)
 .ARM.attributes
                0x000007ca       0x31 c:/nxp/lpcxpresso_8.2.2_650/lpcxpresso/tools/bin/../lib/gcc/arm-none-eabi/5.4.1/../../../../arm-none-eabi/lib/armv6-m\libcr_nohost.a(__sys_flen.o)
 .ARM.attributes
                0x000007fb       0x31 c:/nxp/lpcxpresso_8.2.2_650/lpcxpresso/tools/bin/../lib/gcc/arm-none-eabi/5.4.1/../../../../arm-none-eabi/lib/armv6-m\libcr_nohost.a(__sys_istty.o)
 .ARM.attributes
                0x0000082c       0x31 c:/nxp/lpcxpresso_8.2.2_650/lpcxpresso/tools/bin/../lib/gcc/arm-none-eabi/5.4.1/../../../../arm-none-eabi/lib/armv6-m\libcr_nohost.a(__sys_remove.o)
 .ARM.attributes
                0x0000085d       0x31 c:/nxp/lpcxpresso_8.2.2_650/lpcxpresso/tools/bin/../lib/gcc/arm-none-eabi/5.4.1/../../../../arm-none-eabi/lib/armv6-m\libcr_nohost.a(__sys_seek.o)
 .ARM.attributes
                0x0000088e       0x31 c:/nxp/lpcxpresso_8.2.2_650/lpcxpresso/tools/bin/../lib/gcc/arm-none-eabi/5.4.1/../../../../arm-none-eabi/lib/armv6-m\libcr_nohost.a(__sys_tmpnam.o)

.debug_frame    0x00000000      0xf80
 .debug_frame   0x00000000      0x118 ./example/src/cr_startup_lpc82x.o
 .debug_frame   0x00000118       0x2c ./example/src/sysinit.o
 .debug_frame   0x00000144       0x8c ./example/src/systick.o
 .debug_frame   0x000001d0      0x304 C:\Users\Joey\Documents\LPCXpresso_8.2.2_650\MATE_Workspace\lpc_board_nxp_lpcxpresso_824\Debug\liblpc_board_nxp_lpcxpresso_824.a(board.o)
 .debug_frame   0x000004d4       0x84 C:\Users\Joey\Documents\LPCXpresso_8.2.2_650\MATE_Workspace\lpc_board_nxp_lpcxpresso_824\Debug\liblpc_board_nxp_lpcxpresso_824.a(board_sysinit.o)
 .debug_frame   0x00000558       0x2c C:\Users\Joey\Documents\LPCXpresso_8.2.2_650\MATE_Workspace\lpc_chip_82x\Debug\liblpc_chip_82x.a(chip_8xx.o)
 .debug_frame   0x00000584      0x354 C:\Users\Joey\Documents\LPCXpresso_8.2.2_650\MATE_Workspace\lpc_chip_82x\Debug\liblpc_chip_82x.a(clock_8xx.o)
 .debug_frame   0x000008d8       0x90 C:\Users\Joey\Documents\LPCXpresso_8.2.2_650\MATE_Workspace\lpc_chip_82x\Debug\liblpc_chip_82x.a(gpio_8xx.o)
 .debug_frame   0x00000968       0x90 C:\Users\Joey\Documents\LPCXpresso_8.2.2_650\MATE_Workspace\lpc_chip_82x\Debug\liblpc_chip_82x.a(swm_8xx.o)
 .debug_frame   0x000009f8       0xe0 C:\Users\Joey\Documents\LPCXpresso_8.2.2_650\MATE_Workspace\lpc_chip_82x\Debug\liblpc_chip_82x.a(sysinit_8xx.o)
 .debug_frame   0x00000ad8      0x310 C:\Users\Joey\Documents\LPCXpresso_8.2.2_650\MATE_Workspace\lpc_chip_82x\Debug\liblpc_chip_82x.a(uart_8xx.o)
 .debug_frame   0x00000de8      0x108 C:\Users\Joey\Documents\LPCXpresso_8.2.2_650\MATE_Workspace\lpc_chip_82x\Debug\liblpc_chip_82x.a(irc_8xx.o)
 .debug_frame   0x00000ef0       0x90 C:\Users\Joey\Documents\LPCXpresso_8.2.2_650\MATE_Workspace\lpc_chip_82x\Debug\liblpc_chip_82x.a(syscon_8xx.o)
