22:59:11 **** Build of configuration Debug for project periph_clkout ****
make -r all 
Building file: ../example/src/clkout.c
Invoking: MCU C Compiler
arm-none-eabi-gcc -DDEBUG -D__CODE_RED -D__USE_LPCOPEN -D__MTB_BUFFER_SIZE=128 -D__REDLIB__ -DCORE_M0PLUS -I"C:\Users\Joey\Documents\LPCXpresso_8.2.2_650\MATE_Workspace\lpc_chip_82x\inc" -I"C:\Users\Joey\Documents\LPCXpresso_8.2.2_650\MATE_Workspace\lpc_board_nxp_lpcxpresso_824\inc" -O0 -g3 -Wall -c -fmessage-length=0 -fno-builtin -ffunction-sections -fdata-sections -mcpu=cortex-m0 -mthumb -specs=redlib.specs -MMD -MP -MF"example/src/clkout.d" -MT"example/src/clkout.o" -MT"example/src/clkout.d" -o "example/src/clkout.o" "../example/src/clkout.c"
Finished building: ../example/src/clkout.c
 
Building file: ../example/src/cr_startup_lpc82x.c
Invoking: MCU C Compiler
arm-none-eabi-gcc -DDEBUG -D__CODE_RED -D__USE_LPCOPEN -D__MTB_BUFFER_SIZE=128 -D__REDLIB__ -DCORE_M0PLUS -I"C:\Users\Joey\Documents\LPCXpresso_8.2.2_650\MATE_Workspace\lpc_chip_82x\inc" -I"C:\Users\Joey\Documents\LPCXpresso_8.2.2_650\MATE_Workspace\lpc_board_nxp_lpcxpresso_824\inc" -O0 -g3 -Wall -c -fmessage-length=0 -fno-builtin -ffunction-sections -fdata-sections -mcpu=cortex-m0 -mthumb -specs=redlib.specs -MMD -MP -MF"example/src/cr_startup_lpc82x.d" -MT"example/src/cr_startup_lpc82x.o" -MT"example/src/cr_startup_lpc82x.d" -o "example/src/cr_startup_lpc82x.o" "../example/src/cr_startup_lpc82x.c"
Finished building: ../example/src/cr_startup_lpc82x.c
 
Building file: ../example/src/crp.c
Invoking: MCU C Compiler
arm-none-eabi-gcc -DDEBUG -D__CODE_RED -D__USE_LPCOPEN -D__MTB_BUFFER_SIZE=128 -D__REDLIB__ -DCORE_M0PLUS -I"C:\Users\Joey\Documents\LPCXpresso_8.2.2_650\MATE_Workspace\lpc_chip_82x\inc" -I"C:\Users\Joey\Documents\LPCXpresso_8.2.2_650\MATE_Workspace\lpc_board_nxp_lpcxpresso_824\inc" -O0 -g3 -Wall -c -fmessage-length=0 -fno-builtin -ffunction-sections -fdata-sections -mcpu=cortex-m0 -mthumb -specs=redlib.specs -MMD -MP -MF"example/src/crp.d" -MT"example/src/crp.o" -MT"example/src/crp.d" -o "example/src/crp.o" "../example/src/crp.c"
Finished building: ../example/src/crp.c
 
Building file: ../example/src/mtb.c
Invoking: MCU C Compiler
arm-none-eabi-gcc -DDEBUG -D__CODE_RED -D__USE_LPCOPEN -D__MTB_BUFFER_SIZE=128 -D__REDLIB__ -DCORE_M0PLUS -I"C:\Users\Joey\Documents\LPCXpresso_8.2.2_650\MATE_Workspace\lpc_chip_82x\inc" -I"C:\Users\Joey\Documents\LPCXpresso_8.2.2_650\MATE_Workspace\lpc_board_nxp_lpcxpresso_824\inc" -O0 -g3 -Wall -c -fmessage-length=0 -fno-builtin -ffunction-sections -fdata-sections -mcpu=cortex-m0 -mthumb -specs=redlib.specs -MMD -MP -MF"example/src/mtb.d" -MT"example/src/mtb.o" -MT"example/src/mtb.d" -o "example/src/mtb.o" "../example/src/mtb.c"
Finished building: ../example/src/mtb.c
 
Building file: ../example/src/sysinit.c
Invoking: MCU C Compiler
arm-none-eabi-gcc -DDEBUG -D__CODE_RED -D__USE_LPCOPEN -D__MTB_BUFFER_SIZE=128 -D__REDLIB__ -DCORE_M0PLUS -I"C:\Users\Joey\Documents\LPCXpresso_8.2.2_650\MATE_Workspace\lpc_chip_82x\inc" -I"C:\Users\Joey\Documents\LPCXpresso_8.2.2_650\MATE_Workspace\lpc_board_nxp_lpcxpresso_824\inc" -O0 -g3 -Wall -c -fmessage-length=0 -fno-builtin -ffunction-sections -fdata-sections -mcpu=cortex-m0 -mthumb -specs=redlib.specs -MMD -MP -MF"example/src/sysinit.d" -MT"example/src/sysinit.o" -MT"example/src/sysinit.d" -o "example/src/sysinit.o" "../example/src/sysinit.c"
Finished building: ../example/src/sysinit.c
 
Building target: periph_clkout.axf
Invoking: MCU Linker
arm-none-eabi-gcc -nostdlib -L"C:\Users\Joey\Documents\LPCXpresso_8.2.2_650\MATE_Workspace\lpc_chip_82x\Debug" -L"C:\Users\Joey\Documents\LPCXpresso_8.2.2_650\MATE_Workspace\lpc_board_nxp_lpcxpresso_824\Debug" -Xlinker -Map="periph_clkout.map" -Xlinker --gc-sections -mcpu=cortex-m0 -mthumb -T "periph_clkout_Debug.ld" -o "periph_clkout.axf"  ./example/src/clkout.o ./example/src/cr_startup_lpc82x.o ./example/src/crp.o ./example/src/mtb.o ./example/src/sysinit.o   -llpc_board_nxp_lpcxpresso_824 -llpc_chip_82x
Finished building target: periph_clkout.axf
 
make --no-print-directory post-build
Performing post-build steps
arm-none-eabi-size "periph_clkout.axf"; # arm-none-eabi-objcopy -v -O binary "periph_clkout.axf" "periph_clkout.bin" ; # checksum -p LPC824 -d "periph_clkout.bin";
   text	   data	    bss	    dec	    hex	filename
   8384	      0	    480	   8864	   22a0	periph_clkout.axf
 

22:59:13 Build Finished (took 1s.963ms)

