22:59:59 **** Build of configuration Debug for project periph_pll_tab ****
make -r all 
Building file: ../example/src/cr_startup_lpc82x.c
Invoking: MCU C Compiler
arm-none-eabi-gcc -DDEBUG -D__CODE_RED -D__USE_LPCOPEN -D__MTB_BUFFER_SIZE=128 -D__REDLIB__ -DCORE_M0PLUS -I"C:\Users\Joey\Documents\LPCXpresso_8.2.2_650\MATE_Workspace\lpc_chip_82x\inc" -I"C:\Users\Joey\Documents\LPCXpresso_8.2.2_650\MATE_Workspace\lpc_board_nxp_lpcxpresso_824\inc" -O0 -g3 -Wall -c -fmessage-length=0 -fno-builtin -ffunction-sections -fdata-sections -mcpu=cortex-m0 -mthumb -specs=redlib.specs -MMD -MP -MF"example/src/cr_startup_lpc82x.d" -MT"example/src/cr_startup_lpc82x.o" -MT"example/src/cr_startup_lpc82x.d" -o "example/src/cr_startup_lpc82x.o" "../example/src/cr_startup_lpc82x.c"
Finished building: ../example/src/cr_startup_lpc82x.c
 
Building file: ../example/src/crp.c
Invoking: MCU C Compiler
arm-none-eabi-gcc -DDEBUG -D__CODE_RED -D__USE_LPCOPEN -D__MTB_BUFFER_SIZE=128 -D__REDLIB__ -DCORE_M0PLUS -I"C:\Users\Joey\Documents\LPCXpresso_8.2.2_650\MATE_Workspace\lpc_chip_82x\inc" -I"C:\Users\Joey\Documents\LPCXpresso_8.2.2_650\MATE_Workspace\lpc_board_nxp_lpcxpresso_824\inc" -O0 -g3 -Wall -c -fmessage-length=0 -fno-builtin -ffunction-sections -fdata-sections -mcpu=cortex-m0 -mthumb -specs=redlib.specs -MMD -MP -MF"example/src/crp.d" -MT"example/src/crp.o" -MT"example/src/crp.d" -o "example/src/crp.o" "../example/src/crp.c"
Finished building: ../example/src/crp.c
 
Building file: ../example/src/mtb.c
Invoking: MCU C Compiler
arm-none-eabi-gcc -DDEBUG -D__CODE_RED -D__USE_LPCOPEN -D__MTB_BUFFER_SIZE=128 -D__REDLIB__ -DCORE_M0PLUS -I"C:\Users\Joey\Documents\LPCXpresso_8.2.2_650\MATE_Workspace\lpc_chip_82x\inc" -I"C:\Users\Joey\Documents\LPCXpresso_8.2.2_650\MATE_Workspace\lpc_board_nxp_lpcxpresso_824\inc" -O0 -g3 -Wall -c -fmessage-length=0 -fno-builtin -ffunction-sections -fdata-sections -mcpu=cortex-m0 -mthumb -specs=redlib.specs -MMD -MP -MF"example/src/mtb.d" -MT"example/src/mtb.o" -MT"example/src/mtb.d" -o "example/src/mtb.o" "../example/src/mtb.c"
Finished building: ../example/src/mtb.c
 
Building file: ../example/src/periph_pll_tab.c
Invoking: MCU C Compiler
arm-none-eabi-gcc -DDEBUG -D__CODE_RED -D__USE_LPCOPEN -D__MTB_BUFFER_SIZE=128 -D__REDLIB__ -DCORE_M0PLUS -I"C:\Users\Joey\Documents\LPCXpresso_8.2.2_650\MATE_Workspace\lpc_chip_82x\inc" -I"C:\Users\Joey\Documents\LPCXpresso_8.2.2_650\MATE_Workspace\lpc_board_nxp_lpcxpresso_824\inc" -O0 -g3 -Wall -c -fmessage-length=0 -fno-builtin -ffunction-sections -fdata-sections -mcpu=cortex-m0 -mthumb -specs=redlib.specs -MMD -MP -MF"example/src/periph_pll_tab.d" -MT"example/src/periph_pll_tab.o" -MT"example/src/periph_pll_tab.d" -o "example/src/periph_pll_tab.o" "../example/src/periph_pll_tab.c"
Finished building: ../example/src/periph_pll_tab.c
 
Building file: ../example/src/sysinit.c
Invoking: MCU C Compiler
arm-none-eabi-gcc -DDEBUG -D__CODE_RED -D__USE_LPCOPEN -D__MTB_BUFFER_SIZE=128 -D__REDLIB__ -DCORE_M0PLUS -I"C:\Users\Joey\Documents\LPCXpresso_8.2.2_650\MATE_Workspace\lpc_chip_82x\inc" -I"C:\Users\Joey\Documents\LPCXpresso_8.2.2_650\MATE_Workspace\lpc_board_nxp_lpcxpresso_824\inc" -O0 -g3 -Wall -c -fmessage-length=0 -fno-builtin -ffunction-sections -fdata-sections -mcpu=cortex-m0 -mthumb -specs=redlib.specs -MMD -MP -MF"example/src/sysinit.d" -MT"example/src/sysinit.o" -MT"example/src/sysinit.d" -o "example/src/sysinit.o" "../example/src/sysinit.c"
Finished building: ../example/src/sysinit.c
 
Building target: periph_pll_tab.axf
Invoking: MCU Linker
arm-none-eabi-gcc -nostdlib -L"C:\Users\Joey\Documents\LPCXpresso_8.2.2_650\MATE_Workspace\lpc_chip_82x\Debug" -L"C:\Users\Joey\Documents\LPCXpresso_8.2.2_650\MATE_Workspace\lpc_board_nxp_lpcxpresso_824\Debug" -Xlinker -Map="periph_pll_tab.map" -Xlinker --gc-sections -mcpu=cortex-m0 -mthumb -T "periph_pll_tab_Debug.ld" -o "periph_pll_tab.axf"  ./example/src/cr_startup_lpc82x.o ./example/src/crp.o ./example/src/mtb.o ./example/src/periph_pll_tab.o ./example/src/sysinit.o   -llpc_board_nxp_lpcxpresso_824 -llpc_chip_82x
Finished building target: periph_pll_tab.axf
 
make --no-print-directory post-build
Performing post-build steps
arm-none-eabi-size "periph_pll_tab.axf"; # arm-none-eabi-objcopy -v -O binary "periph_pll_tab.axf" "periph_pll_tab.bin" ; # checksum -p LPC824 -d "periph_pll_tab.bin";
   text	   data	    bss	    dec	    hex	filename
   9964	      0	    516	  10480	   28f0	periph_pll_tab.axf
 

23:00:01 Build Finished (took 2s.62ms)

