22:59:50 **** Build of configuration Debug for project periph_i2cs_interrupt ****
make -r all 
Building file: ../example/src/cr_startup_lpc82x.c
Invoking: MCU C Compiler
arm-none-eabi-gcc -DDEBUG -D__CODE_RED -D__USE_LPCOPEN -D__MTB_BUFFER_SIZE=128 -D__REDLIB__ -DCORE_M0PLUS -I"C:\Users\Joey\Documents\LPCXpresso_8.2.2_650\MATE_Workspace\lpc_chip_82x\inc" -I"C:\Users\Joey\Documents\LPCXpresso_8.2.2_650\MATE_Workspace\lpc_board_nxp_lpcxpresso_824\inc" -O0 -g3 -Wall -c -fmessage-length=0 -fno-builtin -ffunction-sections -fdata-sections -mcpu=cortex-m0 -mthumb -specs=redlib.specs -MMD -MP -MF"example/src/cr_startup_lpc82x.d" -MT"example/src/cr_startup_lpc82x.o" -MT"example/src/cr_startup_lpc82x.d" -o "example/src/cr_startup_lpc82x.o" "../example/src/cr_startup_lpc82x.c"
Finished building: ../example/src/cr_startup_lpc82x.c
 
Building file: ../example/src/crp.c
Invoking: MCU C Compiler
arm-none-eabi-gcc -DDEBUG -D__CODE_RED -D__USE_LPCOPEN -D__MTB_BUFFER_SIZE=128 -D__REDLIB__ -DCORE_M0PLUS -I"C:\Users\Joey\Documents\LPCXpresso_8.2.2_650\MATE_Workspace\lpc_chip_82x\inc" -I"C:\Users\Joey\Documents\LPCXpresso_8.2.2_650\MATE_Workspace\lpc_board_nxp_lpcxpresso_824\inc" -O0 -g3 -Wall -c -fmessage-length=0 -fno-builtin -ffunction-sections -fdata-sections -mcpu=cortex-m0 -mthumb -specs=redlib.specs -MMD -MP -MF"example/src/crp.d" -MT"example/src/crp.o" -MT"example/src/crp.d" -o "example/src/crp.o" "../example/src/crp.c"
Finished building: ../example/src/crp.c
 
Building file: ../example/src/mtb.c
Invoking: MCU C Compiler
arm-none-eabi-gcc -DDEBUG -D__CODE_RED -D__USE_LPCOPEN -D__MTB_BUFFER_SIZE=128 -D__REDLIB__ -DCORE_M0PLUS -I"C:\Users\Joey\Documents\LPCXpresso_8.2.2_650\MATE_Workspace\lpc_chip_82x\inc" -I"C:\Users\Joey\Documents\LPCXpresso_8.2.2_650\MATE_Workspace\lpc_board_nxp_lpcxpresso_824\inc" -O0 -g3 -Wall -c -fmessage-length=0 -fno-builtin -ffunction-sections -fdata-sections -mcpu=cortex-m0 -mthumb -specs=redlib.specs -MMD -MP -MF"example/src/mtb.d" -MT"example/src/mtb.o" -MT"example/src/mtb.d" -o "example/src/mtb.o" "../example/src/mtb.c"
Finished building: ../example/src/mtb.c
 
Building file: ../example/src/periph_i2cs_interrupt.c
Invoking: MCU C Compiler
arm-none-eabi-gcc -DDEBUG -D__CODE_RED -D__USE_LPCOPEN -D__MTB_BUFFER_SIZE=128 -D__REDLIB__ -DCORE_M0PLUS -I"C:\Users\Joey\Documents\LPCXpresso_8.2.2_650\MATE_Workspace\lpc_chip_82x\inc" -I"C:\Users\Joey\Documents\LPCXpresso_8.2.2_650\MATE_Workspace\lpc_board_nxp_lpcxpresso_824\inc" -O0 -g3 -Wall -c -fmessage-length=0 -fno-builtin -ffunction-sections -fdata-sections -mcpu=cortex-m0 -mthumb -specs=redlib.specs -MMD -MP -MF"example/src/periph_i2cs_interrupt.d" -MT"example/src/periph_i2cs_interrupt.o" -MT"example/src/periph_i2cs_interrupt.d" -o "example/src/periph_i2cs_interrupt.o" "../example/src/periph_i2cs_interrupt.c"
Finished building: ../example/src/periph_i2cs_interrupt.c
 
Building file: ../example/src/sysinit.c
Invoking: MCU C Compiler
arm-none-eabi-gcc -DDEBUG -D__CODE_RED -D__USE_LPCOPEN -D__MTB_BUFFER_SIZE=128 -D__REDLIB__ -DCORE_M0PLUS -I"C:\Users\Joey\Documents\LPCXpresso_8.2.2_650\MATE_Workspace\lpc_chip_82x\inc" -I"C:\Users\Joey\Documents\LPCXpresso_8.2.2_650\MATE_Workspace\lpc_board_nxp_lpcxpresso_824\inc" -O0 -g3 -Wall -c -fmessage-length=0 -fno-builtin -ffunction-sections -fdata-sections -mcpu=cortex-m0 -mthumb -specs=redlib.specs -MMD -MP -MF"example/src/sysinit.d" -MT"example/src/sysinit.o" -MT"example/src/sysinit.d" -o "example/src/sysinit.o" "../example/src/sysinit.c"
Finished building: ../example/src/sysinit.c
 
Building target: periph_i2cs_interrupt.axf
Invoking: MCU Linker
arm-none-eabi-gcc -nostdlib -L"C:\Users\Joey\Documents\LPCXpresso_8.2.2_650\MATE_Workspace\lpc_chip_82x\Debug" -L"C:\Users\Joey\Documents\LPCXpresso_8.2.2_650\MATE_Workspace\lpc_board_nxp_lpcxpresso_824\Debug" -Xlinker -Map="periph_i2cs_interrupt.map" -Xlinker --gc-sections -mcpu=cortex-m0 -mthumb -T "periph_i2cs_interrupt_Debug.ld" -o "periph_i2cs_interrupt.axf"  ./example/src/cr_startup_lpc82x.o ./example/src/crp.o ./example/src/mtb.o ./example/src/periph_i2cs_interrupt.o ./example/src/sysinit.o   -llpc_board_nxp_lpcxpresso_824 -llpc_chip_82x
Finished building target: periph_i2cs_interrupt.axf
 
make --no-print-directory post-build
Performing post-build steps
arm-none-eabi-size "periph_i2cs_interrupt.axf"; # arm-none-eabi-objcopy -v -O binary "periph_i2cs_interrupt.axf" "periph_i2cs_interrupt.bin" ; # checksum -p LPC824 -d "periph_i2cs_interrupt.bin";
   text	   data	    bss	    dec	    hex	filename
  12256	      0	   2552	  14808	   39d8	periph_i2cs_interrupt.axf
 

22:59:52 Build Finished (took 2s.15ms)

