23:00:13 **** Build of configuration Debug for project periph_spi_sm_int ****
make -r all 
Building file: ../example/src/cr_startup_lpc82x.c
Invoking: MCU C Compiler
arm-none-eabi-gcc -DDEBUG -D__CODE_RED -D__USE_LPCOPEN -D__MTB_BUFFER_SIZE=128 -D__REDLIB__ -DCORE_M0PLUS -I"C:\Users\Joey\Documents\LPCXpresso_8.2.2_650\MATE_Workspace\lpc_chip_82x\inc" -I"C:\Users\Joey\Documents\LPCXpresso_8.2.2_650\MATE_Workspace\lpc_board_nxp_lpcxpresso_824\inc" -O0 -g3 -Wall -c -fmessage-length=0 -fno-builtin -ffunction-sections -fdata-sections -mcpu=cortex-m0 -mthumb -specs=redlib.specs -MMD -MP -MF"example/src/cr_startup_lpc82x.d" -MT"example/src/cr_startup_lpc82x.o" -MT"example/src/cr_startup_lpc82x.d" -o "example/src/cr_startup_lpc82x.o" "../example/src/cr_startup_lpc82x.c"
Finished building: ../example/src/cr_startup_lpc82x.c
 
Building file: ../example/src/crp.c
Invoking: MCU C Compiler
arm-none-eabi-gcc -DDEBUG -D__CODE_RED -D__USE_LPCOPEN -D__MTB_BUFFER_SIZE=128 -D__REDLIB__ -DCORE_M0PLUS -I"C:\Users\Joey\Documents\LPCXpresso_8.2.2_650\MATE_Workspace\lpc_chip_82x\inc" -I"C:\Users\Joey\Documents\LPCXpresso_8.2.2_650\MATE_Workspace\lpc_board_nxp_lpcxpresso_824\inc" -O0 -g3 -Wall -c -fmessage-length=0 -fno-builtin -ffunction-sections -fdata-sections -mcpu=cortex-m0 -mthumb -specs=redlib.specs -MMD -MP -MF"example/src/crp.d" -MT"example/src/crp.o" -MT"example/src/crp.d" -o "example/src/crp.o" "../example/src/crp.c"
Finished building: ../example/src/crp.c
 
Building file: ../example/src/mtb.c
Invoking: MCU C Compiler
arm-none-eabi-gcc -DDEBUG -D__CODE_RED -D__USE_LPCOPEN -D__MTB_BUFFER_SIZE=128 -D__REDLIB__ -DCORE_M0PLUS -I"C:\Users\Joey\Documents\LPCXpresso_8.2.2_650\MATE_Workspace\lpc_chip_82x\inc" -I"C:\Users\Joey\Documents\LPCXpresso_8.2.2_650\MATE_Workspace\lpc_board_nxp_lpcxpresso_824\inc" -O0 -g3 -Wall -c -fmessage-length=0 -fno-builtin -ffunction-sections -fdata-sections -mcpu=cortex-m0 -mthumb -specs=redlib.specs -MMD -MP -MF"example/src/mtb.d" -MT"example/src/mtb.o" -MT"example/src/mtb.d" -o "example/src/mtb.o" "../example/src/mtb.c"
Finished building: ../example/src/mtb.c
 
Building file: ../example/src/spi_sm_int.c
Invoking: MCU C Compiler
arm-none-eabi-gcc -DDEBUG -D__CODE_RED -D__USE_LPCOPEN -D__MTB_BUFFER_SIZE=128 -D__REDLIB__ -DCORE_M0PLUS -I"C:\Users\Joey\Documents\LPCXpresso_8.2.2_650\MATE_Workspace\lpc_chip_82x\inc" -I"C:\Users\Joey\Documents\LPCXpresso_8.2.2_650\MATE_Workspace\lpc_board_nxp_lpcxpresso_824\inc" -O0 -g3 -Wall -c -fmessage-length=0 -fno-builtin -ffunction-sections -fdata-sections -mcpu=cortex-m0 -mthumb -specs=redlib.specs -MMD -MP -MF"example/src/spi_sm_int.d" -MT"example/src/spi_sm_int.o" -MT"example/src/spi_sm_int.d" -o "example/src/spi_sm_int.o" "../example/src/spi_sm_int.c"
Finished building: ../example/src/spi_sm_int.c
 
Building file: ../example/src/sysinit.c
Invoking: MCU C Compiler
arm-none-eabi-gcc -DDEBUG -D__CODE_RED -D__USE_LPCOPEN -D__MTB_BUFFER_SIZE=128 -D__REDLIB__ -DCORE_M0PLUS -I"C:\Users\Joey\Documents\LPCXpresso_8.2.2_650\MATE_Workspace\lpc_chip_82x\inc" -I"C:\Users\Joey\Documents\LPCXpresso_8.2.2_650\MATE_Workspace\lpc_board_nxp_lpcxpresso_824\inc" -O0 -g3 -Wall -c -fmessage-length=0 -fno-builtin -ffunction-sections -fdata-sections -mcpu=cortex-m0 -mthumb -specs=redlib.specs -MMD -MP -MF"example/src/sysinit.d" -MT"example/src/sysinit.o" -MT"example/src/sysinit.d" -o "example/src/sysinit.o" "../example/src/sysinit.c"
Finished building: ../example/src/sysinit.c
 
Building target: periph_spi_sm_int.axf
Invoking: MCU Linker
arm-none-eabi-gcc -nostdlib -L"C:\Users\Joey\Documents\LPCXpresso_8.2.2_650\MATE_Workspace\lpc_chip_82x\Debug" -L"C:\Users\Joey\Documents\LPCXpresso_8.2.2_650\MATE_Workspace\lpc_board_nxp_lpcxpresso_824\Debug" -Xlinker -Map="periph_spi_sm_int.map" -Xlinker --gc-sections -mcpu=cortex-m0 -mthumb -T "periph_spi_sm_int_Debug.ld" -o "periph_spi_sm_int.axf"  ./example/src/cr_startup_lpc82x.o ./example/src/crp.o ./example/src/mtb.o ./example/src/spi_sm_int.o ./example/src/sysinit.o   -llpc_board_nxp_lpcxpresso_824 -llpc_chip_82x
Finished building target: periph_spi_sm_int.axf
 
make --no-print-directory post-build
Performing post-build steps
arm-none-eabi-size "periph_spi_sm_int.axf"; # arm-none-eabi-objcopy -v -O binary "periph_spi_sm_int.axf" "periph_spi_sm_int.bin" ; # checksum -p LPC824 -d "periph_spi_sm_int.bin";
   text	   data	    bss	    dec	    hex	filename
  12212	      0	    676	  12888	   3258	periph_spi_sm_int.axf
 

23:00:15 Build Finished (took 1s.985ms)

